2023-12-18 10:34:00.520 1939-14840/? W/PackageConfigPersister: App-specific configuration not found for packageName: com.doodlemobilesh.archerykiller and userId: 0
2023-12-18 10:34:00.520 1939-14840/? W/PackageConfigPersister: App-specific configuration not found for packageName: com.doodle.turboracing3d and userId: 0
2023-12-18 10:34:00.520 1939-14840/? W/PackageConfigPersister: App-specific configuration not found for packageName: puzzle.game.find.differences and userId: 0
2023-12-18 10:34:00.520 1939-14840/? W/PackageConfigPersister: App-specific configuration not found for packageName: com.google.android.apps.magazines and userId: 0
2023-12-18 10:34:00.520 1939-14840/? W/PackageConfigPersister: App-specific configuration not found for packageName: com.wordmobiles.horse and userId: 0
2023-12-18 10:34:00.520 1939-14840/? W/PackageConfigPersister: App-specific configuration not found for packageName: com.google.android.apps.gcs and userId: 0
2023-12-18 10:34:00.520 1939-14840/? W/PackageConfigPersister: App-specific configuration not found for packageName: com.android.bluetooth and userId: 0
2023-12-18 10:34:00.520 1939-14840/? W/PackageConfigPersister: App-specific configuration not found for packageName: com.qualcomm.timeservice and userId: 0
2023-12-18 10:34:00.520 1939-14840/? W/PackageConfigPersister: App-specific configuration not found for packageName: com.qualcomm.atfwd and userId: 0
2023-12-18 10:34:00.520 1939-14840/? W/PackageConfigPersister: App-specific configuration not found for packageName: com.gsr.npuzzle and userId: 0
2023-12-18 10:34:00.520 1939-14840/? W/PackageConfigPersister: App-specific configuration not found for packageName: com.android.providers.contacts and userId: 0
2023-12-18 10:34:00.520 1939-14840/? W/PackageConfigPersister: App-specific configuration not found for packageName: com.xs.armysniper and userId: 0
2023-12-18 10:34:00.521 1939-14840/? W/PackageConfigPersister: App-specific configuration not found for packageName: com.flyingcat.finddiff and userId: 0
2023-12-18 10:34:00.521 1939-14840/? W/PackageConfigPersister: App-specific configuration not found for packageName: com.google.android.GoogleCamera and userId: 0
2023-12-18 10:34:00.521 1939-14840/? W/PackageConfigPersister: App-specific configuration not found for packageName: com.android.internal.systemui.navbar.gestural_narrow_back and userId: 0
2023-12-18 10:34:00.521 1939-14840/? W/PackageConfigPersister: App-specific configuration not found for packageName: com.chris.hyperrace and userId: 0
2023-12-18 10:34:00.521 1939-14840/? W/PackageConfigPersister: App-specific configuration not found for packageName: com.google.android.inputmethod.latin and userId: 0
2023-12-18 10:34:00.521 1939-14840/? W/PackageConfigPersister: App-specific configuration not found for packageName: com.czar.imposter and userId: 0
2023-12-18 10:34:00.521 1939-14840/? W/PackageConfigPersister: App-specific configuration not found for packageName: com.wordsmobile.specialagent and userId: 0
2023-12-18 10:34:00.521 1939-14840/? W/PackageConfigPersister: App-specific configuration not found for packageName: jigsaw.puzzle.game.banana and userId: 0
2023-12-18 10:34:00.521 1939-14840/? W/PackageConfigPersister: App-specific configuration not found for packageName: air.com.playtika.slotomania and userId: 0
2023-12-18 10:34:00.521 1939-14840/? W/PackageConfigPersister: App-specific configuration not found for packageName: com.google.android.storagemanager and userId: 0
2023-12-18 10:34:00.521 1939-14840/? W/PackageConfigPersister: App-specific configuration not found for packageName: android.auto_generated_rro_vendor__ and userId: 0
2023-12-18 10:34:00.521 1939-14840/? W/PackageConfigPersister: App-specific configuration not found for packageName: com.google.android.apps.restore and userId: 0
2023-12-18 10:34:00.522 1939-14840/? D/BackupHelperDispatcher: handling new helper 'notifications'
2023-12-18 10:34:00.583 1939-14840/? D/BackupHelperDispatcher: handling new helper 'people'
2023-12-18 10:34:00.584 1939-14840/? D/BackupHelperDispatcher: handling new helper 'permissions'
2023-12-18 10:34:01.146 1357-1468/? D/VSC: @ 2040266.511: [WO] Proposed rotation: 0, flat angle threshold: 65
2023-12-18 10:34:01.146 1357-1468/? D/VSC: @ 2040266.511: [WO] orientation angle 0, orientation 0
2023-12-18 10:34:01.146 1357-1468/? D/VSC: @ 2040266.511: [WO] Gyro angle integrated: 438.256042
2023-12-18 10:34:01.146 1357-1468/? D/VSC: @ 2040266.511: [WO] Gyro angle integrated: 438.256042
2023-12-18 10:34:01.146 1357-1468/? D/VSC: @ 2040266.511: [WO] Rejected by settle_time and gyro finds no rotation 0
2023-12-18 10:34:01.355 701-15818/? I/keystore2: keystore2::watchdog: Watchdog thread idle -> terminating. Have a great day.
2023-12-18 10:34:01.685 1939-2143/? I/DisplayPowerController[0]: BrightnessEvent: disp=0, brt=0.2800358, rcmdBrt=0.2800358, preBrt=NaN, lux=48.474483, preLux=30.160612, hbmMax=1.0, hbmMode=off, thrmMax=1.0, flags=, reason=automatic
2023-12-18 10:34:01.685 1939-2143/? D/DisplayWhiteBalanceController: Display cct: 6497.6 Latest ambient cct: 6451.517 Latest ambient lux: 36.07009 Latest low light bias: 0.6517523 Latest high light bias: 0.0
2023-12-18 10:34:01.685 1939-2143/? D/ColorDisplayService: setDisplayWhiteBalanceTemperatureMatrix: cct = 6497 matrix =
           0.978359-0.000625-0.000050 0.000000 0.021226 0.948136 0.000041 0.000000 0.000415-0.000312 0.964735 0.000000 0.000000 0.000000 0.000000 1.000000
2023-12-18 10:34:02.334 1939-2607/? D/ConnectivityService: NetReassign [no changes] [c 0] [a 0] [i 1]
2023-12-18 10:34:02.928 1939-14840/? D/BackupHelperDispatcher: handling new helper 'preferred_activities'
2023-12-18 10:34:02.942 1939-14840/? D/BackupHelperDispatcher: handling new helper 'shortcut_manager'
2023-12-18 10:34:02.945 1939-14840/? E/system_server: No package ID 7f found for ID 0x7f080603.
2023-12-18 10:34:02.945 1939-14840/? E/system_server: No package ID 7f found for ID 0x7f140af9.
2023-12-18 10:34:02.945 1939-14840/? E/system_server: No package ID 7f found for ID 0x7f080601.
2023-12-18 10:34:02.945 1939-14840/? E/system_server: No package ID 7f found for ID 0x7f140abc.
2023-12-18 10:34:02.945 1939-14840/? E/system_server: No package ID 7f found for ID 0x7f080605.
2023-12-18 10:34:02.945 1939-14840/? E/system_server: No package ID 7f found for ID 0x7f140bee.
2023-12-18 10:34:02.945 1939-14840/? E/system_server: No package ID 7f found for ID 0x7f0805ff.
2023-12-18 10:34:02.945 1939-14840/? E/system_server: No package ID 7f found for ID 0x7f1403fd.
2023-12-18 10:34:02.959 1939-14840/? E/system_server: No package ID 7f found for ID 0x7f080308.
2023-12-18 10:34:02.959 1939-14840/? E/system_server: No package ID 7f found for ID 0x7f14111f.
2023-12-18 10:34:02.959 1939-14840/? E/system_server: No package ID 7f found for ID 0x7f14111e.
2023-12-18 10:34:02.959 1939-14840/? E/system_server: No package ID 7f found for ID 0x7f08030a.
2023-12-18 10:34:02.959 1939-14840/? E/system_server: No package ID 7f found for ID 0x7f141123.
2023-12-18 10:34:02.959 1939-14840/? E/system_server: No package ID 7f found for ID 0x7f141122.
2023-12-18 10:34:02.959 1939-14840/? E/system_server: No package ID 7f found for ID 0x7f080309.
2023-12-18 10:34:02.959 1939-14840/? E/system_server: No package ID 7f found for ID 0x7f141121.
2023-12-18 10:34:02.959 1939-14840/? E/system_server: No package ID 7f found for ID 0x7f141120.
2023-12-18 10:34:02.975 1939-14840/? E/system_server: No package ID 7f found for ID 0x7f080208.
2023-12-18 10:34:02.975 1939-14840/? E/system_server: No package ID 7f found for ID 0x7f150934.
2023-12-18 10:34:02.975 1939-14840/? E/system_server: No package ID 7f found for ID 0x7f150934.
2023-12-18 10:34:02.975 1939-14840/? E/system_server: No package ID 7f found for ID 0x7f150933.
2023-12-18 10:34:02.986 1939-14840/? E/system_server: No package ID 7f found for ID 0x7f080086.
2023-12-18 10:34:02.986 1939-14840/? E/system_server: No package ID 7f found for ID 0x7f11001f.
2023-12-18 10:34:02.986 1939-14840/? E/system_server: No package ID 7f found for ID 0x7f11001f.
2023-12-18 10:34:02.986 1939-14840/? E/system_server: No package ID 7f found for ID 0x7f11001f.
2023-12-18 10:34:02.986 1939-14840/? E/system_server: No package ID 7f found for ID 0x7f080084.
2023-12-18 10:34:02.986 1939-14840/? E/system_server: No package ID 7f found for ID 0x7f11007a.
2023-12-18 10:34:02.986 1939-14840/? E/system_server: No package ID 7f found for ID 0x7f11007a.
2023-12-18 10:34:02.986 1939-14840/? E/system_server: No package ID 7f found for ID 0x7f11007a.
2023-12-18 10:34:02.986 1939-14840/? E/system_server: No package ID 7f found for ID 0x7f080085.
2023-12-18 10:34:02.986 1939-14840/? E/system_server: No package ID 7f found for ID 0x7f110112.
2023-12-18 10:34:02.986 1939-14840/? E/system_server: No package ID 7f found for ID 0x7f110112.
2023-12-18 10:34:02.986 1939-14840/? E/system_server: No package ID 7f found for ID 0x7f110112.
2023-12-18 10:34:02.992 1939-14840/? E/system_server: No package ID 7f found for ID 0x7f0803c4.
2023-12-18 10:34:02.992 1939-14840/? E/system_server: No package ID 7f found for ID 0x7f140829.
2023-12-18 10:34:03.008 1939-14840/? E/system_server: No package ID 7f found for ID 0x7f08055b.
2023-12-18 10:34:03.009 1939-14840/? E/system_server: No package ID 7f found for ID 0x7f1503ce.
2023-12-18 10:34:03.022 1939-14840/? E/system_server: No package ID 7f found for ID 0x7f080149.
2023-12-18 10:34:03.022 1939-14840/? E/system_server: No package ID 7f found for ID 0x7f150344.
2023-12-18 10:34:03.022 1939-14840/? E/system_server: No package ID 7f found for ID 0x7f150343.
2023-12-18 10:34:03.024 1939-14840/? E/system_server: No package ID 7f found for ID 0x7f08027f.
2023-12-18 10:34:03.024 1939-14840/? E/system_server: No package ID 7f found for ID 0x7f130556.
2023-12-18 10:34:03.024 1939-14840/? E/system_server: No package ID 7f found for ID 0x7f130556.
2023-12-18 10:34:03.024 1939-14840/? E/system_server: No package ID 7f found for ID 0x7f08027b.
2023-12-18 10:34:03.024 1939-14840/? E/system_server: No package ID 7f found for ID 0x7f130554.
2023-12-18 10:34:03.024 1939-14840/? E/system_server: No package ID 7f found for ID 0x7f130554.
2023-12-18 10:34:03.024 1939-14840/? E/system_server: No package ID 7f found for ID 0x7f08027d.
2023-12-18 10:34:03.024 1939-14840/? E/system_server: No package ID 7f found for ID 0x7f130555.
2023-12-18 10:34:03.024 1939-14840/? E/system_server: No package ID 7f found for ID 0x7f130555.
2023-12-18 10:34:03.024 1939-14840/? W/ShortcutService: Invalid tag 'capability' found at depth 2
2023-12-18 10:34:03.024 1939-14840/? E/ShortcutService: Ignoring excessive intent tag.
2023-12-18 10:34:03.024 1939-14840/? W/ShortcutService: Invalid tag 'parameter' found at depth 4
2023-12-18 10:34:03.024 1939-14840/? W/ShortcutService: Invalid tag 'capability' found at depth 2
2023-12-18 10:34:03.024 1939-14840/? W/ShortcutService: Invalid tag 'slice' found at depth 3
2023-12-18 10:34:03.024 1939-14840/? W/ShortcutService: Invalid tag 'url-template' found at depth 4
2023-12-18 10:34:03.029 1939-14840/? E/system_server: No package ID 7f found for ID 0x7f0804c7.
2023-12-18 10:34:03.029 1939-14840/? E/system_server: No package ID 7f found for ID 0x7f140b14.
2023-12-18 10:34:03.029 1939-14840/? E/system_server: No package ID 7f found for ID 0x7f080557.
2023-12-18 10:34:03.029 1939-14840/? E/system_server: No package ID 7f found for ID 0x7f141f7f.
2023-12-18 10:34:03.042 1939-14840/? E/system_server: No package ID 7f found for ID 0x7f0800ee.
2023-12-18 10:34:03.042 1939-14840/? E/system_server: No package ID 7f found for ID 0x7f150485.
2023-12-18 10:34:03.045 1939-14840/? E/system_server: No package ID 7f found for ID 0x7f09047e.
2023-12-18 10:34:03.045 1939-14840/? E/system_server: No package ID 7f found for ID 0x7f140642.
2023-12-18 10:34:03.045 1939-14840/? E/system_server: No package ID 7f found for ID 0x7f09047d.
2023-12-18 10:34:03.045 1939-14840/? E/system_server: No package ID 7f found for ID 0x7f140178.
2023-12-18 10:34:03.045 1939-14840/? E/system_server: No package ID 7f found for ID 0x7f140641.
2023-12-18 10:34:03.045 1939-14840/? E/system_server: No package ID 7f found for ID 0x7f140417.
2023-12-18 10:34:03.045 1939-14840/? E/ShortcutService: Ignoring excessive intent tag.
2023-12-18 10:34:03.049 1939-14840/? E/system_server: No package ID 7f found for ID 0x7f0802a2.
2023-12-18 10:34:03.049 1939-14840/? E/system_server: No package ID 7f found for ID 0x7f14052b.
2023-12-18 10:34:03.049 1939-14840/? E/system_server: No package ID 7f found for ID 0x7f140527.
2023-12-18 10:34:03.049 1939-14840/? E/system_server: No package ID 7f found for ID 0x7f0802a5.
2023-12-18 10:34:03.049 1939-14840/? E/system_server: No package ID 7f found for ID 0x7f14052c.
2023-12-18 10:34:03.049 1939-14840/? E/system_server: No package ID 7f found for ID 0x7f140528.
2023-12-18 10:34:03.049 1939-14840/? E/system_server: No package ID 7f found for ID 0x7f0802a9.
2023-12-18 10:34:03.049 1939-14840/? E/system_server: No package ID 7f found for ID 0x7f14052e.
2023-12-18 10:34:03.049 1939-14840/? E/system_server: No package ID 7f found for ID 0x7f14052a.
2023-12-18 10:34:03.054 1939-14840/? E/system_server: No package ID 7f found for ID 0x7f08020e.
2023-12-18 10:34:03.054 1939-14840/? E/system_server: No package ID 7f found for ID 0x7f1403eb.
2023-12-18 10:34:03.054 1939-14840/? E/system_server: No package ID 7f found for ID 0x7f1403ec.
2023-12-18 10:34:03.054 1939-14840/? E/system_server: No package ID 7f found for ID 0x7f08020f.
2023-12-18 10:34:03.054 1939-14840/? E/system_server: No package ID 7f found for ID 0x7f1403ed.
2023-12-18 10:34:03.054 1939-14840/? E/system_server: No package ID 7f found for ID 0x7f1403ee.
2023-12-18 10:34:03.062 1939-14840/? E/system_server: No package ID 7f found for ID 0x7f070091.
2023-12-18 10:34:03.062 1939-14840/? E/system_server: No package ID 7f found for ID 0x7f10006f.
2023-12-18 10:34:03.065 1939-14840/? E/system_server: No package ID 7f found for ID 0x7f020386.
2023-12-18 10:34:03.065 1939-14840/? E/system_server: No package ID 7f found for ID 0x7f041806.
2023-12-18 10:34:03.065 1939-14840/? E/system_server: No package ID 7f found for ID 0x7f020385.
2023-12-18 10:34:03.065 1939-14840/? E/system_server: No package ID 7f found for ID 0x7f0407b1.
2023-12-18 10:34:03.065 1939-14840/? E/system_server: No package ID 7f found for ID 0x7f020384.
2023-12-18 10:34:03.065 1939-14840/? E/system_server: No package ID 7f found for ID 0x7f040fed.
2023-12-18 10:34:03.073 1939-14840/? E/system_server: No package ID 7f found for ID 0x7f080553.
2023-12-18 10:34:03.073 1939-14840/? E/system_server: No package ID 7f found for ID 0x7f140448.
2023-12-18 10:34:03.073 1939-14840/? E/system_server: No package ID 7f found for ID 0x7f140447.
2023-12-18 10:34:03.073 1939-14840/? E/system_server: No package ID 7f found for ID 0x7f080568.
2023-12-18 10:34:03.073 1939-14840/? E/system_server: No package ID 7f found for ID 0x7f14044a.
2023-12-18 10:34:03.073 1939-14840/? E/system_server: No package ID 7f found for ID 0x7f140449.
2023-12-18 10:34:03.099 1939-14840/? D/BackupHelperDispatcher: handling new helper 'slices'
2023-12-18 10:34:03.116 1939-14840/? D/BackupHelperDispatcher: handling new helper 'usage_stats'
2023-12-18 10:34:03.116 1939-14840/? I/UsageStatsService: User[0] Flushing usage stats to disk
2023-12-18 10:34:03.141 1357-1468/? D/VSC: @ 2040268.503: [WO] Proposed rotation: 0, flat angle threshold: 65
2023-12-18 10:34:03.141 1357-1468/? D/VSC: @ 2040268.503: [WO] orientation angle 30, orientation 0
2023-12-18 10:34:03.141 1357-1468/? D/VSC: @ 2040268.503: [WO] Gyro angle integrated: 735.074218
2023-12-18 10:34:03.152 1939-14840/? D/IntervalStats: Unable to parse usage stats packages: [1698, 1811, 2199, 2257, 2453, 2465, 2594, 2611, 2628, 2647, 2674, 2720, 2793, 2806, 2847, 2860, 2877, 2896, 2911, 2931, 2959, 2963, 2964, 2969, 2970, 2972, 2974, 2976, 2981, 2983, 2984, 2992, 2995, 2996, 2998, 3000, 3001, 3002, 3004, 3007, 3009, 3012, 3014, 3016, 3017, 3018, 3027, 3028, 3029, 3033, 3036, 3038, 3039, 3042, 3043, 3044, 3045, 3046, 3047, 3048, 3049, 3052, 3053, 3054, 3055, 3056, 3059, 3061, 3062, 3064, 3067, 3070, 3071, 3072, 3073, 3075, 3079, 3080, 3082, 3083, 3084, 3085, 3088, 3091, 3093, 3095, 3099, 3100, 3101, 3102, 3103, 3104, 3105, 3107, 3109, 3110, 3111, 3112, 3113, 3114, 3115, 3116, 3117, 3118, 3119, 3126, 3128, 3129, 3130, 3131, 3132, 3133, 3134, 3135, 3136, 3137, 3138, 3139, 3142, 3145, 3147, 3149, 3150, 3151, 3154, 3155, 3157, 3158, 3159, 3161, 3162, 3164, 3165, 3168, 3169, 3170, 3171, 3175, 3176, 3177, 3178, 3181, 3182, 3187, 3188, 3189, 3190, 3191, 3192, 3194, 3195, 3196, 3198, 3199, 3200, 3201, 3205, 3207, 3208, 3209, 3211, 3212, 3213, 3214, 3215, 3216, 3217, 3218, 3220, 3221, 3222, 3223, 3225, 3226, 3228, 3229, 3230, 3231, 3234, 3237, 3238, 3239, 3240, 3243, 3244, 3247, 3248, 3250, 3251, 3252, 3253, 3254, 3260, 3262, 3263, 3264, 3265, 3266, 3267, 3269, 3270, 3271, 3272, 3274, 3278, 3280, 3281, 3282, 3284]
2023-12-18 10:34:03.161 1357-1468/? I/CHRE: @ 2040268.526: [AR] walking: 86.274513
2023-12-18 10:34:03.161 1357-1468/? I/CHRE: @ 2040268.526: [AR] transition: still exit
2023-12-18 10:34:03.161 1357-1468/? I/CHRE: @ 2040268.526: [AR] transition: walking enter
2023-12-18 10:34:03.161 1357-1468/? I/CHRE: @ 2040268.526: [AR] send to host, reason=2, sampleSize=19, transitionSize=2, lastAccelTime = 2040265415, lastAudioTime = 0
2023-12-18 10:34:03.161 1357-1468/? I/CHRE: @ 2040268.527: [NanoMinion] sent MSG Type 0x72, Version 0, 330 bytes, MessageId 176
2023-12-18 10:34:03.161 1343-1350/? D/ContextHubHal: Got message from nanoapp: ID 0x476f6f676c00100b
2023-12-18 10:34:03.165 1357-1468/? D/CHRE: @ 2040268.530: Nanoapp list request from client ID 1
2023-12-18 10:34:03.166 1343-1350/? D/ContextHubHal: Got nanoapp list response with 14 apps
2023-12-18 10:34:03.167 1357-1468/? D/CHRE: @ 2040268.533: Nanoapp list request from client ID 1
2023-12-18 10:34:03.167 1343-1350/? D/ContextHubHal: Got nanoapp list response with 14 apps
2023-12-18 10:34:03.169 1357-1468/? D/CHRE: @ 2040268.535: Nanoapp list request from client ID 1
2023-12-18 10:34:03.169 1343-1350/? D/ContextHubHal: Got nanoapp list response with 14 apps
2023-12-18 10:34:03.171 1357-1468/? D/CHRE: @ 2040268.536: Nanoapp list request from client ID 1
2023-12-18 10:34:03.171 1343-1350/? D/ContextHubHal: Got nanoapp list response with 14 apps
2023-12-18 10:34:03.173 1357-1468/? D/CHRE: @ 2040268.538: Nanoapp list request from client ID 1
2023-12-18 10:34:03.173 1343-1350/? D/ContextHubHal: Got nanoapp list response with 14 apps
2023-12-18 10:34:03.174 1939-2008/? W/AppOps: Noting op not finished: uid 10132 pkg com.google.android.apps.scone code 79 startTime of in progress event=1702804933496
2023-12-18 10:34:03.175 1939-14840/? D/IntervalStats: Unable to parse usage stats packages: [1698, 1811, 2199, 2257, 2453, 2465, 2594, 2611, 2628, 2647, 2674, 2720, 2793, 2806, 2847, 2860, 2877, 2896, 2911, 2931, 2959, 2963, 2964, 2969, 2970, 2972, 2974, 2976, 2981, 2983, 2984, 2992, 2995, 2996, 2998, 3000, 3001, 3002, 3004, 3007, 3009, 3012, 3014, 3016, 3017, 3018, 3027, 3028, 3029, 3033, 3036, 3038, 3039, 3042, 3043, 3044, 3045, 3046, 3047, 3048, 3049, 3052, 3053, 3054, 3055, 3056, 3059, 3061, 3062, 3064, 3067, 3070, 3071, 3072, 3073, 3075, 3079, 3080, 3082, 3083, 3084, 3085, 3088, 3091, 3093, 3095, 3099, 3100, 3101, 3102, 3103, 3104, 3105, 3107, 3109, 3110, 3111, 3112, 3113, 3114, 3115, 3116, 3117, 3118, 3119, 3126, 3128, 3129, 3130, 3131, 3132, 3133, 3134, 3135, 3136, 3137, 3138, 3139, 3142, 3145, 3147, 3149, 3150, 3151, 3154, 3155, 3157, 3158, 3159, 3161, 3162, 3164, 3165, 3168, 3169, 3170, 3171, 3175, 3176, 3177, 3178, 3181, 3182, 3187, 3188, 3189, 3190, 3191, 3192, 3194, 3195, 3196, 3198, 3199, 3200, 3201, 3205, 3207, 3208, 3209, 3211, 3212, 3213, 3214, 3215, 3216, 3217, 3218, 3220, 3221, 3222, 3223, 3225, 3226, 3228, 3229, 3230, 3231, 3234, 3237, 3238, 3239, 3240, 3243, 3244, 3247, 3248, 3250, 3251, 3252, 3253, 3254, 3260, 3262, 3263, 3264, 3265, 3266, 3267, 3269, 3270, 3271, 3272, 3274, 3278, 3280, 3281, 3282, 3284]
2023-12-18 10:34:03.179 1939-14840/? I/BackupRestoreController: Getting widget state for user: 0
2023-12-18 10:34:03.193 1939-2599/? D/WifiConnectivityManager: PNO Scan Interval changed to 20000 ms.
2023-12-18 10:34:03.196 2972-2972/? D/GRIL-S: [8249]> UPDATE_SCONE_INFO Mobility:2 Battery:1 Thermal:0 Screen:1
2023-12-18 10:34:03.197 2972-3720/? D/GRIL-S: [8249]< UPDATE_SCONE_INFO
2023-12-18 10:34:03.201 11146-11193/? I/Backup: [GmsBackupTransport] Performing encrypted kv backup: android
2023-12-18 10:34:03.216 1939-5597/? I/RecoverableAppKeyStore: Get 0/10148/com.google.android.gms.backup/folsom/DA5FFF2668F79E750923DCAC5829DA37
2023-12-18 10:34:03.283 11146-12318/? D/TrafficStats: tagSocket(409) with statsTag=0xffffff03, statsUid=1000
2023-12-18 10:34:04.052 31171-31446/? D/MemoryCeilingMonitor: [handleMemoryCalculate]
2023-12-18 10:34:04.053 31171-31446/? D/MemoryCeilingMonitor: [calculate] tot: 11831152, max: 268435456, free: 5356176, heap: 6474976, per: 0.02412116527557373
2023-12-18 10:34:04.704 1939-2049/? D/ColorDisplayService: DisplayWhiteBalanceTintController Animation cancelled: false to matrix:
           0.978359-0.000625-0.000050 0.000000 0.021226 0.948136 0.000041 0.000000 0.000415-0.000312 0.964735 0.000000 0.000000 0.000000 0.000000 1.000000 min matrix coefficients:
           0.977255-0.000656-0.000078 0.000000 0.021226 0.945502-0.000006 0.000000 0.000415-0.000312 0.956387 0.000000 0.000000 0.000000 0.000000 1.000000 max matrix coefficients:
           0.978359 0.000000 0.000000 0.000000 0.022301 0.948136 0.000041 0.000000 0.000443 0.000000 0.964735 0.000000 0.000000 0.000000 0.000000 1.000000
2023-12-18 10:34:04.876 7621-7671/? I/VoiceInputManagerWrapper: VoiceInputManagerWrapper.shutdownVoiceInternal():95 shutdownVoiceInternal()
2023-12-18 10:34:05.219 1357-1468/? D/VSC: @ 2040270.584: [WO] Proposed rotation: 0, flat angle threshold: 65
2023-12-18 10:34:05.219 1357-1468/? D/VSC: @ 2040270.584: [WO] orientation angle 17, orientation 0
2023-12-18 10:34:05.219 1357-1468/? D/VSC: @ 2040270.584: [WO] Gyro angle integrated: 408.188385
2023-12-18 10:34:05.351 1939-2607/? D/ConnectivityService: NetReassign [no changes] [c 2] [a 0] [i 3]
2023-12-18 10:34:06.188 1939-2143/? I/DisplayPowerController[0]: BrightnessEvent: disp=0, brt=0.2800358, rcmdBrt=0.2800358, preBrt=NaN, lux=86.441765, preLux=48.474483, hbmMax=1.0, hbmMode=off, thrmMax=1.0, flags=, reason=automatic
2023-12-18 10:34:06.188 1939-2143/? D/DisplayWhiteBalanceController: Display cct: 6448.5903 Latest ambient cct: 6145.6455 Latest ambient lux: 45.904217 Latest low light bias: 0.8976054 Latest high light bias: 0.0
2023-12-18 10:34:06.189 1939-2143/? D/ColorDisplayService: setDisplayWhiteBalanceTemperatureMatrix: cct = 6448 matrix =
           0.977182-0.000658-0.000080 0.000000 0.022372 0.945329-0.000009 0.000000 0.000445-0.000198 0.955840 0.000000 0.000000 0.000000 0.000000 1.000000
2023-12-18 10:34:06.210 8481-8481/? D/BoundBrokerSvc: onUnbind: Intent { act=com.google.android.gms.icing.LIGHTWEIGHT_INDEX_SERVICE dat=chimera-action:/... cmp=com.google.android.gms/.chimera.PersistentApiService }
2023-12-18 10:34:06.215 8481-8481/? D/BoundBrokerSvc: onUnbind: Intent { act=com.google.android.gms.clearcut.bootcount.service.START pkg=com.google.android.gms }
2023-12-18 10:34:06.303 11146-11193/? I/Backup: [GmsBackupTransport] Backup finished for android
2023-12-18 10:34:06.303 1939-14840/? V/BackupManagerConstants: getBackupFinishedNotificationReceivers(...) returns
2023-12-18 10:34:06.304 1939-14840/? D/KeyValueBackupTask: Starting key-value backup of com.android.providers.settings
2023-12-18 10:34:06.305 1939-14840/? D/BackupManagerService: [UserID:0] awaiting agent for ApplicationInfo{d8e4935 com.android.providers.settings}
2023-12-18 10:34:06.307 1939-1939/? D/BackupManagerService: [UserID:0] agentConnected pkg=com.android.providers.settings agent=android.app.backup.BackupAgent$BackupServiceBinder@8cbff3b
2023-12-18 10:34:06.307 1939-14840/? I/BackupManagerService: [UserID:0] got agent android.app.backup.BackupAgent$BackupServiceBinder@8cbff3b
2023-12-18 10:34:06.307 1939-14840/? D/KeyValueBackupTask: Invoking agent on com.android.providers.settings
2023-12-18 10:34:06.326 1939-14840/? I/WifiService: retrieveSoftApBackupData uid=1000
2023-12-18 10:34:06.334 1939-14840/? D/WifiService: Retrieved soft ap backup data
2023-12-18 10:34:06.336 1939-14840/? I/WifiService: retrieveBackupData uid=1000
2023-12-18 10:34:06.336 1939-14840/? D/WifiService: Retrieving backup data
2023-12-18 10:34:06.342 1939-14840/? D/WifiService: Retrieved backup data
2023-12-18 10:34:06.349 3028-3060/? D/TelephonyProvider: Using old permission behavior for telephony provider compat
2023-12-18 10:34:06.366 1939-14840/? I/SettingsBackupAgent: sim specific data of length + 1999 successfully retrieved
2023-12-18 10:34:06.367 1939-14840/? I/BackupRestoreController: Getting widget state for user: 0
2023-12-18 10:34:06.368 1939-14840/? V/BackupManagerConstants: getBackupFinishedNotificationReceivers(...) returns
2023-12-18 10:34:06.370 1939-14840/? D/KeyValueBackupTask: Starting key-value backup of com.google.android.inputmethod.latin
2023-12-18 10:34:06.372 1939-14840/? D/BackupManagerService: [UserID:0] awaiting agent for ApplicationInfo{d31b7e9 com.google.android.inputmethod.latin}
2023-12-18 10:34:06.381 1939-2825/? D/BackupManagerService: [UserID:0] agentConnected pkg=com.google.android.inputmethod.latin agent=android.os.BinderProxy@ac5f17a
2023-12-18 10:34:06.381 1939-14840/? I/BackupManagerService: [UserID:0] got agent android.app.IBackupAgent$Stub$Proxy@4372d2b
2023-12-18 10:34:06.381 1939-14840/? D/KeyValueBackupTask: Invoking agent on com.google.android.inputmethod.latin
2023-12-18 10:34:06.382 1173-1173/? I/Finsky: [2] abbc.onStartJob(128): SCH: job service start with id 9049.
2023-12-18 10:34:06.390 1173-15055/? I/Finsky: [167] klz.a(272): SCH: Satisfied jobs for 9049 are: 12-1
2023-12-18 10:34:06.391 1173-16392/? I/Finsky: [187] xcb.accept(453): SCH: Job 12-1 starting
2023-12-18 10:34:06.391 1173-1173/? I/Finsky: [2] ContentSyncJob.w(14): [ContentSync] job started
2023-12-18 10:34:06.400 7621-19965/? I/BackupAgent: BackupAgent.onBackup():109 TransportFlags clientSideEncryption=true, deviceToDeviceTransfer=false
2023-12-18 10:34:06.425 7621-19965/? I/FileBackupRestoreHelper: FileBackupRestoreHelper.prepareBackupFiles():284 Preparing backup files: providers=[personal_dictionary, user_history x 2, theme, blocklist, clipboard, expression_history]
2023-12-18 10:34:06.435 23413-23413/? D/DLObserver: onReceive(); android.intent.action.BATTERY_CHANGED
2023-12-18 10:34:06.435 23413-23413/? D/DLObserver: plugged=0
2023-12-18 10:34:06.436 2909-2909/? D/Oslo.StatusSensor: Received intent android.intent.action.BATTERY_CHANGED
2023-12-18 10:34:06.439 23413-23413/? D/PowerNotificationWarningsGoogleImpl: onReceive: android.intent.action.BATTERY_CHANGED
2023-12-18 10:34:06.440 23413-23413/? D/BatteryInfoBroadcast: onReceive: android.intent.action.BATTERY_CHANGED isPowerSaveMode: false
2023-12-18 10:34:06.440 23413-23413/? D/BatteryDefenderNotification: isPlugged: false | isOverheated: false | defenderEnabled: false | isCharged: false
2023-12-18 10:34:06.478 767-767/? I/android_os_HwBinder: HwBinder: Starting thread pool for getting: vendor.google.google_battery@1.2::IGoogleBattery/default
2023-12-18 10:34:06.524 7621-7787/? W/native: W0000 00:00:1702866846.518704    7787 session_usage_observer.cc:485] no id
2023-12-18 10:34:06.538 7621-19965/? I/MozcBackupDataProviderModule: MozcBackupDataProviderModule.backupFiles():83 Backed up: segment.db, result=true
2023-12-18 10:34:06.541 7621-19965/? I/MozcBackupDataProviderModule: MozcBackupDataProviderModule.backupFiles():83 Backed up: .encrypt_key.db, result=true
2023-12-18 10:34:06.543 7621-19965/? I/MozcBackupDataProviderModule: MozcBackupDataProviderModule.backupFiles():83 Backed up: .history.db, result=true
2023-12-18 10:34:06.545 7621-19965/? I/MozcBackupDataProviderModule: MozcBackupDataProviderModule.backupFiles():83 Backed up: cform.db, result=true
2023-12-18 10:34:06.546 7621-19965/? I/MozcBackupDataProviderModule: MozcBackupDataProviderModule.backupFiles():83 Backed up: .registry.db, result=true
2023-12-18 10:34:06.550 7621-19965/? I/MozcBackupDataProviderModule: MozcBackupDataProviderModule.backupFiles():83 Backed up: boundary.db, result=true
2023-12-18 10:34:06.631 7621-19965/? D/BackupHelperDispatcher: handling existing helper 'ime_files' android.app.backup.FileBackupHelper@fa7d248
2023-12-18 10:34:06.632 7621-19965/? D/BackupHelperDispatcher: handling existing helper 'persistent_backup_agent_helper_prefs' android.app.backup.SharedPreferencesBackupHelper@836a8e1
2023-12-18 10:34:06.634 7621-19965/? D/BackupHelperDispatcher: handling existing helper 'shared_pref' android.app.backup.SharedPreferencesBackupHelper@440b4c7
2023-12-18 10:34:06.635 7621-19965/? I/BackupAgent: BackupAgent.saveBackupHistoryInfo():378 Save history info: type: KEYVALUE_BACKUP, timestamp: 2023-12-18 10:34:06
2023-12-18 10:34:06.639 1173-16393/? I/Finsky: [188] ksx.f(41): Completed 0 account content syncs with 0 successful.
2023-12-18 10:34:06.639 1173-1173/? I/Finsky: [2] ContentSyncJob.a(14): [ContentSync] Installation state replication succeeded.
2023-12-18 10:34:06.640 1173-1173/? I/Finsky: [2] aazh.r(83): SCH: jobFinished: 12-1. TimeElapsed: 248ms.
2023-12-18 10:34:06.642 1939-14840/? I/BackupRestoreController: Getting widget state for user: 0
2023-12-18 10:34:06.647 1173-1265/? I/Finsky: [48] opv.accept(64): SCH: Scheduling phonesky job Id: 1-1337, CT: 1702846682143, Constraints: [{ L: 43171171, D: 86371171, C: 1, I: 1, N: 1 }]
2023-12-18 10:34:06.647 1173-1265/? I/Finsky: [48] opv.accept(64): SCH: Scheduling phonesky job Id: 34-4984, CT: 1702563083166, Constraints: [{ L: 604800000, D: 2592000000, C: 1, I: 1, N: 1 }]
2023-12-18 10:34:06.651 1173-1275/? I/Finsky: [53] kma.apply(296): SCH: Scheduling 1 system job(s)
2023-12-18 10:34:06.651 1173-1275/? I/Finsky: [53] aazd.d(263): SCH: Scheduling system job Id: 9052, L: 23006663, D: 66206663, C: false, I: false, N: 1
2023-12-18 10:34:06.657 1173-16392/? I/Finsky: [187] abbc.a(26): SCH: job service finished with id 9049.
2023-12-18 10:34:06.662 11146-12699/? I/Backup: [GmsBackupTransport] Performing encrypted kv backup: com.google.android.inputmethod.latin
2023-12-18 10:34:06.686 1939-4890/? I/RecoverableAppKeyStore: Get 0/10148/com.google.android.gms.backup/folsom/DA5FFF2668F79E750923DCAC5829DA37
2023-12-18 10:34:06.746 11146-12318/? D/TrafficStats: tagSocket(414) with statsTag=0xffffff03, statsUid=10204
2023-12-18 10:34:07.212 1357-1468/? D/VSC: @ 2040272.577: [WO] Proposed rotation: 4, flat angle threshold: 65
2023-12-18 10:34:07.212 1357-1468/? D/VSC: @ 2040272.577: [WO] orientation angle 342, orientation 4
2023-12-18 10:34:07.212 1357-1468/? D/VSC: @ 2040272.577: [WO] Gyro angle integrated: 518.262756
2023-12-18 10:34:07.212 1357-1468/? D/VSC: @ 2040272.577: [WO] Gyro angle integrated: 518.262756
2023-12-18 10:34:07.212 1357-1468/? D/VSC: @ 2040272.577: [WO] Rejected by settle_time and gyro finds no rotation 0
2023-12-18 10:34:07.386 1357-1468/? D/VSC: @ 2040272.750: [WO] Gyro finds rotation while in swing_time check
2023-12-18 10:34:07.386 1357-1468/? D/VSC: @ 2040272.751: [WO] Gyro finds rotation while in swing_time check
2023-12-18 10:34:07.386 1357-1468/? D/VSC: @ 2040272.751: [WO] Gyro finds rotation while in swing_time check
2023-12-18 10:34:07.386 1357-1468/? D/VSC: @ 2040272.751: [WO] Gyro finds rotation while in swing_time check
2023-12-18 10:34:07.386 1357-1468/? D/VSC: @ 2040272.751: [WO] Gyro finds rotation while in swing_time check
2023-12-18 10:34:07.809 1357-1468/? D/ASH: @ 2040273.171: AP has been up: last 118436674670, now 118737330120 usec
2023-12-18 10:34:08.236 1939-2143/? I/DisplayPowerController[0]: BrightnessEvent: disp=0, brt=0.2800358, rcmdBrt=0.2800358, preBrt=NaN, lux=37.64313, preLux=86.441765, hbmMax=1.0, hbmMode=off, thrmMax=1.0, flags=, reason=automatic
2023-12-18 10:34:08.236 1939-2143/? D/DisplayWhiteBalanceController: Display cct: 6387.8657 Latest ambient cct: 5983.4995 Latest ambient lux: 45.99476 Latest low light bias: 0.89986897 Latest high light bias: 0.0
2023-12-18 10:34:08.237 1939-2143/? D/ColorDisplayService: setDisplayWhiteBalanceTemperatureMatrix: cct = 6387 matrix =
           0.975692-0.000700-0.000118 0.000000 0.023824 0.941774-0.000073 0.000000 0.000484-0.000055 0.944680 0.000000 0.000000 0.000000 0.000000 1.000000
2023-12-18 10:34:08.238 1939-2049/? D/ColorDisplayService: DisplayWhiteBalanceTintController Animation cancelled: true to matrix:
           0.975692-0.000700-0.000118 0.000000 0.023824 0.941774-0.000073 0.000000 0.000484-0.000055 0.944680 0.000000 0.000000 0.000000 0.000000 1.000000 min matrix coefficients:
           0.977268-0.000656-0.000078 0.000000 0.021226 0.945532-0.000006 0.000000 0.000415-0.000312 0.956485 0.000000 0.000000 0.000000 0.000000 1.000000 max matrix coefficients:
           0.978359 0.000000 0.000000 0.000000 0.022289 0.948136 0.000041 0.000000 0.000443 0.000000 0.964735 0.000000 0.000000 0.000000 0.000000 1.000000
2023-12-18 10:34:08.361 1939-2607/? D/ConnectivityService: NetReassign [no changes] [c 1] [a 0] [i 6]
2023-12-18 10:34:09.207 1357-1468/? D/VSC: @ 2040274.571: [WO] Proposed rotation: 3, flat angle threshold: 40
2023-12-18 10:34:09.207 1357-1468/? D/VSC: @ 2040274.571: [WO] orientation angle 311, orientation 3
2023-12-18 10:34:09.207 1357-1468/? D/VSC: @ 2040274.571: [WO] Gyro angle integrated: 222.070343
2023-12-18 10:34:09.207 1357-1468/? D/VSC: @ 2040274.571: [WO] rejected by isOrientationAngleAcceptable
2023-12-18 10:34:10.282 1939-2143/? D/DisplayWhiteBalanceController: Display cct: 6332.675 Latest ambient cct: 5659.9062 Latest ambient lux: 35.42054 Latest low light bias: 0.6355135 Latest high light bias: 0.0
2023-12-18 10:34:10.282 1939-2143/? D/ColorDisplayService: setDisplayWhiteBalanceTemperatureMatrix: cct = 6332 matrix =
           0.974324-0.000739-0.000153 0.000000 0.025157 0.938509-0.000130 0.000000 0.000519 0.000074 0.934531 0.000000 0.000000 0.000000 0.000000 1.000000
2023-12-18 10:34:10.283 1939-2049/? D/ColorDisplayService: DisplayWhiteBalanceTintController Animation cancelled: true to matrix:
           0.974324-0.000739-0.000153 0.000000 0.025157 0.938509-0.000130 0.000000 0.000519 0.000074 0.934531 0.000000 0.000000 0.000000 0.000000 1.000000 min matrix coefficients:
           0.975810-0.000697-0.000115 0.000000 0.022289 0.942054-0.000068 0.000000 0.000443-0.000206 0.945560 0.000000 0.000000 0.000000 0.000000 1.000000 max matrix coefficients:
           0.977268 0.000000 0.000000 0.000000 0.023709 0.945532 0.000000 0.000000 0.000481 0.000000 0.956485 0.000000 0.000000 0.000000 0.000000 1.000000
2023-12-18 10:34:10.484 16205-16205/? D/CompatibilityChangeReporter: Compat change id reported: 150939131; UID 10203; state: ENABLED
2023-12-18 10:34:10.855 1357-1468/? I/VSC: @ 2040276.221: [SMD] Publishing SMD with activity 2 conf 100.0 motionConf 100.0
2023-12-18 10:34:10.855 1357-1468/? I/VSC: @ 2040276.221: [SMD] Deleted SMD instance at 0xb28bb8d8
2023-12-18 10:34:10.855 1357-1468/? D/VSC: @ 2040276.221: [Significant Motion] Stop accel
2023-12-18 10:34:10.859 1939-1939/? W/AlarmManager: Unrecognized alarm listener com.android.server.DeviceIdleController$$ExternalSyntheticLambda3@f55a3ba
2023-12-18 10:34:10.864 1357-1468/? D/ASH: @ 2040276.229: SensorType 195 resampler quality 1
2023-12-18 10:34:10.874 1357-1468/? D/CHRE: @ 2040276.240: Parsed nanoapp message from host: app ID 0x476f6f676c00100b, endpoint 0x62, msgType 112, payload size 10
2023-12-18 10:34:10.875 1357-1468/? I/CHRE: @ 2040276.240: [NanoMinion] received MSG Type 0x70, Version 1, 6 bytes
2023-12-18 10:34:10.875 1357-1468/? I/CHRE: @ 2040276.240: [AR] request.query
2023-12-18 10:34:10.875 1357-1468/? I/CHRE: @ 2040276.240: [NanoMinion] sent MSG Type 0x71, Version 0, 18 bytes, MessageId 177
2023-12-18 10:34:10.876 1343-1350/? D/ContextHubHal: Got message from nanoapp: ID 0x476f6f676c00100b
2023-12-18 10:34:10.875 1357-1468/? I/CHRE: @ 2040276.240: [AR] send response=0
2023-12-18 10:34:10.877 1357-1468/? D/CHRE: @ 2040276.240: Parsed nanoapp message from host: app ID 0x476f6f676c00100b, endpoint 0x62, msgType 112, payload size 10
2023-12-18 10:34:10.877 1357-1468/? I/CHRE: @ 2040276.240: [NanoMinion] received MSG Type 0x70, Version 1, 6 bytes
2023-12-18 10:34:10.877 1357-1468/? I/CHRE: @ 2040276.240: [AR] request.flush
2023-12-18 10:34:10.877 1357-1468/? I/CHRE: @ 2040276.240: [AR] send to host, reason=3, sampleSize=2, transitionSize=0, lastAccelTime = 2040273133, lastAudioTime = 0
2023-12-18 10:34:10.877 1357-1468/? I/CHRE: @ 2040276.241: [NanoMinion] sent MSG Type 0x72, Version 0, 55 bytes, MessageId 178
2023-12-18 10:34:10.877 1343-1350/? D/ContextHubHal: Got message from nanoapp: ID 0x476f6f676c00100b
2023-12-18 10:34:10.884 1357-1357/? I/sensors-hal: [hal]flush_physical_sensor:360, android.sensor.accelerometer/11
2023-12-18 10:34:10.884 1357-1357/? I/sensors-hal: [hal]flush_physical_sensor:366, android.sensor.accelerometer/11 completed
2023-12-18 10:34:10.885 1357-20065/? I/sensors-hal: [ssc_sensor]ssc_conn_resp_cb:685, resp_value = 0
2023-12-18 10:34:10.887 1343-1350/? D/ContextHubHal: Got nanoapp list response with 14 apps
2023-12-18 10:34:10.888 1357-1468/? D/CHRE: @ 2040276.252: Nanoapp list request from client ID 1
2023-12-18 10:34:10.889 1357-1468/? D/CHRE: @ 2040276.255: Nanoapp list request from client ID 1
2023-12-18 10:34:10.890 1343-1350/? D/ContextHubHal: Got nanoapp list response with 14 apps
2023-12-18 10:34:10.898 1939-4890/? W/AppOps: Noting op not finished: uid 10148 pkg com.google.android.gms code 79 startTime of in progress event=1702804934117
2023-12-18 10:34:10.903 1939-4890/? W/AppOps: Noting op not finished: uid 10189 pkg com.google.android.gms.location.history code 79 startTime of in progress event=1702804934780
2023-12-18 10:34:10.911 1939-4150/? W/AppOps: Noting op not finished: uid 10148 pkg com.google.android.gms code 113 startTime of in progress event=1702866728124
2023-12-18 10:34:10.917 8481-16408/? I/GCoreUlr: DispatchingService.updateActiveState+PowerModeReceiver: Ensuring that reporting is active for [account#-12#]
2023-12-18 10:34:10.919 1939-4150/? W/AppOps: Noting op not finished: uid 10148 pkg com.google.android.gms code 113 startTime of in progress event=1702804933312
2023-12-18 10:34:10.920 8481-16408/? I/GCoreUlr: GMS FLP location updates requested: # emwe@458c66
2023-12-18 10:34:10.924 1939-4150/? W/AppOps: Noting op not finished: uid 10148 pkg com.google.android.gms code 113 startTime of in progress event=1702804933312
2023-12-18 10:34:10.928 1939-4890/? W/AppOps: Noting op not finished: uid 10148 pkg com.google.android.gms code 113 startTime of in progress event=1702804935019
2023-12-18 10:34:10.933 1343-1350/? D/ContextHubHal: Got nanoapp list response with 14 apps
2023-12-18 10:34:10.933 1357-1468/? D/CHRE: @ 2040276.298: Nanoapp list request from client ID 1
2023-12-18 10:34:10.938 1343-1350/? D/ContextHubHal: Got nanoapp list response with 14 apps
2023-12-18 10:34:10.938 1357-1468/? D/CHRE: @ 2040276.302: Nanoapp list request from client ID 1
2023-12-18 10:34:11.299 1357-1468/? D/VSC: @ 2040276.664: [WO] Proposed rotation: 4, flat angle threshold: 65
2023-12-18 10:34:11.299 1357-1468/? D/VSC: @ 2040276.664: [WO] orientation angle 338, orientation 4
2023-12-18 10:34:11.299 1357-1468/? D/VSC: @ 2040276.664: [WO] Gyro angle integrated: 729.819885
2023-12-18 10:34:11.366 2940-3874/? D/QCNEJ/WlanStaInfoRelay: Received action: android.net.wifi.RSSI_CHANGED
2023-12-18 10:34:11.371 3694-3718/? D/DeviceStateHelper: Wifi freq: 5180
2023-12-18 10:34:11.385 8481-8606/? I/ChimeraSrvcProxy: NullBinder for android.net.action.RECOMMEND_NETWORKS triggering remote TransactionTooLargeException due to Service without Chimera impl
2023-12-18 10:34:11.385 8481-8606/? W/.gms.persistent: Large reply transaction of 1056768 bytes, interface descriptor , code 1
2023-12-18 10:34:11.387 1939-2607/? D/ConnectivityService: NetReassign [no changes] [c 0] [a 0] [i 3]
2023-12-18 10:34:11.727 1939-2143/? I/DisplayPowerController[0]: BrightnessEvent: disp=0, brt=0.11841465, rcmdBrt=0.11841465, preBrt=0.2800358, lux=3.6505325, preLux=37.64313, hbmMax=1.0, hbmMode=off, thrmMax=1.0, flags=, reason=automatic
2023-12-18 10:34:11.729 1939-1939/? I/BrightnessSynchronizer: [2413] New Update 0.11841465(f) set brightness values:  31(i)
2023-12-18 10:34:11.729 1939-1939/? I/BrightnessSynchronizer: New PendingUpdate: {[2414] 0.11841465(f), mUpdatedTypes=0, mConfirmedTypes=0, mTimeUpdated=0}, prev=null
2023-12-18 10:34:11.730 1939-1939/? I/BrightnessSynchronizer: Swallowing update of 31(i) by update: {[2413] 0.11841465(f), mUpdatedTypes=1, mConfirmedTypes=1, mTimeUpdated=1208591079}
2023-12-18 10:34:11.730 1939-1939/? I/BrightnessSynchronizer: Completed Update: {[2413] 0.11841465(f), mUpdatedTypes=1, mConfirmedTypes=1, mTimeUpdated=1208591079}
2023-12-18 10:34:12.327 8481-14059/? I/NearbyMediums: This GATT advertisement BleAdvertisement { version=2, socketVersion=2, serviceIdHash=null, data=[ 0x23 0x38 0x56 0x59 0x52 0x11 0x32 0x8a 0xb7 0x0d 0xe8 0x6a 0x61 0x87 0x40 0xab 0x64 0xe5 0x0c 0xc5 0xe7 0x66 0xbb ], deviceToken=[ 0x7f 0x1e ] } is a Fast Advertisement and matched UUID 0000fef3-0000-1000-8000-00805f9b34fb in fastAdvertisementServiceUuids map with serviceID NearbySharing
2023-12-18 10:34:12.328 8481-14719/? I/NearbyConnections: Found BleAdvertisement [ 0x23 0x38 0x56 0x59 0x52 0x11 0x32 0x8a 0xb7 0x0d 0xe8 0x6a 0x61 0x87 0x40 0xab 0x64 0xe5 0x0c 0xc5 0xe7 0x66 0xbb ] (with EndpointId 8VYR and EndpointInfo [ 0x32 0x8a 0xb7 0x0d 0xe8 0x6a 0x61 0x87 0x40 0xab 0x64 0xe5 0x0c 0xc5 0xe7 0x66 0xbb ])
2023-12-18 10:34:12.330 8481-14059/? I/NearbySharing: (REDACTED) Endpoint %s discovered over Nearby Connections
2023-12-18 10:34:12.331 8481-14719/? I/NearbyConnections: ClientProxy(127704587) reporting onEndpointFound(8VYR)
2023-12-18 10:34:12.331 8481-14719/? I/NearbyConnections: ClientProxy(127704587) reporting onEndpointDistanceChanged(8VYR, UNKNOWN)
2023-12-18 10:34:12.332 8481-14719/? I/NearbyConnections: No Bluetooth Classic MAC address found in [ 0x23 0x38 0x56 0x59 0x52 0x11 0x32 0x8a 0xb7 0x0d 0xe8 0x6a 0x61 0x87 0x40 0xab 0x64 0xe5 0x0c 0xc5 0xe7 0x66 0xbb ]
2023-12-18 10:34:12.340 8481-14055/? I/NearbySharing: (REDACTED) Failed to convert advertisement (%s)%s to share target from discovered advertisement. Ignoring.
2023-12-18 10:34:13.210 1939-2143/? I/DisplayPowerController[0]: BrightnessEvent: disp=0, brt=0.15017912, rcmdBrt=0.15017912, preBrt=0.11841465, lux=5.344549, preLux=3.6505325, hbmMax=1.0, hbmMode=off, thrmMax=1.0, flags=, reason=automatic
2023-12-18 10:34:13.210 1939-1939/? I/BrightnessSynchronizer: [2415] New Update 0.15017912(f) set brightness values:  39(i)
2023-12-18 10:34:13.210 1939-1939/? I/BrightnessSynchronizer: New PendingUpdate: {[2416] 0.15017912(f), mUpdatedTypes=0, mConfirmedTypes=0, mTimeUpdated=0}, prev=null
2023-12-18 10:34:13.212 1939-1939/? I/BrightnessSynchronizer: Swallowing update of 39(i) by update: {[2415] 0.15017912(f), mUpdatedTypes=1, mConfirmedTypes=1, mTimeUpdated=1208592560}
2023-12-18 10:34:13.212 1939-1939/? I/BrightnessSynchronizer: Completed Update: {[2415] 0.15017912(f), mUpdatedTypes=1, mConfirmedTypes=1, mTimeUpdated=1208592560}
2023-12-18 10:34:13.297 1939-2049/? D/ColorDisplayService: DisplayWhiteBalanceTintController Animation cancelled: false to matrix:
           0.974324-0.000739-0.000153 0.000000 0.025157 0.938509-0.000130 0.000000 0.000519 0.000074 0.934531 0.000000 0.000000 0.000000 0.000000 1.000000 min matrix coefficients:
           0.974324-0.000739-0.000153 0.000000 0.023709 0.938509-0.000130 0.000000 0.000481-0.000067 0.934531 0.000000 0.000000 0.000000 0.000000 1.000000 max matrix coefficients:
           0.975810 0.000000 0.000000 0.000000 0.025157 0.942054 0.000000 0.000000 0.000519 0.000074 0.945560 0.000000 0.000000 0.000000 0.000000 1.000000
2023-12-18 10:34:13.338 1357-1468/? D/VSC: @ 2040278.703: [WO] Proposed rotation: 4, flat angle threshold: 65
2023-12-18 10:34:13.338 1357-1468/? D/VSC: @ 2040278.703: [WO] orientation angle 332, orientation 4
2023-12-18 10:34:13.338 1357-1468/? D/VSC: @ 2040278.703: [WO] Gyro angle integrated: 123.608795
2023-12-18 10:34:13.338 1357-1468/? D/VSC: @ 2040278.703: [WO] Gyro angle integrated: 123.608795
2023-12-18 10:34:13.338 1357-1468/? D/VSC: @ 2040278.703: [WO] Rejected by settle_time and gyro finds no rotation 0
2023-12-18 10:34:14.053 31171-31446/? D/MemoryCeilingMonitor: [handleMemoryCalculate]
2023-12-18 10:34:14.054 31171-31446/? D/MemoryCeilingMonitor: [calculate] tot: 11831152, max: 268435456, free: 5339792, heap: 6491360, per: 0.02418220043182373
2023-12-18 10:34:14.301 1357-1357/? I/sensors-hal: [hal]batch_physical_sensor:319, android.sensor.accelerometer/11, period=20000000, max_latency=0
2023-12-18 10:34:14.301 1357-1357/? I/sensors-hal: [sensor]set_config:64, sample_period_ns is adjusted to 20000000 based on min/max delay_ns
2023-12-18 10:34:14.301 1357-1357/? I/sensors-hal: [hal]batch_physical_sensor:328, android.sensor.accelerometer/11, period=20000000, max_latency=0 request completed
2023-12-18 10:34:14.385 2940-3874/? D/QCNEJ/WlanStaInfoRelay: Received action: android.net.wifi.RSSI_CHANGED
2023-12-18 10:34:14.391 3694-3718/? D/DeviceStateHelper: Wifi freq: 5180
2023-12-18 10:34:14.402 1939-2607/? D/ConnectivityService: NetReassign [no changes] [c 0] [a 0] [i 2]
2023-12-18 10:34:14.406 8481-8564/? I/ChimeraSrvcProxy: NullBinder for android.net.action.RECOMMEND_NETWORKS triggering remote TransactionTooLargeException due to Service without Chimera impl
2023-12-18 10:34:14.406 8481-8564/? W/.gms.persistent: Large reply transaction of 1056768 bytes, interface descriptor , code 1
2023-12-18 10:34:15.137 11963-11971/? W/el.wallpapers19: Reducing the number of considered missed Gc histogram windows from 104 to 100
2023-12-18 10:34:15.378 1357-1468/? D/VSC: @ 2040280.744: [WO] Proposed rotation: 4, flat angle threshold: 65
2023-12-18 10:34:15.378 1357-1468/? D/VSC: @ 2040280.744: [WO] orientation angle 348, orientation 4
2023-12-18 10:34:15.378 1357-1468/? D/VSC: @ 2040280.744: [WO] Gyro angle integrated: 308.604949
2023-12-18 10:34:16.284 1939-2143/? I/DisplayPowerController[0]: BrightnessEvent: disp=0, brt=0.2800792, rcmdBrt=0.2800792, preBrt=0.15017912, lux=56.064743, preLux=5.344549, hbmMax=1.0, hbmMode=off, thrmMax=1.0, flags=, reason=automatic
2023-12-18 10:34:16.285 1939-1939/? I/BrightnessSynchronizer: [2417] New Update 0.2800792(f) set brightness values:  72(i)
2023-12-18 10:34:16.285 1939-1939/? I/BrightnessSynchronizer: New PendingUpdate: {[2418] 0.2800792(f), mUpdatedTypes=0, mConfirmedTypes=0, mTimeUpdated=0}, prev=null
2023-12-18 10:34:16.286 1939-1939/? I/BrightnessSynchronizer: Swallowing update of 72(i) by update: {[2417] 0.2800792(f), mUpdatedTypes=1, mConfirmedTypes=1, mTimeUpdated=1208595635}
2023-12-18 10:34:16.286 1939-1939/? I/BrightnessSynchronizer: Completed Update: {[2417] 0.2800792(f), mUpdatedTypes=1, mConfirmedTypes=1, mTimeUpdated=1208595635}
2023-12-18 10:34:17.239 701-16388/? I/keystore2: keystore2::watchdog: Watchdog thread idle -> terminating. Have a great day.
2023-12-18 10:34:17.405 1939-2607/? D/ConnectivityService: NetReassign [no changes] [c 1] [a 0] [i 2]
2023-12-18 10:34:17.418 1357-1468/? D/VSC: @ 2040282.784: [WO] Proposed rotation: 3, flat angle threshold: 40
2023-12-18 10:34:17.418 1357-1468/? D/VSC: @ 2040282.784: [WO] orientation angle 235, orientation 3
2023-12-18 10:34:17.418 1357-1468/? D/VSC: @ 2040282.784: [WO] Gyro angle integrated: 69.796913
2023-12-18 10:34:18.265 8481-8481/? D/BoundBrokerSvc: onUnbind: Intent { act=com.google.android.gms.auth.account.workaccount.START dat=chimera-action:/... cmp=com.google.android.gms/.chimera.PersistentApiService }
2023-12-18 10:34:18.704 1939-2143/? I/DisplayPowerController[0]: BrightnessEvent: disp=0, brt=0.2800792, rcmdBrt=0.2800792, preBrt=0.15017912, lux=139.45897, preLux=56.064743, hbmMax=1.0, hbmMode=off, thrmMax=1.0, flags=, reason=automatic
2023-12-18 10:34:18.704 1939-2143/? D/DisplayWhiteBalanceController: Display cct: 6381.297 Latest ambient cct: 5869.077 Latest ambient lux: 61.436985 Latest low light bias: 1.0 Latest high light bias: 0.0
2023-12-18 10:34:18.704 1939-2143/? D/ColorDisplayService: setDisplayWhiteBalanceTemperatureMatrix: cct = 6381 matrix =
           0.975544-0.000704-0.000122 0.000000 0.023968 0.941420-0.000079 0.000000 0.000488-0.000041 0.943576 0.000000 0.000000 0.000000 0.000000 1.000000
