2023-12-18 10:33:51.414 16205-16309/? W/droid.apps.maps: ClassLoaderContext type mismatch. expected=PCL, found=DLC (PCL[] | DLC[];PCL[/data/app/~~ypsu8E1Y2Lmrs9i6x9mqDg==/com.google.android.apps.maps-KphVRHdyns4u3yUD7E-WSg==/base.apk*1386770326:/data/app/~~ypsu8E1Y2Lmrs9i6x9mqDg==/com.google.android.apps.maps-KphVRHdyns4u3yUD7E-WSg==/base.apk!classes2.dex*2698061956:/data/app/~~ypsu8E1Y2Lmrs9i6x9mqDg==/com.google.android.apps.maps-KphVRHdyns4u3yUD7E-WSg==/base.apk!classes3.dex*1395751118:/data/app/~~ypsu8E1Y2Lmrs9i6x9mqDg==/com.google.android.apps.maps-KphVRHdyns4u3yUD7E-WSg==/base.apk!classes4.dex*2703597462:/data/app/~~ypsu8E1Y2Lmrs9i6x9mqDg==/com.google.android.apps.maps-KphVRHdyns4u3yUD7E-WSg==/base.apk!classes5.dex*3145367998:/data/app/~~ypsu8E1Y2Lmrs9i6x9mqDg==/com.google.android.apps.maps-KphVRHdyns4u3yUD7E-WSg==/base.apk!classes6.dex*394192668]{PCL[/system/framework/org.apache.http.legacy.jar*3145838628]})
2023-12-18 10:33:51.417 26459-28440/? I/ServiceLiveData: Detected InputMethods: [com.google.android.inputmethod.latin, com.google.android.tts, com.qihoo.appstore]
2023-12-18 10:33:51.417 26459-28441/? I/ServiceLiveData: Not exempting com.kiwifruitmobile.sudoku - not an active WallpaperService for u0
2023-12-18 10:33:51.417 26459-28436/? I/ServiceLiveData: Not exempting com.android.dreams.basic - not an active DreamService for u0
2023-12-18 10:33:51.417 26459-28437/? I/ServiceLiveData: Not exempting com.google.android.marvin.talkback - not an active AccessibilityService for u0
2023-12-18 10:33:51.417 26459-28435/? I/ServiceLiveData: Detected VoiceInteractionServices: [com.google.android.googlequicksearchbox]
2023-12-18 10:33:51.417 26459-28441/? I/ServiceLiveData: Not exempting com.google.pixel.livewallpaper - not an active WallpaperService for u0
2023-12-18 10:33:51.418 26459-28441/? I/ServiceLiveData: Not exempting com.google.pixel.livewallpaper - not an active WallpaperService for u0
2023-12-18 10:33:51.418 26459-28441/? I/ServiceLiveData: Not exempting com.google.pixel.livewallpaper - not an active WallpaperService for u0
2023-12-18 10:33:51.418 26459-28441/? I/ServiceLiveData: Not exempting com.qihoo.appstore - not an active WallpaperService for u0
2023-12-18 10:33:51.418 26459-28441/? I/ServiceLiveData: Not exempting com.tencent.mobileqq - not an active WallpaperService for u0
2023-12-18 10:33:51.418 26459-28441/? I/ServiceLiveData: Detected WallpaperServices: [com.breel.wallpapers19]
2023-12-18 10:33:51.418 26459-28439/? I/ServiceLiveData: Detected PrintServices: [com.android.bips]
2023-12-18 10:33:51.418 26459-28437/? I/ServiceLiveData: Not exempting com.google.android.marvin.talkback - not an active AccessibilityService for u0
2023-12-18 10:33:51.418 26459-28437/? I/ServiceLiveData: Not exempting com.google.android.marvin.talkback - not an active AccessibilityService for u0
2023-12-18 10:33:51.418 26459-28437/? I/ServiceLiveData: Not exempting com.google.android.marvin.talkback - not an active AccessibilityService for u0
2023-12-18 10:33:51.418 26459-28437/? I/ServiceLiveData: Not exempting com.qihoo.appstore - not an active AccessibilityService for u0
2023-12-18 10:33:51.418 26459-28437/? I/ServiceLiveData: Detected AccessibilityServices: []
2023-12-18 10:33:51.419 26459-28436/? I/ServiceLiveData: Not exempting com.google.android.apps.photos - not an active DreamService for u0
2023-12-18 10:33:51.419 26459-28436/? I/ServiceLiveData: Not exempting com.google.android.deskclock - not an active DreamService for u0
2023-12-18 10:33:51.419 26459-28436/? I/ServiceLiveData: Detected DreamServices: []
2023-12-18 10:33:51.419 26459-28440/? I/ServiceLiveData: Detected AutofillServices: [com.google.android.gms]
2023-12-18 10:33:51.419 26459-28441/? I/ServiceLiveData: Not exempting com.google.android.apps.work.clouddpc - not an active DEVICE_ADMIN_SERVICE for u0
2023-12-18 10:33:51.420 26459-28439/? I/BroadcastReceiverLiveData: Not exempting com.google.android.apps.work.clouddpc - not an active DEVICE_ADMIN_ENABLED for u0
2023-12-18 10:33:51.420 26459-28439/? I/BroadcastReceiverLiveData: Not exempting com.google.android.gms - not an active DEVICE_ADMIN_ENABLED for u0
2023-12-18 10:33:51.420 26459-28439/? I/BroadcastReceiverLiveData: Not exempting com.qihoo.appstore - not an active DEVICE_ADMIN_ENABLED for u0
2023-12-18 10:33:51.420 26459-28439/? I/BroadcastReceiverLiveData: Detected DEVICE_ADMIN_ENABLEDs: []
2023-12-18 10:33:51.421 26459-28441/? I/ServiceLiveData: Not exempting com.google.android.gms - not an active DEVICE_ADMIN_SERVICE for u0
2023-12-18 10:33:51.421 26459-28441/? I/ServiceLiveData: Detected DEVICE_ADMIN_SERVICEs: []
2023-12-18 10:33:51.422 26459-28412/? I/ServiceLiveData: Not exempting com.google.android.gms - not an active NotificationListenerService for u0
2023-12-18 10:33:51.423 26459-28412/? I/ServiceLiveData: Detected NotificationListenerServices: [com.google.android.apps.dreamliner, com.google.android.apps.nexuslauncher, com.google.android.as, com.google.android.projection.gearhead]
2023-12-18 10:33:51.438 669-675/? D/libnos_transport: Calling App 0 with params 0x0200
2023-12-18 10:33:51.441 669-675/? D/libnos_transport: App 0 inspection status=0x00000000 reply_len=0 protocol=1 flags=0x0000
2023-12-18 10:33:51.441 669-675/? D/libnos_transport: Send app 0 command data (0 bytes)
2023-12-18 10:33:51.441 669-675/? D/libnos_transport: Send app 0 go command 0x00000200
2023-12-18 10:33:51.442 669-675/? D/libnos_transport: Polling app 0
2023-12-18 10:33:51.443 16205-16309/? D/nativeloader: Configuring clns-7 for other apk . target_sdk_version=31, uses_libraries=ALL, library_path=/data/user_de/0/com.google.android.gms/app_chimera/m/000005a0/CronetDynamite.apk!/lib/arm64-v8a, permitted_path=/data:/mnt/expand
2023-12-18 10:33:51.446 669-675/? D/libnos_transport: App 0 polled=2 status=0x80000000 reply_len=92 flags=0x0000
2023-12-18 10:33:51.446 669-675/? D/libnos_transport: Read app 0 reply data (92 bytes)
2023-12-18 10:33:51.447 669-675/? D/libnos_transport: App 0 returning 0x0
2023-12-18 10:33:51.456 1939-2008/? D/ConnectivityService: requestNetwork for uid/pid:10203/16205 activeRequest: null callbackRequest: 21723 [NetworkRequest [ REQUEST id=21724, [ Capabilities: INTERNET&NOT_RESTRICTED&TRUSTED&NOT_VCN_MANAGED Uid: 10203 RequestorUid: 10203 RequestorPkg: com.google.android.apps.maps UnderlyingNetworks: Null] ]] callback flags: 0 order: 2147483647
2023-12-18 10:33:51.457 1939-2607/? D/ConnectivityService: NetReassign [21724 : null  183] [c 0] [a 0] [i 1]
2023-12-18 10:33:51.457 1939-2599/? D/WifiNetworkFactory: got request NetworkRequest [ REQUEST id=21724, [ Capabilities: INTERNET&NOT_RESTRICTED&TRUSTED&NOT_VCN_MANAGED Uid: 10203 RequestorUid: 10203 RequestorPkg: com.google.android.apps.maps UnderlyingNetworks: Null] ]
2023-12-18 10:33:51.457 1939-2599/? D/UntrustedWifiNetworkFactory: got request NetworkRequest [ REQUEST id=21724, [ Capabilities: INTERNET&NOT_RESTRICTED&TRUSTED&NOT_VCN_MANAGED Uid: 10203 RequestorUid: 10203 RequestorPkg: com.google.android.apps.maps UnderlyingNetworks: Null] ]
2023-12-18 10:33:51.457 1939-2599/? D/OemPaidWifiNetworkFactory: got request NetworkRequest [ REQUEST id=21724, [ Capabilities: INTERNET&NOT_RESTRICTED&TRUSTED&NOT_VCN_MANAGED Uid: 10203 RequestorUid: 10203 RequestorPkg: com.google.android.apps.maps UnderlyingNetworks: Null] ]
2023-12-18 10:33:51.457 1939-2599/? D/MultiInternetWifiNetworkFactory: got request NetworkRequest [ REQUEST id=21724, [ Capabilities: INTERNET&NOT_RESTRICTED&TRUSTED&NOT_VCN_MANAGED Uid: 10203 RequestorUid: 10203 RequestorPkg: com.google.android.apps.maps UnderlyingNetworks: Null] ]
2023-12-18 10:33:51.461 16205-16309/? I/cr_CronetLibraryLoader: Cronet version: 114.0.5735.33, arch: aarch64
2023-12-18 10:33:51.467 26459-26459/? D/PersistedStoragePackageUninstalledReceiver: Received android.intent.action.PACKAGE_DATA_CLEARED for com.tony.puzzle for u0
2023-12-18 10:33:51.473 1939-2607/? D/ConnectivityService: NetReassign [no changes] [c 1] [a 0] [i 5]
2023-12-18 10:33:51.495 3962-4815/? I/MediaProvider: Begin Intent { act=android.intent.action.PACKAGE_DATA_CLEARED dat=package: flg=0x1000010 cmp=com.google.android.providers.media.module/com.android.providers.media.MediaService (has extras) }
2023-12-18 10:33:51.500 1939-4150/? W/BroadcastQueue: Background execution not allowed: receiving Intent { act=android.intent.action.PACKAGE_ADDED dat=package: flg=0x4000010 (has extras) } to com.google.android.packageinstaller/com.android.packageinstaller.PackageInstalledReceiver
2023-12-18 10:33:51.501 1939-2060/? W/BroadcastQueue: Background execution not allowed: receiving Intent { act=android.intent.action.PACKAGE_ADDED dat=package: flg=0x4000010 (has extras) } to com.android.vending/com.google.android.finsky.packagemonitor.impl.PackageMonitorReceiverImpl$RegisteredReceiver
2023-12-18 10:33:51.501 1939-2060/? W/BroadcastQueue: Background execution not allowed: receiving Intent { act=android.intent.action.PACKAGE_ADDED dat=package: flg=0x4000010 (has extras) } to com.android.vending/com.google.android.finsky.packagemonitor.backgroundimpl.BackgroundPackageMonitorReceiverImpl$RegisteredReceiver
2023-12-18 10:33:51.501 1939-2060/? W/BroadcastQueue: Background execution not allowed: receiving Intent { act=android.intent.action.PACKAGE_ADDED dat=package: flg=0x4000010 (has extras) } to com.google.android.gms/.games.chimera.GamesSystemBroadcastReceiverProxy
2023-12-18 10:33:51.501 1939-2060/? W/BroadcastQueue: Background execution not allowed: receiving Intent { act=android.intent.action.PACKAGE_ADDED dat=package: flg=0x4000010 (has extras) } to com.google.android.gms/.gass.chimera.PackageChangeBroadcastReceiver
2023-12-18 10:33:51.501 1939-2060/? W/BroadcastQueue: Background execution not allowed: receiving Intent { act=android.intent.action.PACKAGE_ADDED dat=package: flg=0x4000010 (has extras) } to com.google.android.gms/.chimera.GmsIntentOperationService$PersistentTrustedReceiver
2023-12-18 10:33:51.503 1939-2060/? W/BroadcastQueue: Background execution not allowed: receiving Intent { act=android.intent.action.PACKAGE_ADDED dat=package: flg=0x4000010 (has extras) } to com.google.android.googlequicksearchbox/com.google.android.apps.gsa.googlequicksearchbox.GelStubAppWatcher
2023-12-18 10:33:51.503 1939-2060/? W/BroadcastQueue: Background execution not allowed: receiving Intent { act=android.intent.action.PACKAGE_ADDED dat=package: flg=0x4000010 (has extras) } to com.facebook.katana/com.facebook.feed.platformads.AppInstallReceiver
2023-12-18 10:33:51.503 1939-2060/? W/BroadcastQueue: Background execution not allowed: receiving Intent { act=android.intent.action.PACKAGE_ADDED dat=package: flg=0x4000010 (has extras) } to com.qihoo.appstore/.personalcenter.installhistory.PackageRecevier
2023-12-18 10:33:51.503 1939-2060/? W/BroadcastQueue: u0 Receiving a broadcast in packagecom.wandoujia.phoenix2.usbproxy requires a permissions review
2023-12-18 10:33:51.503 1939-2060/? W/BroadcastQueue: Skipping delivery: permission review required for Intent { act=android.intent.action.PACKAGE_ADDED dat=package: flg=0x4000010 (has extras) } from null (pid=1939, uid=1000) to com.wandoujia.phoenix2.usbproxy/com.wandoujia.pmp.receivers.AppChangedReceiver
2023-12-18 10:33:51.514 1939-2046/? W/Looper: Drained
2023-12-18 10:33:51.526 3962-4815/? D/MediaProvider: Deleted 0 Android/media items belonging to com.tony.puzzle on /data/user/0/com.google.android.providers.media.module/databases/external.db
2023-12-18 10:33:51.527 1173-1173/? I/Finsky: [2] xdj.g(1): xdj - Received: android.intent.action.PACKAGE_CHANGED, [ecMEZDL3QgHm1FL_QsQt6t5MCvb4lECVgBMjXTZFHes]
2023-12-18 10:33:51.533 1173-16261/? I/Finsky: [179] oto.run(95): Wrote row to frosting DB: 120614
2023-12-18 10:33:51.536 1173-1265/? I/Finsky: [48] kjk.a(55): AIM: AppInfoManager-Perf > OnDeviceAppInfo > cacheHitCount=1, cacheMissCount=0. Missed  in cache (limit 10) : []
2023-12-18 10:33:51.536 8481-14059/? W/ChimeraUtils: Module com.google.android.gms.nearby_en missing resource null(0)
2023-12-18 10:33:51.537 1173-1265/? I/Finsky: [48] khg.apply(890): AIM: Got app ownership map. App counts: . Unique apps: 0
2023-12-18 10:33:51.541 1173-1173/? I/Finsky: [2] khq.f(9): AIM: AppInfoCacheUpdater -> invalidating apps: [com.tony.puzzle]
2023-12-18 10:33:51.541 1173-1173/? I/Finsky: [2] kig.g(21): AIM: AppInfoManager-Perf > getApps > called for 1 apps
2023-12-18 10:33:51.544 1173-1289/? I/Finsky: [61] kjk.a(55): AIM: AppInfoManager-Perf > OnDeviceAppInfo > cacheHitCount=0, cacheMissCount=1. Missed  in cache (limit 10) : [com.tony.puzzle]
2023-12-18 10:33:51.546 1173-1275/? I/Finsky: [53] khg.apply(890): AIM: Got app ownership map. App counts: . Unique apps: 0
2023-12-18 10:33:51.547 1173-16261/? I/Finsky: [179] oto.run(95): Wrote row to frosting DB: 120615
2023-12-18 10:33:51.552 1939-4890/? D/IntervalStats: Unable to parse usage stats packages: [1698, 1811, 2199, 2257, 2453, 2465, 2594, 2611, 2628, 2647, 2674, 2720, 2793, 2806, 2847, 2860, 2877, 2896, 2911, 2931, 2959, 2963, 2964, 2969, 2970, 2972, 2974, 2976, 2981, 2983, 2984, 2992, 2995, 2996, 2998, 3000, 3001, 3002, 3004, 3007, 3009, 3012, 3014, 3016, 3017, 3018, 3027, 3028, 3029, 3033, 3036, 3038, 3039, 3042, 3043, 3044, 3045, 3046, 3047, 3048, 3049, 3052, 3053, 3054, 3055, 3056, 3059, 3061, 3062, 3064, 3067, 3070, 3071, 3072, 3073, 3075, 3079, 3080, 3082, 3083, 3084, 3085, 3088, 3091, 3093, 3095, 3099, 3100, 3101, 3102, 3103, 3104, 3105, 3107, 3109, 3110, 3111, 3112, 3113, 3114, 3115, 3116, 3117, 3118, 3119, 3126, 3128, 3129, 3130, 3131, 3132, 3133, 3134, 3135, 3136, 3137, 3138, 3139, 3142, 3145, 3147, 3149, 3150, 3151, 3154, 3155, 3157, 3158, 3159, 3161, 3162, 3164, 3165, 3168, 3169, 3170, 3171, 3175, 3176, 3177, 3178, 3181, 3182, 3187, 3188, 3189, 3190, 3191, 3192, 3194, 3195, 3196, 3198, 3199, 3200, 3201, 3205, 3207, 3208, 3209, 3211, 3212, 3213, 3214, 3215, 3216, 3217, 3218, 3220, 3221, 3222, 3223, 3225, 3226, 3228, 3229, 3230, 3231, 3234, 3237, 3238, 3239, 3240, 3243, 3244, 3247, 3248, 3250, 3251, 3252, 3253, 3254, 3260, 3262, 3263, 3264, 3265, 3266, 3267, 3269, 3270, 3271, 3272, 3274, 3278, 3280, 3281, 3282, 3284]
2023-12-18 10:33:51.557 8481-14059/? W/ChimeraUtils: Module com.google.android.gms.nearby_en missing resource null(0)
2023-12-18 10:33:51.568 1939-2058/? W/PackageManager: Failed registering loading progress callback. Package is fully loaded.
2023-12-18 10:33:51.573 10802-10802/? I/AiAiEcho: (REDACTED) AppFetcherImplV2 updateApps package:[%s], userId:[%d], reason:[%s].
2023-12-18 10:33:51.576 4751-4826/? I/DeviceAppInfoWork: refreshDeviceAppInfoForAccount done.
2023-12-18 10:33:51.582 1939-2825/? W/BroadcastQueue: u0 Receiving a broadcast in packagecom.wandoujia.phoenix2.usbproxy requires a permissions review
2023-12-18 10:33:51.582 1939-2825/? W/BroadcastQueue: Skipping delivery: permission review required for Intent { act=android.intent.action.PACKAGE_CHANGED dat=package: flg=0x5000010 (has extras) } from null (pid=1939, uid=1000) to com.wandoujia.phoenix2.usbproxy/com.wandoujia.pmp.receivers.AppChangedReceiver
2023-12-18 10:33:51.582 8481-16284/? I/Fitness: (REDACTED) OnPackageChangedOperation got intent: %s
2023-12-18 10:33:51.588 8481-16278/? I/Fitness: (REDACTED) FitCleanupIntentOperation received Intent %s
2023-12-18 10:33:51.591 3962-4815/? D/MediaGrants: Removed 0 media_grants for 0 user for com.tony.puzzle. Reason: Package orphaned
2023-12-18 10:33:51.593 3962-4815/? I/MediaProvider: End Intent { act=android.intent.action.PACKAGE_DATA_CLEARED dat=package: flg=0x1000010 cmp=com.google.android.providers.media.module/com.android.providers.media.MediaService (has extras) }
2023-12-18 10:33:51.595 1173-1265/? I/Finsky: [48] kjg.a(206): AIM: AppInfoManager-Perf > ItemModel > CacheSize=219, cacheHitCount=0, cacheMissCount=0, total appsWithNoServerDataCount=1. Missed  in cache (limit 10) : []
2023-12-18 10:33:51.602 1173-1289/? I/Finsky: [61] kjg.a(206): AIM: AppInfoManager-Perf > ItemModel > CacheSize=219, cacheHitCount=0, cacheMissCount=0, total appsWithNoServerDataCount=1. Missed  in cache (limit 10) : []
2023-12-18 10:33:51.613 1939-2058/? W/WindowMagnificationMgr: requestConnection duplicated request: connect=false, mConnectionState=DISCONNECTED
2023-12-18 10:33:51.622 1173-1294/? I/Finsky: [63] jlv.accept(156): AIM: AppInfoManager-Perf > getApps > data collection finished
2023-12-18 10:33:51.623 1173-1294/? I/Finsky: [63] jfp.run(40): AIM: AppInfoManager-Perf > maybeDestroyAppInfoManager is called. actives = 0
2023-12-18 10:33:51.633 11146-15369/? I/Icing: Indexing com.google.android.gms-apps from com.google.android.gms
2023-12-18 10:33:51.654 11146-15369/? I/Icing: Indexing done com.google.android.gms-apps
2023-12-18 10:33:51.665 10802-10877/? I/AiAiStatsd: (REDACTED) Successfully logged feature enablement for %s.
2023-12-18 10:33:51.695 10802-10802/? I/AiAiEcho: (REDACTED) AppFetcherImpl onPackageChanged %s.
2023-12-18 10:33:51.700 10802-15105/? I/AiAiEcho: (REDACTED) AppIndexer Package:[%s] UserProfile:[%d] Enabled:[%s].
2023-12-18 10:33:51.700 10802-15105/? I/AiAiEcho: (REDACTED) AppFetcherImplV2 updateApps package:[%s], userId:[%d], reason:[%s].
2023-12-18 10:33:51.760 8481-14055/? W/ChimeraUtils: Module com.google.android.gms.nearby_en missing resource null(0)
2023-12-18 10:33:51.784 1939-2000/? I/system_server: Background concurrent copying GC freed 2022320(91MB) AllocSpace objects, 75(2364KB) LOS objects, 55% free, 76MB/172MB, paused 214us,217us total 912.507ms
2023-12-18 10:33:51.789 1939-2001/? W/JavaBinder: BinderProxy is being destroyed but the application did not call unlinkToDeath to unlink all of its death recipients beforehand.  Releasing leaked death recipient: com.android.server.input.InputManagerService$$ExternalSyntheticLambda7
2023-12-18 10:33:51.789 1939-2001/? I/BpBinder: onLastStrongRef automatically unlinking death recipients: <uncached descriptor>
2023-12-18 10:33:51.790 1939-2001/? W/JavaBinder: BinderProxy is being destroyed but the application did not call unlinkToDeath to unlink all of its death recipients beforehand.  Releasing leaked death recipient: com.android.server.input.InputManagerService$$ExternalSyntheticLambda7
2023-12-18 10:33:51.790 1939-2001/? I/BpBinder: onLastStrongRef automatically unlinking death recipients: <uncached descriptor>
2023-12-18 10:33:51.799 8481-14055/? W/ChimeraUtils: Module com.google.android.gms.nearby_en missing resource null(0)
2023-12-18 10:33:51.807 1939-2002/? W/System: A resource failed to call close.
2023-12-18 10:33:51.808 1939-2002/? W/System: A resource failed to call release.
2023-12-18 10:33:51.810 1939-2002/? W/System: A resource failed to call HardwareBuffer.close.
2023-12-18 10:33:51.810 1939-2002/? W/System: A resource failed to call HardwareBuffer.close.
2023-12-18 10:33:51.811 1939-2002/? W/System: A resource failed to call HardwareBuffer.close.
2023-12-18 10:33:51.811 1939-2002/? W/System: A resource failed to call HardwareBuffer.close.
2023-12-18 10:33:52.179 31171-31501/? D/WorkerThreadMonitor: Kill MSF check result[ senderSize:0,sendInterval:3034448,receiveInterval=2823975,addCmdCount=13
2023-12-18 10:33:52.241 31171-31576/? I/SocketReaderNewtrue: SocketReader(117) continue
2023-12-18 10:33:52.241 31171-31576/? D/MSF.C.NetConnTag.true: MsfCoreSocketReaderNew closeConn socketEngineID: 0 socket hashcode: 0 for reason: readError
2023-12-18 10:33:52.241 31171-31576/? E/MSF.C.NetConnTag.true: conn is already closed on readError closeConn socketEngineID: 0 socket hashcode: 0java.lang.Throwable
        at com.tencent.mobileqq.msf.core.net.m.b(P:665)
        at com.tencent.mobileqq.msf.core.net.m$b.run(P:547)
2023-12-18 10:33:52.241 31171-31576/? E/SocketReaderNewtrue: socketEngine: 0socket hashCode: 0SocketReader(117) errorjava.net.SocketException: Socket is closed
2023-12-18 10:33:52.241 31171-31576/? I/SocketReaderNewtrue: SocketReader(117) wait
2023-12-18 10:33:52.666 10802-10871/? I/AiAiEcho: (REDACTED) EchoSearch: WidgetFetcherImpl is initialized with [%d] widgets [reason=%s]
2023-12-18 10:33:53.079 1357-1468/? D/VSC: @ 2040258.445: [WO] Proposed rotation: 0, flat angle threshold: 65
2023-12-18 10:33:53.079 1357-1468/? D/VSC: @ 2040258.445: [WO] orientation angle 0, orientation 0
2023-12-18 10:33:53.079 1357-1468/? D/VSC: @ 2040258.445: [WO] Gyro angle integrated: 0.376338
2023-12-18 10:33:53.271 1939-2607/? D/ConnectivityService: NetReassign [no changes] [c 1] [a 0] [i 2]
2023-12-18 10:33:53.372 8481-15380/? I/NearbyDiscovery: (REDACTED) loadFastPairModule: checkFeaturesAreAvailable:%d
2023-12-18 10:33:53.372 8481-15380/? I/NearbyDiscovery: loadFastPairModule: FastPair module is downloaded. [CONTEXT service_id=265 ]
2023-12-18 10:33:54.046 31171-31446/? D/MemoryCeilingMonitor: [handleMemoryCalculate]
2023-12-18 10:33:54.047 31171-31446/? D/MemoryCeilingMonitor: [calculate] tot: 11831152, max: 268435456, free: 5372560, heap: 6458592, per: 0.02406013011932373
2023-12-18 10:33:55.079 1357-1468/? D/VSC: @ 2040260.445: [WO] Proposed rotation: 0, flat angle threshold: 65
2023-12-18 10:33:55.080 1357-1468/? D/VSC: @ 2040260.445: [WO] orientation angle 0, orientation 0
2023-12-18 10:33:55.080 1357-1468/? D/VSC: @ 2040260.445: [WO] Gyro angle integrated: 1.784506
2023-12-18 10:33:55.957 1617-2731/? D/BufferPoolAccessor2.0: evictor expired: 6, evicted: 0
2023-12-18 10:33:56.288 1939-2607/? D/ConnectivityService: NetReassign [no changes] [c 0] [a 0] [i 3]
2023-12-18 10:33:56.347 8481-8481/? D/BoundBrokerSvc: onUnbind: Intent { act=com.google.android.gms.herrevad.services.LightweightNetworkQualityAndroidService.START pkg=com.google.android.gms }
2023-12-18 10:33:57.079 1357-1468/? D/VSC: @ 2040262.445: [WO] Proposed rotation: 0, flat angle threshold: 65
2023-12-18 10:33:57.079 1357-1468/? D/VSC: @ 2040262.445: [WO] orientation angle 0, orientation 0
2023-12-18 10:33:57.080 1357-1468/? D/VSC: @ 2040262.445: [WO] Gyro angle integrated: 16.548959
2023-12-18 10:33:57.140 2551-2551/? I/EuiccGoogle: [2] EuiccServiceImpl.onDestroy: onDestroy: EuiccService on destroy.
2023-12-18 10:33:57.943 1357-1468/? D/VSC: @ 2040263.299: [Significant Motion] Stop motion_detect
2023-12-18 10:33:57.943 1357-1468/? D/VSC: @ 2040263.300: [Significant Motion] Request accel, interval 20.0 ms, latency 3200.0 ms
2023-12-18 10:33:57.943 1357-1468/? D/CHRE: @ 2040263.301: InstantMotion
2023-12-18 10:33:57.966 1357-1468/? D/CHRE: @ 2040263.331: MagGyroCal(0)=ON
2023-12-18 10:33:57.980 1357-1468/? D/ASH: @ 2040263.346: SensorType 1 resampler quality 1
2023-12-18 10:33:58.027 1357-1468/? D/ASH: @ 2040263.390: SensorType 195 resampler quality 1
2023-12-18 10:33:58.027 1357-1468/? D/ASH: @ 2040263.390: SensorType 195 resampler quality 1
2023-12-18 10:33:58.530 8481-8596/? I/NearbyDiscovery: (REDACTED) FastPairCache: Bloom filter changed, %s, newData=%s, oldData=%s, scanMode=%s
2023-12-18 10:33:59.066 1357-1468/? D/VSC: @ 2040264.430: [WO] Proposed rotation: 0, flat angle threshold: 65
2023-12-18 10:33:59.067 1357-1468/? D/VSC: @ 2040264.430: [WO] orientation angle 3, orientation 0
2023-12-18 10:33:59.067 1357-1468/? D/VSC: @ 2040264.430: [WO] Gyro angle integrated: 72.612106
2023-12-18 10:35:07.296 16543-16643/? I/BugleRcsEngine: [44] anzj.b: SystemBindingManager: force P/H Flag update scheduled and start updateBinding
2023-12-18 10:33:59.329 1939-2607/? D/ConnectivityService: NetReassign [no changes] [c 0] [a 0] [i 3]
2023-12-18 10:34:00.008 10802-10862/? I/AiAiEcho: (REDACTED) Predicting[%d]: %s
2023-12-18 10:34:00.008 10802-10862/? I/AiAiEcho: (REDACTED) EchoTargets: %s
    Filtered by AiAi flag check: %s
2023-12-18 10:34:00.008 10802-10862/? I/AiAiEcho: (REDACTED) Ranked targets strategy: %s, count: %d, ranking metadata: %s
2023-12-18 10:34:00.008 10802-10862/? I/AiAiEcho: (REDACTED) Predicting[%d]: %s
2023-12-18 10:34:00.008 10802-10862/? I/AiAiEcho: (REDACTED) EchoTargets: %s
    Filtered by AiAi flag check: %s
2023-12-18 10:34:00.009 10802-10862/? I/AiAiEcho: (REDACTED) Ranked targets strategy: %s, count: %d, ranking metadata: %s
2023-12-18 10:34:00.010 10802-10862/? I/AiAiEcho: (REDACTED) #postPredictionTargets: Sending updates to UISurface %s with targets# %s (types=[%s])
2023-12-18 10:34:00.010 10802-10862/? I/AiAiEcho: (REDACTED) #postPredictionTargets: Sending updates to UISurface %s with targets# %s (types=[%s])
2023-12-18 10:34:00.012 13845-13845/? E/BcSmartspaceCard: No tap action can be set up
2023-12-18 10:34:00.018 23413-23413/? E/BcSmartspaceCard: No tap action can be set up
2023-12-18 10:34:00.020 10802-10862/? I/AiAiEcho: (REDACTED) Predicting[%d]: %s
2023-12-18 10:34:00.021 10802-10862/? I/AiAiEcho: (REDACTED) EchoTargets: %s
    Filtered by AiAi flag check: %s
2023-12-18 10:34:00.021 10802-10862/? I/AiAiEcho: (REDACTED) Ranked targets strategy: %s, count: %d, ranking metadata: %s
2023-12-18 10:34:00.021 10802-10862/? I/AiAiEcho: (REDACTED) Predicting[%d]: %s
2023-12-18 10:34:00.021 10802-10862/? I/AiAiEcho: (REDACTED) EchoTargets: %s
    Filtered by AiAi flag check: %s
2023-12-18 10:34:00.021 10802-10862/? I/AiAiEcho: (REDACTED) Ranked targets strategy: %s, count: %d, ranking metadata: %s
2023-12-18 10:34:00.023 10802-10862/? I/AiAiEcho: (REDACTED) #postPredictionTargets: Sending updates to UISurface %s with targets# %s (types=[%s])
2023-12-18 10:34:00.024 10802-10862/? I/AiAiEcho: (REDACTED) #postPredictionTargets: Sending updates to UISurface %s with targets# %s (types=[%s])
2023-12-18 10:34:00.024 23413-23413/? E/BcSmartspaceCard: No tap action can be set up
2023-12-18 10:34:00.025 13845-13845/? E/BcSmartspaceCard: No tap action can be set up
2023-12-18 10:34:00.464 1939-14840/? W/BackupManagerService: [UserID:0] Timeout waiting for agent ApplicationInfo{8fe8ee8 com.google.android.apps.maps}
2023-12-18 10:34:00.464 1939-14840/? I/BackupManagerService: [UserID:0] got agent null
2023-12-18 10:34:00.465 1939-14840/? W/ActivityManager: Unbinding backup agent with no active backup
2023-12-18 10:35:07.301 16543-16643/? I/BugleRcsEngine: [44] axbb.l: Reinitialize CSLib Flags: com.google.android.ims.library
2023-12-18 10:34:00.468 1939-14840/? D/KeyValueBackupTask: Starting key-value backup of android
2023-12-18 10:35:07.303 16543-16636/? I/BugleRcsEngine: [42] axbb.l: Reinitialize CSLib Flags: com.google.android.ims.library
2023-12-18 10:34:00.469 1939-14840/? D/BackupManagerService: [UserID:0] awaiting agent for ApplicationInfo{1fade8d android}
2023-12-18 10:34:00.470 1939-1939/? D/BackupManagerService: [UserID:0] agentConnected pkg=android agent=android.app.backup.BackupAgent$BackupServiceBinder@3ac0d90
2023-12-18 10:34:00.471 1939-14840/? I/BackupManagerService: [UserID:0] got agent android.app.backup.BackupAgent$BackupServiceBinder@3ac0d90
2023-12-18 10:34:00.471 1939-14840/? D/KeyValueBackupTask: Invoking agent on android
2023-12-18 10:34:00.484 1939-14840/? D/BackupHelperDispatcher: handling existing helper 'account_manager' com.android.server.backup.AccountManagerBackupHelper@83f56cb
2023-12-18 10:34:00.488 1939-14840/? D/BackupHelperDispatcher: handling existing helper 'account_sync_settings' com.android.server.backup.AccountSyncSettingsBackupHelper@b6bfea8
2023-12-18 10:34:00.489 1939-14840/? D/CompatibilityChangeReporter: Compat change id reported: 201794303; UID 1000; state: ENABLED
2023-12-18 10:34:00.495 1939-14840/? I/AccountSyncSettingsBackupHelper: Backup state version is: 469762048 (support only up to version 1)
2023-12-18 10:34:00.495 1939-14840/? I/AccountSyncSettingsBackupHelper: Backup successful.
2023-12-18 10:34:00.495 1939-14840/? W/BackupHelperDispatcher_native: Skipping unknown header version: 0x0000001d, 24144968 bytes
2023-12-18 10:34:00.495 1939-14840/? D/BackupHelperDispatcher: handling new helper 'app_locales'
2023-12-18 10:34:00.503 1939-14840/? W/PackageConfigPersister: App-specific configuration not found for packageName: com.google.android.uvexposurereporter and userId: 0
2023-12-18 10:34:00.503 1939-14840/? W/PackageConfigPersister: App-specific configuration not found for packageName: com.google.android.networkstack.tethering and userId: 0
2023-12-18 10:34:00.503 1939-14840/? W/PackageConfigPersister: App-specific configuration not found for packageName: com.google.omadm.trigger and userId: 0
2023-12-18 10:34:00.503 1939-14840/? W/PackageConfigPersister: App-specific configuration not found for packageName: com.google.android.carriersetup and userId: 0
2023-12-18 10:34:00.503 1939-14840/? W/PackageConfigPersister: App-specific configuration not found for packageName: com.dxm.superCarRumble and userId: 0
2023-12-18 10:35:07.305 16543-16645/? W/BugleRcsEngine: [46] ayfa.b: No config URL. RCS not configured for dual-registration.
2023-12-18 10:34:00.503 1939-14840/? W/PackageConfigPersister: App-specific configuration not found for packageName: com.android.cts.priv.ctsshim and userId: 0
2023-12-18 10:35:07.307 1683-14705/? D/LOWI-8.6.0.75: [LOWI-Scan] wait_event:Wait done with Cmd 103
2023-12-18 10:34:00.504 1939-14840/? W/PackageConfigPersister: App-specific configuration not found for packageName: com.google.android.youtube and userId: 0
2023-12-18 10:34:00.504 1939-14840/? W/PackageConfigPersister: App-specific configuration not found for packageName: com.vzw.apnlib and userId: 0
2023-12-18 10:34:00.504 1939-14840/? W/PackageConfigPersister: App-specific configuration not found for packageName: com.android.internal.display.cutout.emulation.corner and userId: 0
2023-12-18 10:34:00.504 1939-14840/? W/PackageConfigPersister: App-specific configuration not found for packageName: com.android.settings.overlay.pixel2019 and userId: 0
2023-12-18 10:34:00.504 1939-14840/? W/PackageConfigPersister: App-specific configuration not found for packageName: com.google.android.ext.services and userId: 0
2023-12-18 10:34:00.504 1939-14840/? W/PackageConfigPersister: App-specific configuration not found for packageName: com.android.internal.display.cutout.emulation.double and userId: 0
2023-12-18 10:34:00.504 1939-14840/? W/PackageConfigPersister: App-specific configuration not found for packageName: com.google.oslo and userId: 0
2023-12-18 10:34:00.504 1939-14840/? W/PackageConfigPersister: App-specific configuration not found for packageName: com.google.android.overlay.pixelconfig2018 and userId: 0
2023-12-18 10:34:00.504 1939-14840/? W/PackageConfigPersister: App-specific configuration not found for packageName: com.google.android.overlay.pixelconfig2019 and userId: 0
2023-12-18 10:34:00.504 1939-14840/? W/PackageConfigPersister: App-specific configuration not found for packageName: com.kiwifruitmobile.sudoku and userId: 0
2023-12-18 10:34:00.504 1939-14840/? W/PackageConfigPersister: App-specific configuration not found for packageName: com.android.providers.telephony and userId: 0
2023-12-18 10:35:07.307 1683-14705/? D/LOWI-8.6.0.75: [LOWI-Scan] do_listen_events: Rcvd valid Netlink Cmd 0 Err 0
2023-12-18 10:34:00.504 1939-14840/? W/PackageConfigPersister: App-specific configuration not found for packageName: com.google.android.carrierlocation and userId: 0
2023-12-18 10:34:00.504 1939-14840/? W/PackageConfigPersister: App-specific configuration not found for packageName: com.android.dynsystem and userId: 0
2023-12-18 10:34:00.504 1939-14840/? W/PackageConfigPersister: App-specific configuration not found for packageName: com.android.sdm.plugins.connmo and userId: 0
2023-12-18 10:34:00.504 1939-14840/? W/PackageConfigPersister: App-specific configuration not found for packageName: com.google.android.googlequicksearchbox and userId: 0
2023-12-18 10:34:00.504 1939-14840/? W/PackageConfigPersister: App-specific configuration not found for packageName: com.google.android.cellbroadcastservice and userId: 0
2023-12-18 10:34:00.504 1939-14840/? W/PackageConfigPersister: App-specific configuration not found for packageName: com.google.android.flipendo.auto_generated_rro_vendor__ and userId: 0
2023-12-18 10:34:00.504 1939-14840/? W/PackageConfigPersister: App-specific configuration not found for packageName: com.android.providers.calendar and userId: 0
2023-12-18 10:34:00.504 1939-14840/? W/PackageConfigPersister: App-specific configuration not found for packageName: com.doctor.surgerymaster and userId: 0
2023-12-18 10:34:00.504 1939-14840/? W/PackageConfigPersister: App-specific configuration not found for packageName: com.smilerlee.klondikejapan and userId: 0
2023-12-18 10:34:00.504 1939-14840/? W/PackageConfigPersister: App-specific configuration not found for packageName: com.google.android.googlequicksearchbox.nga_resources and userId: 0
2023-12-18 10:35:07.308 1620-1620/? I/cnss-daemon: nl80211 response handler invoked
2023-12-18 10:34:00.504 1939-14840/? W/PackageConfigPersister: App-specific configuration not found for packageName: com.android.providers.media and userId: 0
2023-12-18 10:35:07.308 1620-1620/? I/cnss-daemon: nl80211_response_handler: cmd 103, vendorID 4980, subcmd 10  received
2023-12-18 10:34:00.504 1939-14840/? W/PackageConfigPersister: App-specific configuration not found for packageName: com.fcnaud.citybuster and userId: 0
2023-12-18 10:34:00.504 1939-14840/? W/PackageConfigPersister: App-specific configuration not found for packageName: com.google.pixel.livewallpaper and userId: 0
2023-12-18 10:34:00.504 1939-14840/? W/PackageConfigPersister: App-specific configuration not found for packageName: com.google.android.apps.docs.editors.docs and userId: 0
2023-12-18 10:34:00.504 1939-14840/? W/PackageConfigPersister: App-specific configuration not found for packageName: com.google.android.onetimeinitializer and userId: 0
2023-12-18 10:34:00.504 1939-14840/? W/PackageConfigPersister: App-specific configuration not found for packageName: com.google.android.ext.shared and userId: 0
2023-12-18 10:34:00.504 1939-14840/? W/PackageConfigPersister: App-specific configuration not found for packageName: com.android.internal.systemui.navbar.gestural_wide_back and userId: 0
2023-12-18 10:34:00.504 1939-14840/? W/PackageConfigPersister: App-specific configuration not found for packageName: com.threed.bowling and userId: 0
2023-12-18 10:34:00.505 1939-14840/? W/PackageConfigPersister: App-specific configuration not found for packageName: com.android.hbmsvmanager and userId: 0
2023-12-18 10:34:00.505 1939-14840/? W/PackageConfigPersister: App-specific configuration not found for packageName: com.junerking.racingcar and userId: 0
2023-12-18 10:34:00.505 1939-14840/? W/PackageConfigPersister: App-specific configuration not found for packageName: com.google.android.federatedcompute and userId: 0
2023-12-18 10:35:07.308 1598-1598/? I/wificond: Regulatory domain changed to country: CN on wiphy_index: 0
2023-12-18 10:34:00.505 1939-14840/? W/PackageConfigPersister: App-specific configuration not found for packageName: com.prison.gansters and userId: 0
2023-12-18 10:34:00.505 1939-14840/? W/PackageConfigPersister: App-specific configuration not found for packageName: com.google.android.apps.diagnosticstool and userId: 0
2023-12-18 10:34:00.505 1939-14840/? W/PackageConfigPersister: App-specific configuration not found for packageName: com.google.euiccpixel.permissions and userId: 0
2023-12-18 10:34:00.505 1939-14840/? W/PackageConfigPersister: App-specific configuration not found for packageName: com.google.euiccpixel and userId: 0
2023-12-18 10:34:00.505 1939-14840/? W/PackageConfigPersister: App-specific configuration not found for packageName: com.julian.fastracing and userId: 0
2023-12-18 10:34:00.505 1939-14840/? W/PackageConfigPersister: App-specific configuration not found for packageName: com.google.android.flipendo and userId: 0
2023-12-18 10:34:00.505 1939-14840/? W/PackageConfigPersister: App-specific configuration not found for packageName: com.PinballGame and userId: 0
2023-12-18 10:34:00.505 1939-14840/? W/PackageConfigPersister: App-specific configuration not found for packageName: com.wanxing.restaurant and userId: 0
2023-12-18 10:34:00.505 1939-14840/? W/PackageConfigPersister: App-specific configuration not found for packageName: com.android.settings.overlay.coral and userId: 0
2023-12-18 10:35:07.308 1939-5991/? D/WifiNl80211Manager: OnRegDomainChanged CN
2023-12-18 10:34:00.505 1939-14840/? W/PackageConfigPersister: App-specific configuration not found for packageName: com.android.settings.overlay.g020j and userId: 0
2023-12-18 10:34:00.505 1939-14840/? W/PackageConfigPersister: App-specific configuration not found for packageName: com.google.android.storagemanager.auto_generated_rro_product__ and userId: 0
2023-12-18 10:34:00.505 1939-14840/? W/PackageConfigPersister: App-specific configuration not found for packageName: com.yx.sniperkiller and userId: 0
2023-12-18 10:34:00.505 1939-14840/? W/PackageConfigPersister: App-specific configuration not found for packageName: com.google.android.apps.podcasts and userId: 0
2023-12-18 10:34:00.505 1939-14840/? W/PackageConfigPersister: App-specific configuration not found for packageName: com.yinyuya.idlecar and userId: 0
2023-12-18 10:34:00.505 1939-14840/? W/PackageConfigPersister: App-specific configuration not found for packageName: com.android.simappdialog.auto_generated_rro_product__ and userId: 0
2023-12-18 10:34:00.505 1939-14840/? W/PackageConfigPersister: App-specific configuration not found for packageName: com.leagem.chesslive and userId: 0
2023-12-18 10:34:00.505 1939-14840/? W/PackageConfigPersister: App-specific configuration not found for packageName: com.android.safetyregulatoryinfo.auto_generated_rro_product__ and userId: 0
2023-12-18 10:34:00.505 1939-14840/? W/PackageConfigPersister: App-specific configuration not found for packageName: com.android.omadm.service.auto_generated_rro_product__ and userId: 0
2023-12-18 10:34:00.505 1939-14840/? W/PackageConfigPersister: App-specific configuration not found for packageName: com.android.externalstorage and userId: 0
2023-12-18 10:35:07.308 1939-5991/? D/WifiNative: onCountryCodeChanged: CN
2023-12-18 10:34:00.505 1939-14840/? W/PackageConfigPersister: App-specific configuration not found for packageName: com.qualcomm.uimremoteclient and userId: 0
2023-12-18 10:34:00.505 1939-14840/? W/PackageConfigPersister: App-specific configuration not found for packageName: com.android.htmlviewer and userId: 0
2023-12-18 10:34:00.505 1939-14840/? W/PackageConfigPersister: App-specific configuration not found for packageName: com.qualcomm.qti.uceShimService and userId: 0
2023-12-18 10:34:00.505 1939-14840/? W/PackageConfigPersister: App-specific configuration not found for packageName: com.android.companiondevicemanager and userId: 0
2023-12-18 10:34:00.505 1939-14840/? W/PackageConfigPersister: App-specific configuration not found for packageName: com.verizon.obdm_permissions and userId: 0
2023-12-18 10:34:00.505 1939-14840/? W/PackageConfigPersister: App-specific configuration not found for packageName: com.android.mms.service and userId: 0
2023-12-18 10:34:00.506 1939-14840/? W/PackageConfigPersister: App-specific configuration not found for packageName: com.wandoujia.phoenix2.usbproxy and userId: 0
2023-12-18 10:34:00.506 1939-14840/? W/PackageConfigPersister: App-specific configuration not found for packageName: com.android.providers.downloads and userId: 0
2023-12-18 10:34:00.506 1939-14840/? W/PackageConfigPersister: App-specific configuration not found for packageName: com.android.sdm.plugins.usccdm and userId: 0
2023-12-18 10:34:00.506 1939-14840/? W/PackageConfigPersister: App-specific configuration not found for packageName: com.android.systemui.auto_generated_rro_product__ and userId: 0
2023-12-18 10:34:00.506 1939-14840/? W/PackageConfigPersister: App-specific configuration not found for packageName: com.vitastudio.solitaire and userId: 0
2023-12-18 10:35:07.308 1366-2676/? I/WifiHAL: event received NL80211_CMD_VENDOR, vendor_id = 0x1374, subcmd = 0xa
2023-12-18 10:34:00.506 1939-14840/? W/PackageConfigPersister: App-specific configuration not found for packageName: com.google.android.apps.messaging and userId: 0
2023-12-18 10:34:00.506 1939-14840/? W/PackageConfigPersister: App-specific configuration not found for packageName: com.google.android.networkstack.tethering.overlay and userId: 0
2023-12-18 10:34:00.506 1939-14840/? W/PackageConfigPersister: App-specific configuration not found for packageName: com.fxb.prison and userId: 0
2023-12-18 10:34:00.506 1939-14840/? W/PackageConfigPersister: App-specific configuration not found for packageName: com.gsr.wordcross and userId: 0
2023-12-18 10:34:00.506 1939-14840/? W/PackageConfigPersister: App-specific configuration not found for packageName: com.google.android.soundpicker and userId: 0
2023-12-18 10:34:00.506 1939-14840/? W/PackageConfigPersister: App-specific configuration not found for packageName: com.loop.match3d and userId: 0
2023-12-18 10:34:00.506 1939-14840/? W/PackageConfigPersister: App-specific configuration not found for packageName: vendor.qti.hardware.cacert.server and userId: 0
2023-12-18 10:34:00.506 1939-14840/? W/PackageConfigPersister: App-specific configuration not found for packageName: com.easybrain.art.puzzle and userId: 0
2023-12-18 10:34:00.506 1939-14840/? W/PackageConfigPersister: App-specific configuration not found for packageName: com.fcnaud.robbery and userId: 0
2023-12-18 10:34:00.506 1939-14840/? W/PackageConfigPersister: App-specific configuration not found for packageName: com.godlike.slotcasio and userId: 0
2023-12-18 10:34:00.506 1939-14840/? W/PackageConfigPersister: App-specific configuration not found for packageName: com.zd.block and userId: 0
2023-12-18 10:34:00.506 1939-14840/? W/PackageConfigPersister: App-specific configuration not found for packageName: com.breel.wallpapers19 and userId: 0
2023-12-18 10:34:00.507 1939-14840/? W/PackageConfigPersister: App-specific configuration not found for packageName: com.fruitsplay.casino and userId: 0
2023-12-18 10:34:00.507 1939-14840/? W/PackageConfigPersister: App-specific configuration not found for packageName: com.qualcomm.qti.gpudrivers.msmnile.api30 and userId: 0
2023-12-18 10:35:07.309 20140-20140/? I/wpa_supplicant: wlan0: CTRL-EVENT-AVOID-FREQ ranges=5500-5640
2023-12-18 10:34:00.507 1939-14840/? W/PackageConfigPersister: App-specific configuration not found for packageName: android.autoinstalls.config.google.nexus and userId: 0
2023-12-18 10:34:00.507 1939-14840/? W/PackageConfigPersister: App-specific configuration not found for packageName: com.play.Jewels3 and userId: 0
2023-12-18 10:34:00.507 1939-14840/? W/PackageConfigPersister: App-specific configuration not found for packageName: com.qualcomm.qti.telephonyservice and userId: 0
2023-12-18 10:34:00.507 1939-14840/? W/PackageConfigPersister: App-specific configuration not found for packageName: com.Bingo.BikeRace3D and userId: 0
2023-12-18 10:34:00.507 1939-14840/? W/PackageConfigPersister: App-specific configuration not found for packageName: com.wyy.bubble and userId: 0
2023-12-18 10:35:07.309 20140-20140/? I/wpa_supplicant: wlan0: CTRL-EVENT-REGDOM-CHANGE init=DRIVER type=COUNTRY alpha2=CN
2023-12-18 10:34:00.507 1939-14840/? W/PackageConfigPersister: App-specific configuration not found for packageName: com.master.hotelmaster and userId: 0
2023-12-18 10:34:00.507 1939-14840/? W/PackageConfigPersister: App-specific configuration not found for packageName: vendor.qti.iwlan and userId: 0
2023-12-18 10:34:00.507 1939-14840/? W/PackageConfigPersister: App-specific configuration not found for packageName: com.v2ray.ang and userId: 0
2023-12-18 10:34:00.507 1939-14840/? W/PackageConfigPersister: App-specific configuration not found for packageName: com.google.android.configupdater and userId: 0
2023-12-18 10:34:00.507 1939-14840/? W/PackageConfigPersister: App-specific configuration not found for packageName: com.Snow.FencingSwordPlay and userId: 0
2023-12-18 10:34:00.507 1939-14840/? W/PackageConfigPersister: App-specific configuration not found for packageName: com.google.android.providers.media.module and userId: 0
2023-12-18 10:34:00.507 1939-14840/? W/PackageConfigPersister: App-specific configuration not found for packageName: com.kx.darts and userId: 0
2023-12-18 10:34:00.507 1939-14840/? W/PackageConfigPersister: App-specific configuration not found for packageName: com.google.android.wifi.resources.pixel and userId: 0
2023-12-18 10:34:00.507 1939-14840/? W/PackageConfigPersister: App-specific configuration not found for packageName: com.qualcomm.uimremoteserver and userId: 0
2023-12-18 10:34:00.507 1939-14840/? W/PackageConfigPersister: App-specific configuration not found for packageName: com.hdhstack.athletics and userId: 0
2023-12-18 10:34:00.507 1939-14840/? W/PackageConfigPersister: App-specific configuration not found for packageName: com.google.android.overlay.googlewebview and userId: 0
2023-12-18 10:34:00.507 1939-14840/? W/PackageConfigPersister: App-specific configuration not found for packageName: com.google.android.apps.safetyhub and userId: 0
2023-12-18 10:35:07.310 16543-16627/? I/BugleRcsEngine: [35] awkv.run: SystemBindingManager: SystemBinding enabled: true
2023-12-18 10:34:00.507 1939-14840/? W/PackageConfigPersister: App-specific configuration not found for packageName: com.tony.rider and userId: 0
2023-12-18 10:34:00.507 1939-14840/? W/PackageConfigPersister: App-specific configuration not found for packageName: com.llx.zombie.hilldismount and userId: 0
2023-12-18 10:34:00.507 1939-14840/? W/PackageConfigPersister: App-specific configuration not found for packageName: com.android.systemui.plugin.globalactions.wallet and userId: 0
2023-12-18 10:34:00.507 1939-14840/? W/PackageConfigPersister: App-specific configuration not found for packageName: com.google.ar.core and userId: 0
2023-12-18 10:34:00.507 1939-14840/? W/PackageConfigPersister: App-specific configuration not found for packageName: com.android.providers.downloads.ui and userId: 0
2023-12-18 10:34:00.507 1939-14840/? W/PackageConfigPersister: App-specific configuration not found for packageName: com.google.android.hotspot2.osulogin and userId: 0
2023-12-18 10:34:00.507 1939-14840/? W/PackageConfigPersister: App-specific configuration not found for packageName: com.android.vending and userId: 0
2023-12-18 10:34:00.507 1939-14840/? W/PackageConfigPersister: App-specific configuration not found for packageName: com.sd.mma.fighting.star.boxing and userId: 0
2023-12-18 10:34:00.507 1939-14840/? W/PackageConfigPersister: App-specific configuration not found for packageName: com.android.pacprocessor and userId: 0
2023-12-18 10:34:00.508 1939-14840/? W/PackageConfigPersister: App-specific configuration not found for packageName: com.android.simappdialog and userId: 0
2023-12-18 10:34:00.508 1939-14840/? W/PackageConfigPersister: App-specific configuration not found for packageName: com.popzhang.sudoku and userId: 0
2023-12-18 10:34:00.508 1939-14840/? W/PackageConfigPersister: App-specific configuration not found for packageName: com.leagem.mahjong and userId: 0
2023-12-18 10:34:00.508 1939-14840/? W/PackageConfigPersister: App-specific configuration not found for packageName: com.google.android.adservices.api and userId: 0
2023-12-18 10:34:00.508 1939-14840/? W/PackageConfigPersister: App-specific configuration not found for packageName: com.easybrain.jigsaw.puzzles and userId: 0
2023-12-18 10:34:00.508 1939-14840/? W/PackageConfigPersister: App-specific configuration not found for packageName: com.google.android.overlay.pixelconfig2019midyear and userId: 0
2023-12-18 10:35:07.311 1598-1598/? I/wificond: 2.4Ghz frequencies: 2412 2417 2422 2427 2432 2437 2442 2447 2452 2457 2462 2467 2472
2023-12-18 10:34:00.508 1939-14840/? W/PackageConfigPersister: App-specific configuration not found for packageName: com.android.internal.display.cutout.emulation.hole and userId: 0
2023-12-18 10:34:00.508 1939-14840/? W/PackageConfigPersister: App-specific configuration not found for packageName: com.android.internal.display.cutout.emulation.tall and userId: 0
2023-12-18 10:34:00.508 1939-14840/? W/PackageConfigPersister: App-specific configuration not found for packageName: com.android.networkstack.overlay and userId: 0
2023-12-18 10:34:00.508 1939-14840/? W/PackageConfigPersister: App-specific configuration not found for packageName: com.android.certinstaller and userId: 0
2023-12-18 10:34:00.508 1939-14840/? W/PackageConfigPersister: App-specific configuration not found for packageName: com.virgil.basketball and userId: 0
2023-12-18 10:34:00.508 1939-14840/? W/PackageConfigPersister: App-specific configuration not found for packageName: com.mobilegame.dominoes and userId: 0
2023-12-18 10:34:00.508 1939-14840/? W/PackageConfigPersister: App-specific configuration not found for packageName: com.google.android.marvin.talkback and userId: 0
2023-12-18 10:34:00.508 1939-14840/? W/PackageConfigPersister: App-specific configuration not found for packageName: com.Avalon.Pendragon and userId: 0
2023-12-18 10:34:00.508 1939-14840/? W/PackageConfigPersister: App-specific configuration not found for packageName: com.mimos.cut.thegrass and userId: 0
2023-12-18 10:34:00.508 1939-14840/? W/PackageConfigPersister: App-specific configuration not found for packageName: com.google.android.connectivity.resources.overlay and userId: 0
2023-12-18 10:34:00.508 1939-14840/? W/PackageConfigPersister: App-specific configuration not found for packageName: com.android.internal.systemui.navbar.threebutton and userId: 0
2023-12-18 10:34:00.508 1939-14840/? W/PackageConfigPersister: App-specific configuration not found for packageName: com.google.android.apps.work.oobconfig and userId: 0
2023-12-18 10:34:00.508 1939-14840/? W/PackageConfigPersister: App-specific configuration not found for packageName: com.qti.qualcomm.datastatusnotification and userId: 0
2023-12-18 10:34:00.508 1939-14840/? W/PackageConfigPersister: App-specific configuration not found for packageName: android and userId: 0
