2023-12-18 10:34:19.030 1939-2049/? I/DisplayDeviceRepository: Display device changed: DisplayDeviceInfo{"": uniqueId="local:4630946523002478721", 1440 x 3040, modeId 1, defaultModeId 1, supportedModes [{id=1, width=1440, height=3040, fps=60.000004, alternativeRefreshRates=[90.0]}, {id=2, width=1440, height=3040, fps=90.0, alternativeRefreshRates=[60.000004]}], colorMode 0, supportedColorModes [0, 7, 9], hdrCapabilities HdrCapabilities{mSupportedHdrTypes=[2, 3], mMaxLuminance=500.0, mMaxAverageLuminance=500.0, mMinLuminance=0.0}, allmSupported false, gameContentTypeSupported false, density 560, 537.882 x 539.972 dpi, appVsyncOff 2333332, presDeadline 11500000, touch INTERNAL, rotation 0, type INTERNAL, address {port=129, model=0x40446d53ad64a0}, deviceProductInfo DeviceProductInfo{name=, manufacturerPnpId=QCM, productId=1, modelYear=null, manufactureDate=ManufactureDate{week=27, year=2006}, connectionToSinkType=0}, state ON, frameRateOverride , brightnessMinimum 0.0, brightnessMaximum 1.0, brightnessDefault 0.38188976, roundedCorners RoundedCorners{[RoundedCorner{position=TopLeft, radius=157, center=Point(157, 157)}, RoundedCorner{position=TopRight, radius=157, center=Point(1283, 157)}, RoundedCorner{position=BottomRight, radius=157, center=Point(1283, 2883)}, RoundedCorner{position=BottomLeft, radius=157, center=Point(157, 2883)}]}, FLAG_ALLOWED_TO_BE_DEFAULT_DISPLAY, FLAG_ROTATES_WITH_CONTENT, FLAG_SECURE, FLAG_SUPPORTS_PROTECTED_BUFFERS, installOrientation 0}
2023-12-18 10:34:19.501 1357-1468/? D/VSC: @ 2040284.864: [WO] Proposed rotation: 3, flat angle threshold: 40
2023-12-18 10:34:19.501 1357-1468/? D/VSC: @ 2040284.864: [WO] orientation angle 228, orientation 3
2023-12-18 10:34:19.501 1357-1468/? D/VSC: @ 2040284.864: [WO] Gyro angle integrated: 60.278678
2023-12-18 10:34:20.424 1939-2607/? D/ConnectivityService: NetReassign [no changes] [c 1] [a 0] [i 2]
2023-12-18 10:34:20.629 1362-1398/? D/rlsservice: MonitorDisplayStatus client num 1, display status 1, sensor status 1
2023-12-18 10:34:21.207 1939-2049/? I/DisplayDeviceRepository: Display device changed: DisplayDeviceInfo{"": uniqueId="local:4630946523002478721", 1440 x 3040, modeId 2, defaultModeId 1, supportedModes [{id=1, width=1440, height=3040, fps=60.000004, alternativeRefreshRates=[90.0]}, {id=2, width=1440, height=3040, fps=90.0, alternativeRefreshRates=[60.000004]}], colorMode 0, supportedColorModes [0, 7, 9], hdrCapabilities HdrCapabilities{mSupportedHdrTypes=[2, 3], mMaxLuminance=500.0, mMaxAverageLuminance=500.0, mMinLuminance=0.0}, allmSupported false, gameContentTypeSupported false, density 560, 537.882 x 539.972 dpi, appVsyncOff 2333333, presDeadline 11500000, touch INTERNAL, rotation 0, type INTERNAL, address {port=129, model=0x40446d53ad64a0}, deviceProductInfo DeviceProductInfo{name=, manufacturerPnpId=QCM, productId=1, modelYear=null, manufactureDate=ManufactureDate{week=27, year=2006}, connectionToSinkType=0}, state ON, frameRateOverride , brightnessMinimum 0.0, brightnessMaximum 1.0, brightnessDefault 0.38188976, roundedCorners RoundedCorners{[RoundedCorner{position=TopLeft, radius=157, center=Point(157, 157)}, RoundedCorner{position=TopRight, radius=157, center=Point(1283, 157)}, RoundedCorner{position=BottomRight, radius=157, center=Point(1283, 2883)}, RoundedCorner{position=BottomLeft, radius=157, center=Point(157, 2883)}]}, FLAG_ALLOWED_TO_BE_DEFAULT_DISPLAY, FLAG_ROTATES_WITH_CONTENT, FLAG_SECURE, FLAG_SUPPORTS_PROTECTED_BUFFERS, installOrientation 0}
2023-12-18 10:34:21.386 1357-1468/? D/CHRE: @ 2040286.751: StationaryDetect
2023-12-18 10:34:21.393 1357-1468/? D/CHRE: @ 2040286.758: MagGyroCal(0)=OFF
2023-12-18 10:34:21.413 1357-1468/? D/ASH: @ 2040286.779: SensorType 1 resampler quality 0
2023-12-18 10:34:21.418 1357-1468/? D/ASH: @ 2040286.783: SensorType 195 resampler quality 2
2023-12-18 10:34:21.418 1357-1468/? D/ASH: @ 2040286.783: SensorType 195 resampler quality 0
2023-12-18 10:34:21.721 1939-2049/? D/ColorDisplayService: DisplayWhiteBalanceTintController Animation cancelled: false to matrix:
           0.975544-0.000704-0.000122 0.000000 0.023968 0.941420-0.000079 0.000000 0.000488-0.000041 0.943576 0.000000 0.000000 0.000000 0.000000 1.000000 min matrix coefficients:
           0.974324-0.000739-0.000153 0.000000 0.023968 0.938509-0.000130 0.000000 0.000488-0.000041 0.934531 0.000000 0.000000 0.000000 0.000000 1.000000 max matrix coefficients:
           0.975544 0.000000 0.000000 0.000000 0.025157 0.941420 0.000000 0.000000 0.000519 0.000074 0.943576 0.000000 0.000000 0.000000 0.000000 1.000000
2023-12-18 10:34:21.796 1939-2143/? D/DisplayWhiteBalanceController: Display cct: 6781.5337 Latest ambient cct: 6847.853 Latest ambient lux: 99.05241 Latest low light bias: 1.0 Latest high light bias: 0.0
2023-12-18 10:34:21.797 1939-2143/? D/ColorDisplayService: setDisplayWhiteBalanceTemperatureMatrix: cct = 6781 matrix =
           0.969820-0.000435 0.000122 0.000000 0.014690 0.948898 0.000326 0.000000 0.000241-0.000952 0.999552 0.000000 0.000000 0.000000 0.000000 1.000000
2023-12-18 10:34:22.242 31171-31576/? I/SocketReaderNewtrue: SocketReader(117) continue
2023-12-18 10:34:22.242 31171-31576/? D/MSF.C.NetConnTag.true: MsfCoreSocketReaderNew closeConn socketEngineID: 0 socket hashcode: 0 for reason: readError
2023-12-18 10:34:22.242 31171-31576/? E/MSF.C.NetConnTag.true: conn is already closed on readError closeConn socketEngineID: 0 socket hashcode: 0java.lang.Throwable
        at com.tencent.mobileqq.msf.core.net.m.b(P:665)
        at com.tencent.mobileqq.msf.core.net.m$b.run(P:547)
2023-12-18 10:34:22.243 31171-31576/? E/SocketReaderNewtrue: socketEngine: 0socket hashCode: 0SocketReader(117) errorjava.net.SocketException: Socket is closed
2023-12-18 10:34:22.243 31171-31576/? I/SocketReaderNewtrue: SocketReader(117) wait
2023-12-18 10:34:22.315 8481-14055/? I/NearbyMediums: Found Fast Ble Advertisements :
    BleAdvertisement { version=2, socketVersion=2, serviceIdHash=null, data=[ 0x23 0x38 0x56 0x59 0x52 0x11 0x32 0x8a 0xb7 0x0d 0xe8 0x6a 0x61 0x87 0x40 0xab 0x64 0xe5 0x0c 0xc5 0xe7 0x66 0xbb ], deviceToken=[ 0x7f 0x1e ] } : 2 times.
2023-12-18 10:34:22.510 1357-1468/? D/CHRE: @ 2040287.873: InstantMotion
2023-12-18 10:34:22.554 1357-1468/? D/CHRE: @ 2040287.919: MagGyroCal(0)=ON
2023-12-18 10:34:22.579 1357-1468/? D/ASH: @ 2040287.943: SensorType 195 resampler quality 1
2023-12-18 10:34:22.579 1357-1468/? D/ASH: @ 2040287.944: SensorType 195 resampler quality 1
2023-12-18 10:34:22.579 1357-1468/? D/ASH: @ 2040287.945: SensorType 1 resampler quality 1
2023-12-18 10:34:23.449 1939-2607/? D/ConnectivityService: NetReassign [no changes] [c 1] [a 0] [i 3]
2023-12-18 10:34:24.064 31171-31446/? D/MemoryCeilingMonitor: [handleMemoryCalculate]
2023-12-18 10:34:24.064 31171-31446/? D/MemoryCeilingMonitor: [calculate] tot: 11831152, max: 268435456, free: 5290576, heap: 6540576, per: 0.024365544319152832
2023-12-18 10:34:24.809 1939-2049/? D/ColorDisplayService: DisplayWhiteBalanceTintController Animation cancelled: false to matrix:
           0.969820-0.000435 0.000122 0.000000 0.014690 0.948898 0.000326 0.000000 0.000241-0.000952 0.999552 0.000000 0.000000 0.000000 0.000000 1.000000 min matrix coefficients:
           0.969820-0.000704-0.000122 0.000000 0.014690 0.941420-0.000079 0.000000 0.000241-0.000952 0.943576 0.000000 0.000000 0.000000 0.000000 1.000000 max matrix coefficients:
           0.975544 0.000000 0.000122 0.000000 0.023968 0.948898 0.000326 0.000000 0.000488 0.000000 0.999552 0.000000 0.000000 0.000000 0.000000 1.000000
2023-12-18 10:34:24.873 1939-2143/? D/DisplayWhiteBalanceController: Display cct: 7097.4517 Latest ambient cct: 7412.4194 Latest ambient lux: 101.29372 Latest low light bias: 1.0 Latest high light bias: 0.0
2023-12-18 10:34:24.874 1939-2143/? D/ColorDisplayService: setDisplayWhiteBalanceTemperatureMatrix: cct = 7097 matrix =
           0.927025-0.000240 0.000289 0.000000 0.007957 0.915684 0.000602 0.000000 0.000064-0.001566 0.999109 0.000000 0.000000 0.000000 0.000000 1.000000
2023-12-18 10:34:25.170 1939-2008/? W/ContextImpl: Calling a method in the system process without a qualified user: android.app.ContextImpl.sendBroadcastMultiplePermissions:1222 com.android.server.TelephonyRegistry.broadcastServiceStateChanged:3085 com.android.server.TelephonyRegistry.notifyServiceStateForPhoneId:1616 com.android.internal.telephony.ITelephonyRegistry$Stub.onTransact:492 android.os.Binder.execTransactInternal:1280
2023-12-18 10:34:25.171 1939-2060/? W/BroadcastQueue: Permission Denial: receiving Intent { act=android.intent.action.SERVICE_STATE flg=0x1000010 (has extras) } to ProcessRecord{636b63b 23413:com.android.systemui/u0a158} (pid=23413, uid=10158) requires android.permission.READ_PHONE_STATE due to sender android (uid 1001)
2023-12-18 10:34:25.171 1939-2008/? W/ContextImpl: Calling a method in the system process without a qualified user: android.app.ContextImpl.sendBroadcastMultiplePermissions:1272 android.content.Context.sendBroadcastMultiplePermissions:2272 com.android.server.TelephonyRegistry.broadcastServiceStateChanged:3089 com.android.server.TelephonyRegistry.notifyServiceStateForPhoneId:1616 com.android.internal.telephony.ITelephonyRegistry$Stub.onTransact:492
2023-12-18 10:34:25.171 1939-2060/? W/BroadcastQueue: Permission Denial: receiving Intent { act=android.intent.action.SERVICE_STATE flg=0x1000010 (has extras) } to com.google.android.cellbroadcastreceiver/com.android.cellbroadcastreceiver.CellBroadcastReceiver requires android.permission.READ_PHONE_STATE due to sender android (uid 1001)
2023-12-18 10:34:25.172 1939-2060/? W/BroadcastQueue: Permission Denial: receiving Intent { act=android.intent.action.SERVICE_STATE flg=0x1000010 (has extras) } to ProcessRecord{636b63b 23413:com.android.systemui/u0a158} (pid=23413, uid=10158) requires android.permission.ACCESS_FINE_LOCATION due to sender android (uid 1001)
2023-12-18 10:34:25.172 1939-2060/? W/BroadcastQueue: Permission Denial: receiving Intent { act=android.intent.action.SERVICE_STATE flg=0x1000010 (has extras) } to com.google.android.cellbroadcastreceiver/com.android.cellbroadcastreceiver.CellBroadcastReceiver requires android.permission.ACCESS_FINE_LOCATION due to sender android (uid 1001)
2023-12-18 10:34:25.172 1939-2008/? W/ContextImpl: Calling a method in the system process without a qualified user: android.app.ContextImpl.sendBroadcastMultiplePermissions:1272 android.content.Context.sendBroadcastMultiplePermissions:2272 com.android.server.TelephonyRegistry.broadcastServiceStateChanged:3096 com.android.server.TelephonyRegistry.notifyServiceStateForPhoneId:1616 com.android.internal.telephony.ITelephonyRegistry$Stub.onTransact:492
2023-12-18 10:34:25.172 1939-2060/? W/BroadcastQueue: Permission Denial: receiving Intent { act=android.intent.action.SERVICE_STATE flg=0x1000010 (has extras) } to ProcessRecord{636b63b 23413:com.android.systemui/u0a158} (pid=23413, uid=10158) requires android.permission.READ_PHONE_STATE due to sender android (uid 1001)
2023-12-18 10:34:25.173 1939-2008/? W/ContextImpl: Calling a method in the system process without a qualified user: android.app.ContextImpl.sendBroadcastMultiplePermissions:1272 android.content.Context.sendBroadcastMultiplePermissions:2272 com.android.server.TelephonyRegistry.broadcastServiceStateChanged:3100 com.android.server.TelephonyRegistry.notifyServiceStateForPhoneId:1616 com.android.internal.telephony.ITelephonyRegistry$Stub.onTransact:492
2023-12-18 10:34:25.173 1939-2060/? W/BroadcastQueue: Permission Denial: receiving Intent { act=android.intent.action.SERVICE_STATE flg=0x1000010 (has extras) } to com.google.android.cellbroadcastreceiver/com.android.cellbroadcastreceiver.CellBroadcastReceiver requires android.permission.READ_PHONE_STATE due to sender android (uid 1001)
2023-12-18 10:34:25.173 3028-3028/? D/ServiceStateProvider: subId=-1
2023-12-18 10:34:25.174 23413-23413/? W/KeyguardUpdateMonitor: invalid subId in handleServiceStateChange()
2023-12-18 10:34:25.180 1939-2060/? D/CompatibilityChangeReporter: Compat change id reported: 168419799; UID 10251; state: DISABLED
2023-12-18 10:34:25.181 14087-14087/? D/CellBroadcastReceiver: onReceive Intent { act=android.intent.action.SERVICE_STATE flg=0x1000010 cmp=com.google.android.cellbroadcastreceiver/com.android.cellbroadcastreceiver.CellBroadcastReceiver (has extras) }
2023-12-18 10:34:25.181 14087-14087/? D/CellBroadcastReceiver: onServiceStateChanged, ss: 1
2023-12-18 10:34:25.355 11146-12699/? I/Backup: [GmsBackupTransport] Backup finished for com.google.android.inputmethod.latin
2023-12-18 10:34:25.357 1939-14840/? V/BackupManagerConstants: getBackupFinishedNotificationReceivers(...) returns
2023-12-18 10:34:25.360 1939-14840/? D/KeyValueBackupTask: Starting key-value backup of com.google.android.calendar
2023-12-18 10:34:25.366 1939-14840/? D/BackupManagerService: [UserID:0] awaiting agent for ApplicationInfo{5718912 com.google.android.calendar}
2023-12-18 10:34:25.369 1939-3165/? D/BackupManagerService: [UserID:0] agentConnected pkg=com.google.android.calendar agent=android.os.BinderProxy@85b245e
2023-12-18 10:34:25.369 1939-14840/? I/BackupManagerService: [UserID:0] got agent android.app.IBackupAgent$Stub$Proxy@297503f
2023-12-18 10:34:25.369 1939-14840/? D/KeyValueBackupTask: Invoking agent on com.google.android.calendar
2023-12-18 10:34:25.389 13800-13813/? D/BackupHelperDispatcher: handling existing helper 'persistent_backup_agent_helper_prefs' android.app.backup.SharedPreferencesBackupHelper@4adae5
2023-12-18 10:34:25.394 1939-14840/? I/BackupRestoreController: Getting widget state for user: 0
2023-12-18 10:34:25.421 11146-12699/? I/Backup: [GmsBackupTransport] Performing encrypted kv backup: com.google.android.calendar
2023-12-18 10:34:25.452 1939-3165/? I/RecoverableAppKeyStore: Get 0/10148/com.google.android.gms.backup/folsom/DA5FFF2668F79E750923DCAC5829DA37
2023-12-18 10:34:25.500 8481-8481/? D/BoundBrokerSvc: onBind: Intent { act=com.google.android.gms.auth.account.workaccount.START dat=chimera-action:/... cmp=com.google.android.gms/.chimera.PersistentApiService }
2023-12-18 10:34:25.500 8481-8481/? D/BoundBrokerSvc: Loading bound service for intent: Intent { act=com.google.android.gms.auth.account.workaccount.START dat=chimera-action:/... cmp=com.google.android.gms/.chimera.PersistentApiService }
2023-12-18 10:34:25.517 11146-12318/? D/TrafficStats: tagSocket(407) with statsTag=0xffffff03, statsUid=10174
2023-12-18 10:34:25.579 1357-1468/? D/VSC: @ 2040290.945: [WO] Proposed rotation: 4, flat angle threshold: 65
2023-12-18 10:34:25.580 1357-1468/? D/VSC: @ 2040290.945: [WO] orientation angle 349, orientation 4
2023-12-18 10:34:25.580 1357-1468/? D/VSC: @ 2040290.945: [WO] Gyro angle integrated: 15.886755
2023-12-18 10:34:26.465 1939-2607/? D/ConnectivityService: NetReassign [no changes] [c 1] [a 0] [i 2]
2023-12-18 10:34:27.196 11146-12699/? I/Backup: [GmsBackupTransport] Backup finished for com.google.android.calendar
2023-12-18 10:34:27.196 1939-14840/? V/BackupManagerConstants: getBackupFinishedNotificationReceivers(...) returns
2023-12-18 10:34:27.200 1939-14840/? V/KVBT: Skipping package which was backed up this time: @pm@
2023-12-18 10:34:27.207 1939-14840/? V/KVBT: Skipping package which was backed up this time: com.google.android.calendar
2023-12-18 10:34:27.213 1939-14840/? V/KVBT: Skipping package which was backed up this time: android
2023-12-18 10:34:27.228 1939-14840/? V/KVBT: Skipping package which was backed up this time: com.android.providers.settings
2023-12-18 10:34:27.268 1939-14840/? V/KVBT: Skipping package which was backed up this time: com.google.android.inputmethod.latin
2023-12-18 10:34:27.294 1939-14840/? I/KeyValueBackupTask: K/V backup pass finished
2023-12-18 10:34:27.301 1939-14840/? V/BackupManagerService: [UserID:0] Released wakelock:*backup*-0-3983
2023-12-18 10:34:27.315 8481-14719/? I/NearbyMediums: Found Fast Ble Advertisements :
    BleAdvertisement { version=2, socketVersion=2, serviceIdHash=null, data=[ 0x23 0x38 0x56 0x59 0x52 0x11 0x32 0x8a 0xb7 0x0d 0xe8 0x6a 0x61 0x87 0x40 0xab 0x64 0xe5 0x0c 0xc5 0xe7 0x66 0xbb ], deviceToken=[ 0x7f 0x1e ] } : 3 times.
2023-12-18 10:34:27.517 1357-1468/? D/CHRE: @ 2040292.875: StationaryDetect
2023-12-18 10:34:27.517 1357-1468/? D/CHRE: @ 2040292.882: MagGyroCal(0)=OFF
2023-12-18 10:34:27.542 1357-1468/? D/ASH: @ 2040292.906: SensorType 195 resampler quality 0
2023-12-18 10:34:27.542 1357-1468/? D/ASH: @ 2040292.906: SensorType 195 resampler quality 2
2023-12-18 10:34:27.542 1357-1468/? D/ASH: @ 2040292.907: SensorType 1 resampler quality 0
2023-12-18 10:34:27.619 1357-1468/? D/VSC: @ 2040292.984: [WO] Proposed rotation: 0, flat angle threshold: 65
2023-12-18 10:34:27.619 1357-1468/? D/VSC: @ 2040292.984: [WO] orientation angle 4, orientation 0
2023-12-18 10:34:27.619 1357-1468/? D/VSC: @ 2040292.984: [WO] Gyro angle integrated: 62.210876
2023-12-18 10:34:27.631 11146-11156/? W/System: A resource failed to call close.
2023-12-18 10:34:27.631 11146-11156/? W/System: A resource failed to call close.
2023-12-18 10:34:27.632 11146-11156/? W/System: A resource failed to call close.
2023-12-18 10:34:27.648 11146-11156/? W/System: A resource failed to call close.
2023-12-18 10:34:27.648 11146-11156/? W/System: A resource failed to call close.
2023-12-18 10:34:27.648 11146-11156/? W/System: A resource failed to call close.
2023-12-18 10:34:27.648 11146-11156/? W/System: A resource failed to call close.
2023-12-18 10:34:27.648 11146-11156/? W/System: A resource failed to call close.
2023-12-18 10:34:27.648 11146-11156/? W/System: A resource failed to call close.
2023-12-18 10:34:27.648 11146-11156/? W/System: A resource failed to call close.
2023-12-18 10:34:27.648 11146-11156/? W/System: A resource failed to call close.
2023-12-18 10:34:27.648 11146-11156/? W/System: A resource failed to call close.
2023-12-18 10:34:27.648 11146-11156/? W/System: A resource failed to call close.
2023-12-18 10:34:27.648 11146-11156/? W/System: A resource failed to call close.
2023-12-18 10:34:27.648 11146-11156/? W/System: A resource failed to call close.
2023-12-18 10:34:27.648 11146-11156/? W/System: A resource failed to call close.
2023-12-18 10:34:27.648 11146-11156/? W/System: A resource failed to call close.
2023-12-18 10:34:27.648 11146-11156/? W/System: A resource failed to call close.
2023-12-18 10:34:27.648 11146-11156/? W/System: A resource failed to call close.
2023-12-18 10:34:27.648 11146-11156/? W/System: A resource failed to call close.
2023-12-18 10:34:27.648 11146-11156/? W/System: A resource failed to call close.
2023-12-18 10:34:27.648 11146-11156/? W/System: A resource failed to call close.
2023-12-18 10:34:27.648 11146-11156/? W/System: A resource failed to call close.
2023-12-18 10:34:27.648 11146-11156/? W/System: A resource failed to call close.
2023-12-18 10:34:27.648 11146-11156/? W/System: A resource failed to call close.
2023-12-18 10:34:27.649 11146-11156/? W/System: A resource failed to call close.
2023-12-18 10:34:27.649 11146-11156/? W/System: A resource failed to call close.
2023-12-18 10:34:27.649 11146-11156/? W/System: A resource failed to call close.
2023-12-18 10:34:27.649 11146-11156/? W/System: A resource failed to call close.
2023-12-18 10:34:27.649 11146-11156/? W/System: A resource failed to call close.
2023-12-18 10:34:27.649 11146-11156/? W/System: A resource failed to call close.
2023-12-18 10:34:27.649 11146-11156/? W/System: A resource failed to call close.
2023-12-18 10:34:27.649 11146-11156/? W/System: A resource failed to call close.
2023-12-18 10:34:27.649 11146-11156/? W/System: A resource failed to call close.
2023-12-18 10:34:27.649 11146-11156/? W/System: A resource failed to call close.
2023-12-18 10:34:27.649 11146-11156/? W/System: A resource failed to call close.
2023-12-18 10:34:27.649 11146-11156/? W/System: A resource failed to call close.
2023-12-18 10:34:27.649 11146-11156/? W/System: A resource failed to call close.
2023-12-18 10:34:27.649 11146-11156/? W/System: A resource failed to call close.
2023-12-18 10:34:27.649 11146-11156/? W/System: A resource failed to call close.
2023-12-18 10:34:27.649 11146-11156/? W/System: A resource failed to call close.
2023-12-18 10:34:27.649 11146-11156/? W/System: A resource failed to call close.
2023-12-18 10:34:27.649 11146-11156/? W/System: A resource failed to call close.
2023-12-18 10:34:27.896 1939-2049/? D/ColorDisplayService: DisplayWhiteBalanceTintController Animation cancelled: false to matrix:
           0.927025-0.000240 0.000289 0.000000 0.007957 0.915684 0.000602 0.000000 0.000064-0.001566 0.999109 0.000000 0.000000 0.000000 0.000000 1.000000 min matrix coefficients:
           0.927025-0.000435 0.000122 0.000000 0.007957 0.915684 0.000326 0.000000 0.000064-0.001566 0.999109 0.000000 0.000000 0.000000 0.000000 1.000000 max matrix coefficients:
           0.969820 0.000000 0.000289 0.000000 0.014690 0.948898 0.000602 0.000000 0.000241 0.000000 0.999552 0.000000 0.000000 0.000000 0.000000 1.000000
2023-12-18 10:34:27.969 1939-2143/? I/DisplayPowerController[0]: BrightnessEvent: disp=0, brt=0.2800792, rcmdBrt=0.2800792, preBrt=0.15017912, lux=66.13685, preLux=139.45897, hbmMax=1.0, hbmMode=off, thrmMax=1.0, flags=, reason=automatic
2023-12-18 10:34:27.969 1939-2143/? D/DisplayWhiteBalanceController: Display cct: 7224.0527 Latest ambient cct: 7623.421 Latest ambient lux: 81.76086 Latest low light bias: 1.0 Latest high light bias: 0.0
2023-12-18 10:34:27.970 1939-2143/? D/ColorDisplayService: setDisplayWhiteBalanceTemperatureMatrix: cct = 7224 matrix =
           0.911471-0.000171 0.000350 0.000000 0.005594 0.903493 0.000702 0.000000 0.000002-0.001792 0.998948 0.000000 0.000000 0.000000 0.000000 1.000000
2023-12-18 10:34:28.705 1366-2676/? I/WifiHAL: event received NL80211_CMD_VENDOR, vendor_id = 0x1374, subcmd = 0xa
2023-12-18 10:34:28.705 1683-14705/? D/LOWI-8.6.0.75: [LOWI-Scan] wait_event:Wait done with Cmd 103
2023-12-18 10:34:28.705 1683-14705/? D/LOWI-8.6.0.75: [LOWI-Scan] do_listen_events: Rcvd valid Netlink Cmd 0 Err 0
2023-12-18 10:34:28.705 1598-1598/? I/wificond: Regulatory domain changed to country: CN on wiphy_index: 0
2023-12-18 10:34:28.705 1939-3165/? D/WifiNl80211Manager: OnRegDomainChanged CN
2023-12-18 10:34:28.705 1939-3165/? D/WifiNative: onCountryCodeChanged: CN
2023-12-18 10:34:28.705 1620-1620/? I/cnss-daemon: nl80211 response handler invoked
2023-12-18 10:34:28.705 1620-1620/? I/cnss-daemon: nl80211_response_handler: cmd 103, vendorID 4980, subcmd 10  received
2023-12-18 10:34:28.706 20140-20140/? I/wpa_supplicant: wlan0: CTRL-EVENT-AVOID-FREQ ranges=
2023-12-18 10:34:28.708 20140-20140/? I/wpa_supplicant: wlan0: CTRL-EVENT-REGDOM-CHANGE init=DRIVER type=COUNTRY alpha2=CN
2023-12-18 10:34:28.710 1598-1598/? I/wificond: 2.4Ghz frequencies: 2412 2417 2422 2427 2432 2437 2442 2447 2452 2457 2462 2467 2472
2023-12-18 10:34:28.710 1598-1598/? I/wificond: 5Ghz non-DFS frequencies: 5180 5200 5220 5240 5745 5765 5785 5805 5825
2023-12-18 10:34:28.710 1598-1598/? I/wificond: 5Ghz DFS frequencies: 5260 5280 5300 5320
2023-12-18 10:34:28.710 1598-1598/? I/wificond: 6Ghz frequencies:
2023-12-18 10:34:28.710 1598-1598/? I/wificond: 60Ghz frequencies:
2023-12-18 10:34:29.475 1939-2607/? D/ConnectivityService: NetReassign [no changes] [c 0] [a 1] [i 2]
2023-12-18 10:34:29.619 1357-1468/? D/VSC: @ 2040294.984: [WO] Proposed rotation: 4, flat angle threshold: 65
2023-12-18 10:34:29.619 1357-1468/? D/VSC: @ 2040294.984: [WO] orientation angle 356, orientation 4
2023-12-18 10:34:29.619 1357-1468/? D/VSC: @ 2040294.984: [WO] Gyro angle integrated: 22.616630
2023-12-18 10:34:30.985 1939-2049/? D/ColorDisplayService: DisplayWhiteBalanceTintController Animation cancelled: false to matrix:
           0.911471-0.000171 0.000350 0.000000 0.005594 0.903493 0.000702 0.000000 0.000002-0.001792 0.998948 0.000000 0.000000 0.000000 0.000000 1.000000 min matrix coefficients:
           0.911471-0.000240 0.000289 0.000000 0.005594 0.903493 0.000602 0.000000 0.000002-0.001792 0.998948 0.000000 0.000000 0.000000 0.000000 1.000000 max matrix coefficients:
           0.927025 0.000000 0.000350 0.000000 0.007957 0.915684 0.000702 0.000000 0.000064 0.000000 0.999109 0.000000 0.000000 0.000000 0.000000 1.000000
2023-12-18 10:34:31.399 1939-2143/? D/DisplayWhiteBalanceController: Display cct: 7277.3604 Latest ambient cct: 7712.2676 Latest ambient lux: 52.83939 Latest low light bias: 1.0 Latest high light bias: 0.0
2023-12-18 10:34:31.400 1939-2143/? D/ColorDisplayService: setDisplayWhiteBalanceTemperatureMatrix: cct = 7277 matrix =
           0.905232-0.000144 0.000374 0.000000 0.004658 0.898585 0.000743 0.000000-0.000023-0.001883 0.998883 0.000000 0.000000 0.000000 0.000000 1.000000
2023-12-18 10:34:31.618 1357-1468/? D/VSC: @ 2040296.984: [WO] Proposed rotation: 0, flat angle threshold: 65
2023-12-18 10:34:31.618 1357-1468/? D/VSC: @ 2040296.984: [WO] orientation angle 8, orientation 0
2023-12-18 10:34:31.618 1357-1468/? D/VSC: @ 2040296.984: [WO] Gyro angle integrated: 129.023757
2023-12-18 10:34:32.316 8481-14719/? I/NearbyMediums: Found Fast Ble Advertisements :
    BleAdvertisement { version=2, socketVersion=2, serviceIdHash=null, data=[ 0x23 0x38 0x56 0x59 0x52 0x11 0x32 0x8a 0xb7 0x0d 0xe8 0x6a 0x61 0x87 0x40 0xab 0x64 0xe5 0x0c 0xc5 0xe7 0x66 0xbb ], deviceToken=[ 0x7f 0x1e ] } : 1 times.
2023-12-18 10:34:32.493 1939-2607/? D/ConnectivityService: NetReassign [no changes] [c 0] [a 0] [i 2]
2023-12-18 10:34:34.068 31171-31446/? D/MemoryCeilingMonitor: [handleMemoryCalculate]
2023-12-18 10:34:34.068 31171-31446/? D/MemoryCeilingMonitor: [calculate] tot: 11831152, max: 268435456, free: 5241424, heap: 6589728, per: 0.024548649787902832
2023-12-18 10:34:34.408 1357-1468/? I/CHRE: @ 2040299.772: [GYRO_RPS] (s0, c0) Offset | Temp [C] | Quality: -0.000154, -0.001624, 0.000642 | 30.09 | 4
2023-12-18 10:34:34.408 1357-1468/? I/CHRE: @ 2040299.772: [GYRO_RPS] (s0) Temp Sensitivity: -0.000026, 0.000112, 0.000120
2023-12-18 10:34:34.408 1357-1468/? I/CHRE: @ 2040299.772: [GYRO_RPS] (s0) Temp Intercept: 0.000590, -0.004741, -0.002473
2023-12-18 10:34:34.417 1939-2049/? D/ColorDisplayService: DisplayWhiteBalanceTintController Animation cancelled: false to matrix:
           0.905232-0.000144 0.000374 0.000000 0.004658 0.898585 0.000743 0.000000-0.000023-0.001883 0.998883 0.000000 0.000000 0.000000 0.000000 1.000000 min matrix coefficients:
           0.905232-0.000171 0.000350 0.000000 0.004658 0.898585 0.000702 0.000000-0.000023-0.001883 0.998883 0.000000 0.000000 0.000000 0.000000 1.000000 max matrix coefficients:
           0.911471 0.000000 0.000374 0.000000 0.005594 0.903493 0.000743 0.000000 0.000002 0.000000 0.998948 0.000000 0.000000 0.000000 0.000000 1.000000
2023-12-18 10:34:34.605 1939-2143/? I/DisplayPowerController[0]: BrightnessEvent: disp=0, brt=0.2800792, rcmdBrt=0.2800792, preBrt=0.15017912, lux=63.231285, preLux=41.528954, hbmMax=1.0, hbmMode=off, thrmMax=1.0, flags=, reason=automatic
2023-12-18 10:34:34.605 1939-2143/? D/DisplayWhiteBalanceController: Display cct: 7225.721 Latest ambient cct: 7626.202 Latest ambient lux: 55.604923 Latest low light bias: 1.0 Latest high light bias: 0.0
2023-12-18 10:34:34.606 1939-2143/? D/ColorDisplayService: setDisplayWhiteBalanceTemperatureMatrix: cct = 7225 matrix =
           0.911352-0.000171 0.000350 0.000000 0.005576 0.903400 0.000703 0.000000 0.000001-0.001794 0.998947 0.000000 0.000000 0.000000 0.000000 1.000000
2023-12-18 10:34:35.513 3694-3718/? D/DeviceStateHelper: Wifi freq: 5180
2023-12-18 10:34:35.516 2940-3874/? D/QCNEJ/WlanStaInfoRelay: Received action: android.net.wifi.RSSI_CHANGED
2023-12-18 10:34:35.526 1939-2607/? D/ConnectivityService: NetReassign [no changes] [c 0] [a 0] [i 1]
2023-12-18 10:34:35.528 8481-12366/? I/ChimeraSrvcProxy: NullBinder for android.net.action.RECOMMEND_NETWORKS triggering remote TransactionTooLargeException due to Service without Chimera impl
2023-12-18 10:34:35.528 8481-12366/? W/.gms.persistent: Large reply transaction of 1056768 bytes, interface descriptor , code 1
2023-12-18 10:34:35.620 1357-1468/? D/VSC: @ 2040300.985: [WO] Proposed rotation: 4, flat angle threshold: 65
2023-12-18 10:34:35.620 1357-1468/? D/VSC: @ 2040300.985: [WO] orientation angle 359, orientation 4
2023-12-18 10:34:35.620 1357-1468/? D/VSC: @ 2040300.985: [WO] Gyro angle integrated: 14.148056
2023-12-18 10:34:36.013 701-16418/? I/keystore2: keystore2::watchdog: Watchdog thread idle -> terminating. Have a great day.
2023-12-18 10:34:36.668 1939-4890/? I/ActivityManager: Killing 32631:com.google.android.apps.work.clouddpc/u0a193 (adj 999): empty #33
2023-12-18 10:34:36.676 1939-2096/? I/libprocessgroup: Successfully killed process cgroup uid 10193 pid 32631 in 6ms
2023-12-18 10:34:36.688 1939-2143/? D/DisplayWhiteBalanceController: Display cct: 7152.189 Latest ambient cct: 7503.6484 Latest ambient lux: 57.61825 Latest low light bias: 1.0 Latest high light bias: 0.0
2023-12-18 10:34:36.689 1939-2143/? D/ColorDisplayService: setDisplayWhiteBalanceTemperatureMatrix: cct = 7152 matrix =
           0.920181-0.000210 0.000316 0.000000 0.006911 0.910328 0.000646 0.000000 0.000036-0.001666 0.999038 0.000000 0.000000 0.000000 0.000000 1.000000
2023-12-18 10:34:36.690 1939-2049/? D/ColorDisplayService: DisplayWhiteBalanceTintController Animation cancelled: true to matrix:
           0.920181-0.000210 0.000316 0.000000 0.006911 0.910328 0.000646 0.000000 0.000036-0.001666 0.999038 0.000000 0.000000 0.000000 0.000000 1.000000 min matrix coefficients:
           0.905232-0.000169 0.000352 0.000000 0.004658 0.898585 0.000706 0.000000-0.000023-0.001883 0.998883 0.000000 0.000000 0.000000 0.000000 1.000000 max matrix coefficients:
           0.910934 0.000000 0.000374 0.000000 0.005513 0.903071 0.000743 0.000000 0.000000 0.000000 0.998942 0.000000 0.000000 0.000000 0.000000 1.000000
2023-12-18 10:34:36.699 1321-1321/? I/Zygote: Process 32631 exited due to signal 9 (Killed)
2023-12-18 10:34:36.705 1939-4890/? I/ActivityManager: Killing 16798:com.google.android.as.oss/u0a296 (adj 985): empty #33
2023-12-18 10:34:36.706 1939-4890/? I/ActivityManager: Killing 16819:com.google.android.as.oss:learning_bg/u0a296 (adj 985): empty #34
2023-12-18 10:34:36.712 1939-2096/? I/libprocessgroup: Successfully killed process cgroup uid 10296 pid 16798 in 5ms
2023-12-18 10:34:36.779 1321-1321/? I/Zygote: Process 16798 exited due to signal 9 (Killed)
2023-12-18 10:34:36.784 1939-2096/? I/libprocessgroup: Successfully killed process cgroup uid 10296 pid 16819 in 0ms
2023-12-18 10:34:36.785 1321-1321/? I/Zygote: Process 16819 exited due to signal 9 (Killed)
2023-12-18 10:34:37.317 8481-14055/? I/NearbyMediums: Found Fast Ble Advertisements :
    BleAdvertisement { version=2, socketVersion=2, serviceIdHash=null, data=[ 0x23 0x38 0x56 0x59 0x52 0x11 0x32 0x8a 0xb7 0x0d 0xe8 0x6a 0x61 0x87 0x40 0xab 0x64 0xe5 0x0c 0xc5 0xe7 0x66 0xbb ], deviceToken=[ 0x7f 0x1e ] } : 1 times.
2023-12-18 10:34:37.618 1357-1468/? D/VSC: @ 2040302.984: [WO] Proposed rotation: 0, flat angle threshold: 65
2023-12-18 10:34:37.618 1357-1468/? D/VSC: @ 2040302.984: [WO] orientation angle 5, orientation 0
2023-12-18 10:34:37.618 1357-1468/? D/VSC: @ 2040302.984: [WO] Gyro angle integrated: 30.038585
2023-12-18 10:34:38.528 1939-2607/? D/ConnectivityService: NetReassign [no changes] [c 0] [a 0] [i 2]
2023-12-18 10:34:38.760 1939-2143/? D/DisplayWhiteBalanceController: Display cct: 7074.037 Latest ambient cct: 7373.3955 Latest ambient lux: 59.768127 Latest low light bias: 1.0 Latest high light bias: 0.0
2023-12-18 10:34:38.760 1939-2143/? D/ColorDisplayService: setDisplayWhiteBalanceTemperatureMatrix: cct = 7074 matrix =
           0.929936-0.000253 0.000278 0.000000 0.008404 0.917959 0.000583 0.000000 0.000076-0.001524 0.999140 0.000000 0.000000 0.000000 0.000000 1.000000
2023-12-18 10:34:38.762 1939-2049/? D/ColorDisplayService: DisplayWhiteBalanceTintController Animation cancelled: true to matrix:
           0.929936-0.000253 0.000278 0.000000 0.008404 0.917959 0.000583 0.000000 0.000076-0.001524 0.999140 0.000000 0.000000 0.000000 0.000000 1.000000 min matrix coefficients:
           0.910934-0.000207 0.000318 0.000000 0.005513 0.903071 0.000650 0.000000-0.000001-0.001800 0.998942 0.000000 0.000000 0.000000 0.000000 1.000000 max matrix coefficients:
           0.919550 0.000000 0.000352 0.000000 0.006816 0.909832 0.000706 0.000000 0.000034 0.000000 0.999032 0.000000 0.000000 0.000000 0.000000 1.000000
2023-12-18 10:34:40.239 1939-2049/? I/DisplayDeviceRepository: Display device changed: DisplayDeviceInfo{"": uniqueId="local:4630946523002478721", 1440 x 3040, modeId 1, defaultModeId 1, supportedModes [{id=1, width=1440, height=3040, fps=60.000004, alternativeRefreshRates=[90.0]}, {id=2, width=1440, height=3040, fps=90.0, alternativeRefreshRates=[60.000004]}], colorMode 0, supportedColorModes [0, 7, 9], hdrCapabilities HdrCapabilities{mSupportedHdrTypes=[2, 3], mMaxLuminance=500.0, mMaxAverageLuminance=500.0, mMinLuminance=0.0}, allmSupported false, gameContentTypeSupported false, density 560, 537.882 x 539.972 dpi, appVsyncOff 2333332, presDeadline 11500000, touch INTERNAL, rotation 0, type INTERNAL, address {port=129, model=0x40446d53ad64a0}, deviceProductInfo DeviceProductInfo{name=, manufacturerPnpId=QCM, productId=1, modelYear=null, manufactureDate=ManufactureDate{week=27, year=2006}, connectionToSinkType=0}, state ON, frameRateOverride , brightnessMinimum 0.0, brightnessMaximum 1.0, brightnessDefault 0.38188976, roundedCorners RoundedCorners{[RoundedCorner{position=TopLeft, radius=157, center=Point(157, 157)}, RoundedCorner{position=TopRight, radius=157, center=Point(1283, 157)}, RoundedCorner{position=BottomRight, radius=157, center=Point(1283, 2883)}, RoundedCorner{position=BottomLeft, radius=157, center=Point(157, 2883)}]}, FLAG_ALLOWED_TO_BE_DEFAULT_DISPLAY, FLAG_ROTATES_WITH_CONTENT, FLAG_SECURE, FLAG_SUPPORTS_PROTECTED_BUFFERS, installOrientation 0}
2023-12-18 10:34:40.522 8481-8481/? D/BoundBrokerSvc: onUnbind: Intent { act=com.google.android.gms.auth.account.workaccount.START dat=chimera-action:/... cmp=com.google.android.gms/.chimera.PersistentApiService }
2023-12-18 10:34:40.839 1939-2143/? D/DisplayWhiteBalanceController: Display cct: 7015.71 Latest ambient cct: 7276.183 Latest ambient lux: 64.528275 Latest low light bias: 1.0 Latest high light bias: 0.0
2023-12-18 10:34:40.840 1939-2143/? D/ColorDisplayService: setDisplayWhiteBalanceTemperatureMatrix: cct = 7015 matrix =
           0.937543-0.000287 0.000248 0.000000 0.009581 0.923892 0.000534 0.000000 0.000107-0.001414 0.999218 0.000000 0.000000 0.000000 0.000000 1.000000
2023-12-18 10:34:40.841 1939-2049/? D/ColorDisplayService: DisplayWhiteBalanceTintController Animation cancelled: true to matrix:
           0.937543-0.000287 0.000248 0.000000 0.009581 0.923892 0.000534 0.000000 0.000107-0.001414 0.999218 0.000000 0.000000 0.000000 0.000000 1.000000 min matrix coefficients:
           0.919550-0.000250 0.000280 0.000000 0.006816 0.909832 0.000587 0.000000 0.000034-0.001675 0.999032 0.000000 0.000000 0.000000 0.000000 1.000000 max matrix coefficients:
           0.929238 0.000000 0.000318 0.000000 0.008297 0.917413 0.000650 0.000000 0.000073 0.000000 0.999132 0.000000 0.000000 0.000000 0.000000 1.000000
2023-12-18 10:34:41.543 2940-3874/? D/QCNEJ/WlanStaInfoRelay: Received action: android.net.wifi.RSSI_CHANGED
2023-12-18 10:34:41.547 3694-3718/? D/DeviceStateHelper: Wifi freq: 5180
2023-12-18 10:34:41.558 8481-10019/? I/ChimeraSrvcProxy: NullBinder for android.net.action.RECOMMEND_NETWORKS triggering remote TransactionTooLargeException due to Service without Chimera impl
2023-12-18 10:34:41.558 8481-10019/? W/.gms.persistent: Large reply transaction of 1056768 bytes, interface descriptor , code 1
2023-12-18 10:34:41.559 1939-2607/? D/ConnectivityService: NetReassign [no changes] [c 0] [a 0] [i 2]
2023-12-18 10:34:42.688 1357-1468/? D/CHRE: @ 2040308.048: InstantMotion
2023-12-18 10:34:42.716 1357-1468/? D/CHRE: @ 2040308.081: MagGyroCal(0)=ON
2023-12-18 10:34:42.743 1357-1468/? D/ASH: @ 2040308.105: SensorType 195 resampler quality 1
2023-12-18 10:34:42.743 1357-1468/? D/ASH: @ 2040308.106: SensorType 195 resampler quality 1
2023-12-18 10:34:42.743 1357-1468/? D/ASH: @ 2040308.107: SensorType 1 resampler quality 1
2023-12-18 10:34:43.619 1357-1468/? D/VSC: @ 2040308.983: [WO] Proposed rotation: 3, flat angle threshold: 40
2023-12-18 10:34:43.619 1357-1468/? D/VSC: @ 2040308.984: [WO] orientation angle 266, orientation 3
2023-12-18 10:34:43.619 1357-1468/? D/VSC: @ 2040308.984: [WO] Gyro angle integrated: 359.494476
2023-12-18 10:34:43.856 1939-2049/? D/ColorDisplayService: DisplayWhiteBalanceTintController Animation cancelled: false to matrix:
           0.937543-0.000287 0.000248 0.000000 0.009581 0.923892 0.000534 0.000000 0.000107-0.001414 0.999218 0.000000 0.000000 0.000000 0.000000 1.000000 min matrix coefficients:
           0.929238-0.000287 0.000248 0.000000 0.008297 0.917413 0.000534 0.000000 0.000073-0.001534 0.999132 0.000000 0.000000 0.000000 0.000000 1.000000 max matrix coefficients:
           0.937543 0.000000 0.000280 0.000000 0.009581 0.923892 0.000587 0.000000 0.000107 0.000000 0.999218 0.000000 0.000000 0.000000 0.000000 1.000000
2023-12-18 10:34:43.882 1320-1390/? W/doh::connection: Connection driver returns some Err: Closed
2023-12-18 10:34:44.079 31171-31446/? D/MemoryCeilingMonitor: [handleMemoryCalculate]
2023-12-18 10:34:44.079 31171-31446/? D/MemoryCeilingMonitor: [calculate] tot: 11831152, max: 268435456, free: 5225040, heap: 6606112, per: 0.024609684944152832
2023-12-18 10:34:44.382 8481-14719/? I/NearbyConnections: Processing lost BlePeripheral BlePeripheral{advertisement=BleAdvertisement { version=2, socketVersion=2, serviceIdHash=null, data=[ 0x23 0x38 0x56 0x59 0x52 0x11 0x32 0x8a 0xb7 0x0d 0xe8 0x6a 0x61 0x87 0x40 0xab 0x64 0xe5 0x0c 0xc5 0xe7 0x66 0xbb ], deviceToken=[ 0x7f 0x1e ] }, address=null, psm=0, deviceToken=<ByteString@2bc5229 size=2 contents="\177\036">, isSecondProfile=false}.
2023-12-18 10:34:44.383 8481-14719/? I/NearbyConnections: Lost BleEndpoint for BlePeripheral BlePeripheral{advertisement=BleAdvertisement { version=2, socketVersion=2, serviceIdHash=null, data=[ 0x23 0x38 0x56 0x59 0x52 0x11 0x32 0x8a 0xb7 0x0d 0xe8 0x6a 0x61 0x87 0x40 0xab 0x64 0xe5 0x0c 0xc5 0xe7 0x66 0xbb ], deviceToken=[ 0x7f 0x1e ] }, address=null, psm=0, deviceToken=<ByteString@2bc5229 size=2 contents="\177\036">, isSecondProfile=false} (with EndpointId 8VYR and EndpointInfo [ 0x32 0x8a 0xb7 0x0d 0xe8 0x6a 0x61 0x87 0x40 0xab 0x64 0xe5 0x0c 0xc5 0xe7 0x66 0xbb ]).
2023-12-18 10:34:44.383 8481-14719/? I/NearbyConnections: ClientProxy(127704587) reporting onEndpointLost(8VYR)
2023-12-18 10:34:44.384 8481-14719/? I/NearbySharing: (REDACTED) Endpoint %s lost over Nearby Connections
2023-12-18 10:34:44.384 8481-14055/? I/NearbySharing: (REDACTED) Ignoring lost endpoint %s because we don't have an associated ShareTarget
2023-12-18 10:34:44.472 8481-14055/? I/NearbyConnections: Found BleAdvertisement [ 0x23 0x38 0x56 0x59 0x52 0x11 0x32 0x8a 0xb7 0x0d 0xe8 0x6a 0x61 0x87 0x40 0xab 0x64 0xe5 0x0c 0xc5 0xe7 0x66 0xbb ] (with EndpointId 8VYR and EndpointInfo [ 0x32 0x8a 0xb7 0x0d 0xe8 0x6a 0x61 0x87 0x40 0xab 0x64 0xe5 0x0c 0xc5 0xe7 0x66 0xbb ])
2023-12-18 10:34:44.473 8481-14055/? I/NearbyConnections: ClientProxy(127704587) reporting onEndpointFound(8VYR)
2023-12-18 10:34:44.473 8481-14055/? I/NearbyConnections: ClientProxy(127704587) reporting onEndpointDistanceChanged(8VYR, UNKNOWN)
2023-12-18 10:34:44.474 8481-14055/? I/NearbyConnections: No Bluetooth Classic MAC address found in [ 0x23 0x38 0x56 0x59 0x52 0x11 0x32 0x8a 0xb7 0x0d 0xe8 0x6a 0x61 0x87 0x40 0xab 0x64 0xe5 0x0c 0xc5 0xe7 0x66 0xbb ]
2023-12-18 10:34:44.474 8481-14719/? I/NearbySharing: (REDACTED) Endpoint %s discovered over Nearby Connections
2023-12-18 10:34:44.484 8481-14059/? I/NearbySharing: (REDACTED) Failed to convert advertisement (%s)%s to share target from discovered advertisement. Ignoring.
2023-12-18 10:34:44.585 1939-2607/? D/ConnectivityService: NetReassign [no changes] [c 0] [a 1] [i 2]
2023-12-18 10:34:44.769 1357-1468/? I/CHRE: @ 2040310.134: [AR] inconsistent: 41.176471
2023-12-18 10:34:44.769 1357-1468/? I/CHRE: @ 2040310.134: [AR] transition: walking exit
2023-12-18 10:34:44.769 1357-1468/? I/CHRE: @ 2040310.134: [AR] transition: still enter
2023-12-18 10:34:44.769 1357-1468/? I/CHRE: @ 2040310.134: [AR] send to host, reason=2, sampleSize=11, transitionSize=2, lastAccelTime = 2040307015, lastAudioTime = 0
2023-12-18 10:34:44.770 1357-1468/? I/CHRE: @ 2040310.135: [NanoMinion] sent MSG Type 0x72, Version 0, 210 bytes, MessageId 179
2023-12-18 10:34:44.770 1343-1350/? D/ContextHubHal: Got message from nanoapp: ID 0x476f6f676c00100b
2023-12-18 10:34:44.780 1343-1350/? D/ContextHubHal: Got nanoapp list response with 14 apps
2023-12-18 10:34:44.781 1357-1468/? D/CHRE: @ 2040310.145: Nanoapp list request from client ID 1
2023-12-18 10:34:44.783 1357-1468/? D/CHRE: @ 2040310.148: Nanoapp list request from client ID 1
2023-12-18 10:34:44.783 1343-1350/? D/ContextHubHal: Got nanoapp list response with 14 apps
2023-12-18 10:34:44.786 1357-1468/? D/CHRE: @ 2040310.151: Nanoapp list request from client ID 1
2023-12-18 10:34:44.786 1343-1350/? D/ContextHubHal: Got nanoapp list response with 14 apps
2023-12-18 10:34:44.787 1357-1468/? D/CHRE: @ 2040310.153: Nanoapp list request from client ID 1
2023-12-18 10:34:44.787 1343-1350/? D/ContextHubHal: Got nanoapp list response with 14 apps
2023-12-18 10:34:44.789 1343-1350/? D/ContextHubHal: Got nanoapp list response with 14 apps
2023-12-18 10:34:44.790 1357-1468/? D/CHRE: @ 2040310.155: Nanoapp list request from client ID 1
2023-12-18 10:34:44.792 1939-4120/? W/AppOps: Noting op not finished: uid 10132 pkg com.google.android.apps.scone code 79 startTime of in progress event=1702804933496
2023-12-18 10:34:44.799 1939-2060/? I/ActivityManager: Killing 420:com.google.android.dialer/u0a140 (adj 999): empty #33
2023-12-18 10:34:44.807 1939-2096/? I/libprocessgroup: Successfully killed process cgroup uid 10140 pid 420 in 6ms
2023-12-18 10:34:44.822 1939-2599/? D/WifiConnectivityManager: PNO Scan Interval changed to 60000 ms.
2023-12-18 10:34:44.827 2972-2972/? D/GRIL-S: [8250]> UPDATE_SCONE_INFO Mobility:3 Battery:1 Thermal:0 Screen:1
2023-12-18 10:34:44.828 2972-3720/? D/GRIL-S: [8250]< UPDATE_SCONE_INFO
2023-12-18 10:34:44.853 1321-1321/? I/Zygote: Process 420 exited due to signal 9 (Killed)
2023-12-18 10:34:44.854 10802-10802/? I/AudioPlaybackHandler: App is playing audio but was ignored due to ignorelist.
2023-12-18 10:34:45.090 8481-8596/? I/NearbyDiscovery: (REDACTED) FastPairCache: Bloom filter changed, %s, newData=%s, oldData=%s, scanMode=%s
2023-12-18 10:34:45.659 1357-1468/? D/VSC: @ 2040311.024: [WO] Proposed rotation: 0, flat angle threshold: 65
2023-12-18 10:34:45.659 1357-1468/? D/VSC: @ 2040311.024: [WO] orientation angle 33, orientation 0
2023-12-18 10:34:45.659 1357-1468/? D/VSC: @ 2040311.024: [WO] Gyro angle integrated: 475.963439
2023-12-18 10:34:45.659 1357-1468/? D/VSC: @ 2040311.024: [WO] rejected by isOrientationAngleAcceptable
2023-12-18 10:34:47.318 8481-14059/? I/NearbyMediums: Found Fast Ble Advertisements :
    BleAdvertisement { version=2, socketVersion=2, serviceIdHash=null, data=[ 0x23 0x38 0x56 0x59 0x52 0x11 0x32 0x8a 0xb7 0x0d 0xe8 0x6a 0x61 0x87 0x40 0xab 0x64 0xe5 0x0c 0xc5 0xe7 0x66 0xbb ], deviceToken=[ 0x7f 0x1e ] } : 1 times.
2023-12-18 10:34:47.600 1358-2629/? I/android.hardware.usb.aidl-service: port0
2023-12-18 10:34:47.600 1358-2629/? I/android.hardware.usb.aidl-service: 0:port0 connected:0 canChangeMode:1 canChagedata:0 canChangePower:0 usbDataEnabled:1
2023-12-18 10:34:47.600 1358-2629/? I/android.hardware.usb.aidl-service: ContaminantDetectionStatus:2 ContaminantProtectionStatus:0
2023-12-18 10:34:47.600 1358-2629/? I/android.hardware.usb.aidl-service: powerTransferLimited:0
2023-12-18 10:34:47.600 1939-5007/? I/UsbPortManager: AIDL UsbDataStatus:1
2023-12-18 10:34:47.600 1939-5007/? I/UsbPortManager: ClientCallback AIDL V1: port0
2023-12-18 10:34:47.607 1939-2607/? D/ConnectivityService: NetReassign [no changes] [c 0] [a 0] [i 1]
2023-12-18 10:34:47.613 23413-23413/? D/DLObserver: onReceive(); android.intent.action.BATTERY_CHANGED
2023-12-18 10:34:47.613 23413-23413/? D/DLObserver: plugged=0
2023-12-18 10:34:47.613 23413-23413/? D/PowerNotificationWarningsGoogleImpl: onReceive: android.intent.action.BATTERY_CHANGED
2023-12-18 10:34:47.614 2909-2909/? D/Oslo.StatusSensor: Received intent android.intent.action.BATTERY_CHANGED
2023-12-18 10:34:47.614 23413-23413/? D/BatteryInfoBroadcast: onReceive: android.intent.action.BATTERY_CHANGED isPowerSaveMode: false
2023-12-18 10:34:47.614 23413-23413/? D/BatteryDefenderNotification: isPlugged: false | isOverheated: false | defenderEnabled: false | isCharged: false
2023-12-18 10:34:47.617 1358-2629/? I/android.hardware.usb.aidl-service: port0
2023-12-18 10:34:47.617 1358-2629/? I/android.hardware.usb.aidl-service: 0:port0 connected:0 canChangeMode:1 canChagedata:0 canChangePower:0 usbDataEnabled:1
2023-12-18 10:34:47.617 1358-2629/? I/android.hardware.usb.aidl-service: ContaminantDetectionStatus:2 ContaminantProtectionStatus:0
2023-12-18 10:34:47.617 1358-2629/? I/android.hardware.usb.aidl-service: powerTransferLimited:0
2023-12-18 10:34:47.617 1939-5991/? I/UsbPortManager: AIDL UsbDataStatus:1
2023-12-18 10:34:47.617 1939-5991/? I/UsbPortManager: ClientCallback AIDL V1: port0
2023-12-18 10:34:47.646 23413-23413/? D/DLObserver: onReceive(); android.intent.action.BATTERY_CHANGED
2023-12-18 10:34:47.646 23413-23413/? D/DLObserver: plugged=0
2023-12-18 10:34:47.646 2909-2909/? D/Oslo.StatusSensor: Received intent android.intent.action.BATTERY_CHANGED
2023-12-18 10:34:47.648 23413-23413/? D/PowerNotificationWarningsGoogleImpl: onReceive: android.intent.action.BATTERY_CHANGED
2023-12-18 10:34:47.650 23413-23413/? D/BatteryInfoBroadcast: onReceive: android.intent.action.BATTERY_CHANGED isPowerSaveMode: false
2023-12-18 10:34:47.650 23413-23413/? D/BatteryDefenderNotification: isPlugged: false | isOverheated: false | defenderEnabled: false | isCharged: false
2023-12-18 10:34:47.739 1357-1468/? D/VSC: @ 2040313.104: [WO] Proposed rotation: 0, flat angle threshold: 65
2023-12-18 10:34:47.740 1357-1468/? D/VSC: @ 2040313.104: [WO] orientation angle 13, orientation 0
2023-12-18 10:34:47.740 1357-1468/? D/VSC: @ 2040313.104: [WO] Gyro angle integrated: 282.909454
2023-12-18 10:34:47.761 1358-2629/? I/android.hardware.usb.aidl-service: port0
2023-12-18 10:34:47.761 1358-2629/? I/android.hardware.usb.aidl-service: 0:port0 connected:0 canChangeMode:1 canChagedata:0 canChangePower:0 usbDataEnabled:1
2023-12-18 10:34:47.761 1358-2629/? I/android.hardware.usb.aidl-service: ContaminantDetectionStatus:2 ContaminantProtectionStatus:0
2023-12-18 10:34:47.761 1358-2629/? I/android.hardware.usb.aidl-service: powerTransferLimited:0
2023-12-18 10:34:47.761 1939-4150/? I/UsbPortManager: AIDL UsbDataStatus:1
2023-12-18 10:34:47.761 1939-4150/? I/UsbPortManager: ClientCallback AIDL V1: port0
2023-12-18 10:34:47.765 1358-2629/? I/android.hardware.usb.aidl-service: port0
2023-12-18 10:34:47.765 1358-2629/? I/android.hardware.usb.aidl-service: 0:port0 connected:0 canChangeMode:1 canChagedata:0 canChangePower:0 usbDataEnabled:1
2023-12-18 10:34:47.765 1358-2629/? I/android.hardware.usb.aidl-service: ContaminantDetectionStatus:2 ContaminantProtectionStatus:0
2023-12-18 10:34:47.765 1358-2629/? I/android.hardware.usb.aidl-service: powerTransferLimited:0
2023-12-18 10:34:47.766 1939-4150/? I/UsbPortManager: AIDL UsbDataStatus:1
2023-12-18 10:34:47.766 1939-4150/? I/UsbPortManager: ClientCallback AIDL V1: port0
2023-12-18 10:34:48.065 1358-2629/? I/android.hardware.usb.aidl-service: port0
2023-12-18 10:34:48.065 1358-2629/? I/android.hardware.usb.aidl-service: 0:port0 connected:0 canChangeMode:1 canChagedata:0 canChangePower:0 usbDataEnabled:1
2023-12-18 10:34:48.065 1358-2629/? I/android.hardware.usb.aidl-service: ContaminantDetectionStatus:2 ContaminantProtectionStatus:0
2023-12-18 10:34:48.065 1358-2629/? I/android.hardware.usb.aidl-service: powerTransferLimited:0
2023-12-18 10:34:48.066 1939-4150/? I/UsbPortManager: AIDL UsbDataStatus:1
2023-12-18 10:34:48.066 1939-4150/? I/UsbPortManager: ClientCallback AIDL V1: port0
2023-12-18 10:34:48.085 3994-3994/? I/GsaVoiceInteractionSrv: (REDACTED) O received %s
2023-12-18 10:34:48.090 23413-23413/? I/Elmyra/ElmyraService: Gated by ChargingState
2023-12-18 10:34:48.091 1939-2048/? I/EntropyMixer: Updated seed file
2023-12-18 10:34:48.092 1939-2060/? W/BroadcastQueue: Background execution not allowed: receiving Intent { act=android.intent.action.ACTION_POWER_CONNECTED flg=0x4000010 (has extras) } to com.google.android.gms/.gcm.nts.SchedulerReceiver
2023-12-18 10:34:48.094 2909-2909/? D/Oslo.StatusSensor: Received intent android.intent.action.BATTERY_CHANGED
2023-12-18 10:34:48.095 1939-5008/? D/TelephonyManager: requestModemActivityInfo: Sending result to app: ModemActivityInfo{ mTimestamp=2040310371 mSleepTimeMs=1214819835 mIdleTimeMs=679961155 mActivityStatsTechSpecificInfo=[{mRat=UNKNOWN,mFrequencyRange=UNKNOWN,mTxTimeMs[]=[0, 0, 0, 0, 0],mRxTimeMs=129352553}]}
2023-12-18 10:34:48.095 1939-2060/? W/BroadcastQueue: Background execution not allowed: receiving Intent { act=android.intent.action.ACTION_POWER_CONNECTED flg=0x4000010 (has extras) } to com.google.android.gms/.chimera.GmsIntentOperationService$PersistentTrustedReceiver
