2023-12-18 10:33:50.627 16205-16205/? W/ziparchive: Unable to open '/data/app/~~ypsu8E1Y2Lmrs9i6x9mqDg==/com.google.android.apps.maps-KphVRHdyns4u3yUD7E-WSg==/split_config.arm64_v8a.dm': No such file or directory
2023-12-18 10:33:50.627 16205-16205/? W/ziparchive: Unable to open '/data/app/~~ypsu8E1Y2Lmrs9i6x9mqDg==/com.google.android.apps.maps-KphVRHdyns4u3yUD7E-WSg==/split_config.arm64_v8a.dm': No such file or directory
2023-12-18 10:33:50.628 16205-16205/? W/droid.apps.maps: Entry not found
2023-12-18 10:33:50.629 16205-16205/? W/ziparchive: Unable to open '/data/app/~~ypsu8E1Y2Lmrs9i6x9mqDg==/com.google.android.apps.maps-KphVRHdyns4u3yUD7E-WSg==/split_config.az.dm': No such file or directory
2023-12-18 10:33:50.629 1362-1398/? D/rlsservice: MonitorDisplayStatus client num 1, display status 1, sensor status 1
2023-12-18 10:33:50.629 16205-16205/? W/ziparchive: Unable to open '/data/app/~~ypsu8E1Y2Lmrs9i6x9mqDg==/com.google.android.apps.maps-KphVRHdyns4u3yUD7E-WSg==/split_config.az.dm': No such file or directory
2023-12-18 10:33:50.629 16205-16205/? W/droid.apps.maps: Entry not found
2023-12-18 10:33:50.630 16205-16205/? W/ziparchive: Unable to open '/data/app/~~ypsu8E1Y2Lmrs9i6x9mqDg==/com.google.android.apps.maps-KphVRHdyns4u3yUD7E-WSg==/split_config.de.dm': No such file or directory
2023-12-18 10:33:50.630 16205-16205/? W/ziparchive: Unable to open '/data/app/~~ypsu8E1Y2Lmrs9i6x9mqDg==/com.google.android.apps.maps-KphVRHdyns4u3yUD7E-WSg==/split_config.de.dm': No such file or directory
2023-12-18 10:33:50.631 16205-16205/? W/droid.apps.maps: Entry not found
2023-12-18 10:33:50.632 16205-16205/? W/ziparchive: Unable to open '/data/app/~~ypsu8E1Y2Lmrs9i6x9mqDg==/com.google.android.apps.maps-KphVRHdyns4u3yUD7E-WSg==/split_config.en.dm': No such file or directory
2023-12-18 10:33:50.632 16205-16205/? W/ziparchive: Unable to open '/data/app/~~ypsu8E1Y2Lmrs9i6x9mqDg==/com.google.android.apps.maps-KphVRHdyns4u3yUD7E-WSg==/split_config.en.dm': No such file or directory
2023-12-18 10:33:50.632 16205-16205/? W/droid.apps.maps: Entry not found
2023-12-18 10:33:50.633 16205-16205/? W/ziparchive: Unable to open '/data/app/~~ypsu8E1Y2Lmrs9i6x9mqDg==/com.google.android.apps.maps-KphVRHdyns4u3yUD7E-WSg==/split_config.ja.dm': No such file or directory
2023-12-18 10:33:50.633 16205-16205/? W/ziparchive: Unable to open '/data/app/~~ypsu8E1Y2Lmrs9i6x9mqDg==/com.google.android.apps.maps-KphVRHdyns4u3yUD7E-WSg==/split_config.ja.dm': No such file or directory
2023-12-18 10:33:50.634 16205-16205/? W/droid.apps.maps: Entry not found
2023-12-18 10:33:50.634 16205-16205/? W/ziparchive: Unable to open '/data/app/~~ypsu8E1Y2Lmrs9i6x9mqDg==/com.google.android.apps.maps-KphVRHdyns4u3yUD7E-WSg==/split_config.lt.dm': No such file or directory
2023-12-18 10:33:50.634 16205-16205/? W/ziparchive: Unable to open '/data/app/~~ypsu8E1Y2Lmrs9i6x9mqDg==/com.google.android.apps.maps-KphVRHdyns4u3yUD7E-WSg==/split_config.lt.dm': No such file or directory
2023-12-18 10:33:50.635 15778-15778/? D/DynamitePackage: Instantiating com.google.android.gms.ads.ChimeraAdManagerCreatorImpl
2023-12-18 10:33:50.635 16205-16205/? W/droid.apps.maps: Entry not found
2023-12-18 10:33:50.636 16205-16205/? W/ziparchive: Unable to open '/data/app/~~ypsu8E1Y2Lmrs9i6x9mqDg==/com.google.android.apps.maps-KphVRHdyns4u3yUD7E-WSg==/split_config.pa.dm': No such file or directory
2023-12-18 10:33:50.636 16205-16205/? W/ziparchive: Unable to open '/data/app/~~ypsu8E1Y2Lmrs9i6x9mqDg==/com.google.android.apps.maps-KphVRHdyns4u3yUD7E-WSg==/split_config.pa.dm': No such file or directory
2023-12-18 10:33:50.637 16205-16205/? W/droid.apps.maps: Entry not found
2023-12-18 10:33:50.638 16205-16205/? W/ziparchive: Unable to open '/data/app/~~ypsu8E1Y2Lmrs9i6x9mqDg==/com.google.android.apps.maps-KphVRHdyns4u3yUD7E-WSg==/split_config.si.dm': No such file or directory
2023-12-18 10:33:50.638 16205-16205/? W/ziparchive: Unable to open '/data/app/~~ypsu8E1Y2Lmrs9i6x9mqDg==/com.google.android.apps.maps-KphVRHdyns4u3yUD7E-WSg==/split_config.si.dm': No such file or directory
2023-12-18 10:33:50.638 16205-16205/? W/droid.apps.maps: Entry not found
2023-12-18 10:33:50.638 15778-15778/? I/Ads: Use RequestConfiguration.Builder().setTestDeviceIds(Arrays.asList("2F17EB2F72011C536B4B1566CF82F928")) to get test ads on this device.
2023-12-18 10:33:50.639 16205-16205/? W/ziparchive: Unable to open '/data/app/~~ypsu8E1Y2Lmrs9i6x9mqDg==/com.google.android.apps.maps-KphVRHdyns4u3yUD7E-WSg==/split_config.tr.dm': No such file or directory
2023-12-18 10:33:50.639 16205-16205/? W/ziparchive: Unable to open '/data/app/~~ypsu8E1Y2Lmrs9i6x9mqDg==/com.google.android.apps.maps-KphVRHdyns4u3yUD7E-WSg==/split_config.tr.dm': No such file or directory
2023-12-18 10:33:50.640 16205-16205/? W/droid.apps.maps: Entry not found
2023-12-18 10:33:50.641 16205-16205/? W/ziparchive: Unable to open '/data/app/~~ypsu8E1Y2Lmrs9i6x9mqDg==/com.google.android.apps.maps-KphVRHdyns4u3yUD7E-WSg==/split_config.uz.dm': No such file or directory
2023-12-18 10:35:07.290 16543-16643/? I/BugleRcsProvisioning: BugleSystemBindingManager: onCsLibPhenotypeUpdated
2023-12-18 10:33:50.641 16205-16205/? W/ziparchive: Unable to open '/data/app/~~ypsu8E1Y2Lmrs9i6x9mqDg==/com.google.android.apps.maps-KphVRHdyns4u3yUD7E-WSg==/split_config.uz.dm': No such file or directory
2023-12-18 10:33:50.641 16205-16205/? W/droid.apps.maps: Entry not found
2023-12-18 10:33:50.642 16205-16205/? W/ziparchive: Unable to open '/data/app/~~ypsu8E1Y2Lmrs9i6x9mqDg==/com.google.android.apps.maps-KphVRHdyns4u3yUD7E-WSg==/split_config.xxxhdpi.dm': No such file or directory
2023-12-18 10:33:50.642 16205-16205/? W/ziparchive: Unable to open '/data/app/~~ypsu8E1Y2Lmrs9i6x9mqDg==/com.google.android.apps.maps-KphVRHdyns4u3yUD7E-WSg==/split_config.xxxhdpi.dm': No such file or directory
2023-12-18 10:33:50.643 16205-16205/? W/droid.apps.maps: Entry not found
2023-12-18 10:33:50.644 16205-16205/? W/ziparchive: Unable to open '/data/app/~~ypsu8E1Y2Lmrs9i6x9mqDg==/com.google.android.apps.maps-KphVRHdyns4u3yUD7E-WSg==/split_config.zh.dm': No such file or directory
2023-12-18 10:33:50.644 16205-16205/? W/ziparchive: Unable to open '/data/app/~~ypsu8E1Y2Lmrs9i6x9mqDg==/com.google.android.apps.maps-KphVRHdyns4u3yUD7E-WSg==/split_config.zh.dm': No such file or directory
2023-12-18 10:33:50.644 16205-16205/? W/droid.apps.maps: Entry not found
2023-12-18 10:33:50.652 16205-16205/? D/nativeloader: Configuring clns-5 for other apk /data/app/~~ypsu8E1Y2Lmrs9i6x9mqDg==/com.google.android.apps.maps-KphVRHdyns4u3yUD7E-WSg==/base.apk:/data/app/~~ypsu8E1Y2Lmrs9i6x9mqDg==/com.google.android.apps.maps-KphVRHdyns4u3yUD7E-WSg==/split_config.arm64_v8a.apk:/data/app/~~ypsu8E1Y2Lmrs9i6x9mqDg==/com.google.android.apps.maps-KphVRHdyns4u3yUD7E-WSg==/split_config.az.apk:/data/app/~~ypsu8E1Y2Lmrs9i6x9mqDg==/com.google.android.apps.maps-KphVRHdyns4u3yUD7E-WSg==/split_config.de.apk:/data/app/~~ypsu8E1Y2Lmrs9i6x9mqDg==/com.google.android.apps.maps-KphVRHdyns4u3yUD7E-WSg==/split_config.en.apk:/data/app/~~ypsu8E1Y2Lmrs9i6x9mqDg==/com.google.android.apps.maps-KphVRHdyns4u3yUD7E-WSg==/split_config.ja.apk:/data/app/~~ypsu8E1Y2Lmrs9i6x9mqDg==/com.google.android.apps.maps-KphVRHdyns4u3yUD7E-WSg==/split_config.lt.apk:/data/app/~~ypsu8E1Y2Lmrs9i6x9mqDg==/com.google.android.apps.maps-KphVRHdyns4u3yUD7E-WSg==/split_config.pa.apk:/data/app/~~ypsu8E1Y2Lmrs9i6x9mqDg==/com.google.android.apps.maps-KphVRHdyns4u3yUD7E-WSg==/split_config.si
2023-12-18 10:33:50.673 15778-16040/? W/Ads: Not retrying to fetch app settings
2023-12-18 10:33:50.674 15778-15778/? W/InMobiMediationAdapter: {
      "Code": 2,
      "Message": "Ad request successful but no ad served.",
      "Domain": "com.inmobi.sdk",
      "Cause": "null"
    }
2023-12-18 10:33:50.677 16205-16205/? V/GraphicsEnvironment: ANGLE Developer option for 'com.google.android.apps.maps' set to: 'default'
2023-12-18 10:33:50.677 16205-16205/? V/GraphicsEnvironment: ANGLE GameManagerService for com.google.android.apps.maps: false
2023-12-18 10:33:50.677 16205-16205/? V/GraphicsEnvironment: Updatable production driver is not supported on the device.
2023-12-18 10:33:50.680 8481-15380/? E/NetworkScheduler.ATC: Called cancelTask for already completed task com.google.android.gms/.measurement.PackageMeasurementTaskService{u=0 tag="Measurement.PackageMeasurementTaskService.UPLOAD_TASK_TAG" trigger=window{start=0s,end=1s,earliest=-29s,latest=-28s} requirements=[NET_CONNECTED,PREFERRED_CHARGING] attributes=[PERSISTED] scheduled=-29s last_run=-29s exec_window_multiplier=1.0000 jid=N/A status=ACTIVE retries=0 client_lib=GMS_TASK_SCHEDULER-234523000} :1 [CONTEXT service_id=218 ]
2023-12-18 10:33:50.681 16205-16205/? D/NetworkSecurityConfig: No Network Security Config specified, using platform default
2023-12-18 10:33:50.682 16205-16205/? D/NetworkSecurityConfig: No Network Security Config specified, using platform default
2023-12-18 10:33:50.690 11146-16161/? W/SQLiteLog: (28) double-quoted string literal: "1702694030690"
2023-12-18 10:33:50.690 11146-16161/? W/SQLiteLog: (28) double-quoted string literal: "1"
2023-12-18 10:33:50.692 15778-15778/? W/Inneractive_warning: It is recomended to add the READ_PHONE_STATE permission to the manifest for better targetting
2023-12-18 10:33:50.714 15778-15967/? D/TrafficStats: tagSocket(311) with statsTag=0xffffffff, statsUid=-1
2023-12-18 10:33:50.715 15778-15969/? D/TrafficStats: tagSocket(300) with statsTag=0xffffffff, statsUid=-1
2023-12-18 10:33:50.724 15778-15971/? D/TrafficStats: tagSocket(289) with statsTag=0xffffffff, statsUid=-1
2023-12-18 10:33:50.735 15778-15966/? W/Settings: Setting airplane_mode_on has moved from android.provider.Settings.System to android.provider.Settings.Global, returning read-only value.
2023-12-18 10:33:50.735 1939-3983/? D/BackupManagerService: restoreFinished packageName=com.tony.puzzle
2023-12-18 10:33:50.736 1939-3983/? E/BackupManagerService: Unable to finalize restore of com.tony.puzzle
2023-12-18 10:33:50.736 11146-16161/? I/Ads: SDK version: afma-sdk-a-v234310999.231700000.1
2023-12-18 10:33:50.737 11146-16161/? I/Ads: HTTP timeout: 60000 milliseconds.
2023-12-18 10:33:50.737 1939-3983/? I/ActivityManager: Force stopping com.tony.puzzle appid=12309 user=0: clear data
2023-12-18 10:33:50.738 1939-3983/? I/ActivityManager: Killing 15778:com.tony.puzzle/u0a2309 (adj 0): stop com.tony.puzzle due to clear data
2023-12-18 10:33:50.741 11146-11146/? D/BoundBrokerSvc: onUnbind: Intent { act=com.google.android.gms.appset.service.START dat=chimera-action:/... cmp=com.google.android.gms/.chimera.GmsApiService }
2023-12-18 10:33:50.742 15894-15894/? I/cr_ChildProcessService: Destroying ChildProcessService pid=15894
2023-12-18 10:33:50.745 1939-3983/? I/ActivityManager: Killing 15894:com.google.android.webview:sandboxed_process0:org.chromium.content.app.SandboxedProcessService0:0/u0a2309i606 (adj 0): isolated not needed
2023-12-18 10:33:50.745 8481-15693/? E/NetworkScheduler.ATC: Called cancelTask for already completed task com.google.android.gms/.measurement.PackageMeasurementTaskService{u=0 tag="Measurement.PackageMeasurementTaskService.UPLOAD_TASK_TAG" trigger=window{start=0s,end=1s,earliest=-29s,latest=-28s} requirements=[NET_CONNECTED,PREFERRED_CHARGING] attributes=[PERSISTED] scheduled=-29s last_run=-29s exec_window_multiplier=1.0000 jid=N/A status=ACTIVE retries=0 client_lib=GMS_TASK_SCHEDULER-234523000} :1 [CONTEXT service_id=218 ]
2023-12-18 10:33:50.746 1939-2096/? I/libprocessgroup: Successfully killed process cgroup uid 12309 pid 15778 in 5ms
2023-12-18 10:33:50.752 1939-3983/? W/ActivityTaskManager: Force removing ActivityRecord{5a8a18b u0 com.tony.puzzle/.AndroidLauncher} t3756 f}}: app died, no saved state
2023-12-18 10:33:50.758 1939-3983/? W/InputManager-JNI: Input channel object '4bbcea7 com.tony.puzzle/com.tony.puzzle.AndroidLauncher (client)' was disposed without first being removed with the input manager!
2023-12-18 10:33:50.771 19915-19915/? I/Zygote: Process 15894 exited due to signal 9 (Killed)
2023-12-18 10:33:50.772 1939-5018/? W/WindowManager: Failed looking up window session=Session{50c679c 13455:u0a10148} callers=com.android.server.wm.WindowManagerService.windowForClientLocked:5893 com.android.server.wm.WindowManagerService.removeWindow:2031 com.android.server.wm.Session.remove:223
2023-12-18 10:33:50.772 1939-5018/? W/InputManager-JNI: Input channel object 'Embedded{} (client)' was disposed without first being removed with the input manager!
2023-12-18 10:33:50.774 1939-2049/? V/WindowManager: Unknown focus tokens, dropping reportFocusChanged
2023-12-18 10:33:50.774 1939-2058/? I/GameServiceProviderInstance: Failed to remove task overlay. This is expected if the task is already destroyed: GameSessionRecord{mTaskId=3756, mState=GAME_SESSION_ATTACHED, mRootComponentName=ComponentInfo{com.tony.puzzle/com.tony.puzzle.AndroidLauncher}, mIGameSession=android.service.games.IGameSession$Stub$Proxy@7c6d78a, mSurfacePackage=android.view.SurfaceControlViewHost$SurfacePackage@41201fb}
2023-12-18 10:33:50.782 13845-13871/? D/QuickstepModelDelegate: notifyAppTargetEvent action=1 launchLocation=
2023-12-18 10:33:50.782 1617-22221/? D/BufferPoolAccessor2.0: Destruction - bufferpool2 0xb40000790e7df718 cached: 0/0M, 0/0% in use; allocs: 118, 96% recycled; transfers: 117, 94% unfetched
2023-12-18 10:33:50.782 1617-2747/? D/BufferPoolAccessor2.0: Destruction - bufferpool2 0xb40000790e7f7948 cached: 0/0M, 0/0% in use; allocs: 15, 73% recycled; transfers: 14, 71% unfetched
2023-12-18 10:33:50.782 1617-22221/? D/BufferPoolAccessor2.0: Destruction - bufferpool2 0xb40000790e7f8978 cached: 0/0M, 0/0% in use; allocs: 179, 97% recycled; transfers: 178, 96% unfetched
2023-12-18 10:33:50.782 1617-2747/? D/BufferPoolAccessor2.0: Destruction - bufferpool2 0xb40000790e7f5b38 cached: 0/0M, 0/0% in use; allocs: 113, 96% recycled; transfers: 112, 96% unfetched
2023-12-18 10:33:50.782 1617-2747/? D/BufferPoolAccessor2.0: Destruction - bufferpool2 0xb40000790e7ed9b8 cached: 0/0M, 0/0% in use; allocs: 108, 93% recycled; transfers: 107, 92% unfetched
2023-12-18 10:33:50.782 1617-2747/? D/BufferPoolAccessor2.0: Destruction - bufferpool2 0xb40000790e7db408 cached: 0/0M, 0/0% in use; allocs: 12, 75% recycled; transfers: 11, 73% unfetched
2023-12-18 10:33:50.786 23413-23413/? I/Elmyra/ElmyraService: Unblocked; current action: SetupWizardAction
2023-12-18 10:33:50.786 1939-3983/? I/ActivityManager: Killing 16052:com.tony.puzzle:filedownloader/u0a2309 (adj 100): stop com.tony.puzzle due to clear data
2023-12-18 10:33:50.789 1357-1468/? D/CHRE: @ 2040256.153: Parsed nanoapp message from host: app ID 0x476f6f676c00100e, endpoint 0x68, msgType 200, payload size 10
2023-12-18 10:33:50.789 1357-1468/? D/CHRE: @ 2040256.155: Elmyra/Nanoapp Recognizer started
2023-12-18 10:33:50.794 11146-11146/? D/BoundBrokerSvc: onUnbind: Intent { act=com.google.android.gms.ads.service.CACHE pkg=com.google.android.gms }
2023-12-18 10:33:50.795 11146-11146/? D/BoundBrokerSvc: onUnbind: Intent { act=com.google.android.gms.ads.service.START pkg=com.google.android.gms }
2023-12-18 10:33:50.795 11146-11146/? D/BoundBrokerSvc: onUnbind: Intent { act=com.google.android.gms.measurement.START pkg=com.google.android.gms }
2023-12-18 10:33:50.799 1939-2060/? I/ActivityManager: Force stopping com.tony.puzzle appid=12309 user=-1: clearApplicationUserData
2023-12-18 10:33:50.800 1357-1468/? I/ASH: @ 2040256.164: max11259: Max11259 power on reset complete at time 2036991754393492.  STAT = 0x98.
2023-12-18 10:33:50.803 26459-26459/? I/AutoRevokedPackagesLiveData: postValue: {(com.google.android.apps.nbu.files, UserHandle{0})=[android.permission-group.LOCATION], (com.facebook.katana, UserHandle{0})=[android.permission-group.LOCATION, android.permission-group.CONTACTS, android.permission-group.PHONE], (com.google.android.apps.maps, UserHandle{0})=[android.permission-group.CAMERA], (com.google.android.apps.photos, UserHandle{0})=[android.permission-group.CONTACTS], (com.baileyz.podcast, UserHandle{0})=[android.permission-group.STORAGE, android.permission-group.READ_MEDIA_AURAL, android.permission-group.READ_MEDIA_VISUAL]}
2023-12-18 10:33:50.807 1357-1468/? I/ASH: @ 2040256.172: max11259: Started sampling at 50 samples per second.
2023-12-18 10:33:50.808 26459-26459/? I/AutoRevokedPackagesLiveData: postValue: {(com.google.android.apps.nbu.files, UserHandle{0})=[android.permission-group.LOCATION], (com.facebook.katana, UserHandle{0})=[android.permission-group.LOCATION, android.permission-group.CONTACTS, android.permission-group.PHONE], (com.google.android.apps.maps, UserHandle{0})=[android.permission-group.CAMERA], (com.google.android.apps.photos, UserHandle{0})=[android.permission-group.CONTACTS], (com.baileyz.podcast, UserHandle{0})=[android.permission-group.STORAGE, android.permission-group.READ_MEDIA_AURAL, android.permission-group.READ_MEDIA_VISUAL]}
2023-12-18 10:33:50.809 3994-3994/? I/GsaVoiceInteractionSrv: Handling ACTION_START_HOTWORD
2023-12-18 10:33:50.809 1939-2607/? D/ConnectivityService: releasing NetworkRequest [ REQUEST id=21712, [ Capabilities: INTERNET&NOT_RESTRICTED&TRUSTED&NOT_VCN_MANAGED Uid: 12309 RequestorUid: 12309 RequestorPkg: com.tony.puzzle UnderlyingNetworks: Null] ] (release request)
2023-12-18 10:33:50.809 1939-2607/? D/ConnectivityService: releasing NetworkRequest [ REQUEST id=21714, [ Capabilities: INTERNET&NOT_RESTRICTED&TRUSTED&NOT_VCN_MANAGED Uid: 12309 RequestorUid: 12309 RequestorPkg: com.tony.puzzle UnderlyingNetworks: Null] ] (release request)
2023-12-18 10:33:50.809 1939-2607/? D/ConnectivityService: releasing NetworkRequest [ REQUEST id=21717, [ Capabilities: INTERNET&NOT_RESTRICTED&TRUSTED&NOT_VCN_MANAGED Uid: 12309 RequestorUid: 12309 RequestorPkg: com.tony.puzzle UnderlyingNetworks: Null] ] (release request)
2023-12-18 10:33:50.810 3994-4742/? I/GsaVoiceInteractionSrv: (REDACTED) disregardVoiceMatch: %b
2023-12-18 10:33:50.810 3994-4742/? I/GsaVoiceInteractionSrv: Cannot start hotword, hotword has been explicitly disabled.
2023-12-18 10:33:50.810 1321-1321/? I/Zygote: Process 15778 exited due to signal 9 (Killed)
2023-12-18 10:33:50.810 1939-4120/? V/ActivityManager: Got obituary of 15778:com.tony.puzzle
2023-12-18 10:33:50.810 714-714/? E/BpTransactionCompletedListener: Failed to transact (-32)
2023-12-18 10:33:50.811 714-714/? E/BpTransactionCompletedListener: Failed to transact (-32)
2023-12-18 10:33:50.813 1939-2607/? D/ConnectivityService: releasing NetworkRequest [ REQUEST id=21720, [ Capabilities: INTERNET&NOT_RESTRICTED&TRUSTED&NOT_VCN_MANAGED Uid: 12309 RequestorUid: 12309 RequestorPkg: com.tony.puzzle UnderlyingNetworks: Null] ] (release request)
2023-12-18 10:33:50.817 13455-13455/? I/OverlaySession: (REDACTED) onDestroy: %s
2023-12-18 10:33:50.827 10802-10802/? I/AudioPlaybackHandler: App is playing audio but was ignored due to ignorelist.
2023-12-18 10:33:50.829 1939-2049/? W/ActivityManager: setHasOverlayUi called on unknown pid: 15778
2023-12-18 10:33:50.831 1343-1350/? D/ContextHubHal: Got message from nanoapp: ID 0x476f6f676c00100e
2023-12-18 10:33:50.832 1939-2096/? I/libprocessgroup: Successfully killed process cgroup uid 99606 pid 15894 in 0ms
2023-12-18 10:33:50.832 1939-2096/? I/libprocessgroup: Successfully killed process cgroup uid 12309 pid 16052 in 0ms
2023-12-18 10:33:50.833 1939-2153/? I/AppsFilter: interaction: PackageSetting{e7ae148 com.cg.fishing.test/11810} -> PackageSetting{5b704d7 com.tony.puzzle/12309} BLOCKED
2023-12-18 10:33:50.833 1939-2153/? I/AppsFilter: interaction: PackageSetting{d6ba2d9 com.fenghenda.gunshot/12141} -> PackageSetting{5b704d7 com.tony.puzzle/12309} BLOCKED
2023-12-18 10:33:50.833 1939-2153/? I/AppsFilter: interaction: PackageSetting{a9bad60 com.prison.gansters/12007} -> PackageSetting{5b704d7 com.tony.puzzle/12309} BLOCKED
2023-12-18 10:33:50.834 10802-10862/? I/AiAiEcho: (REDACTED) Predicting[%d]: %s
2023-12-18 10:33:50.834 10802-10862/? I/AiAiEcho: (REDACTED) EchoTargets: %s
    Filtered by AiAi flag check: %s
2023-12-18 10:33:50.834 10802-10862/? I/AiAiEcho: (REDACTED) Ranked targets strategy: %s, count: %d, ranking metadata: %s
2023-12-18 10:33:50.835 10802-10862/? I/AiAiEcho: (REDACTED) #postPredictionTargets: Sending updates to UISurface %s with targets# %s (types=[%s])
2023-12-18 10:33:50.836 3028-3028/? D/CarrierSvcBindHelper: onHandleForceStop: [com.tony.puzzle]
2023-12-18 10:33:50.837 3028-3028/? D/CarrierSvcBindHelper: No carrier app for: 0
2023-12-18 10:33:50.838 13845-13845/? E/BcSmartspaceCard: No tap action can be set up
2023-12-18 10:33:50.839 2892-2892/? V/MediaPlayerList: mPackageChangedBroadcastReceiver: action: android.intent.action.PACKAGE_DATA_CLEARED
2023-12-18 10:33:50.839 1939-2114/? E/system_server: updateValue is called with a value 1587124, which is lower than the previous value 1587280
2023-12-18 10:33:50.848 11963-11963/? I/WallpaperService: engine resumed
2023-12-18 10:33:50.851 1357-1357/? I/sensors-hal: [hal]batch_physical_sensor:319, android.sensor.accelerometer/11, period=20000000, max_latency=0
2023-12-18 10:33:50.852 1357-1357/? I/sensors-hal: [sensor]set_config:64, sample_period_ns is adjusted to 20000000 based on min/max delay_ns
2023-12-18 10:33:50.852 1357-1357/? I/sensors-hal: [hal]batch_physical_sensor:328, android.sensor.accelerometer/11, period=20000000, max_latency=0 request completed
2023-12-18 10:33:50.852 1357-1357/? I/sensors-hal: [hal]flush_physical_sensor:360, android.sensor.accelerometer/11
2023-12-18 10:33:50.852 1357-1357/? I/sensors-hal: [hal]flush_physical_sensor:366, android.sensor.accelerometer/11 completed
2023-12-18 10:33:50.853 1357-20065/? I/sensors-hal: [ssc_sensor]ssc_conn_resp_cb:685, resp_value = 0
2023-12-18 10:33:50.853 1357-20065/? I/sensors-hal: [ssc_sensor]ssc_conn_resp_cb:685, resp_value = 0
2023-12-18 10:33:50.853 1357-1357/? I/sensors-hal: [hal]batch_physical_sensor:319, android.sensor.gyroscope/41, period=20000000, max_latency=0
2023-12-18 10:33:50.853 1357-1357/? I/sensors-hal: [sensor]set_config:64, sample_period_ns is adjusted to 20000000 based on min/max delay_ns
2023-12-18 10:33:50.853 1357-1357/? I/sensors-hal: [hal]batch_physical_sensor:328, android.sensor.gyroscope/41, period=20000000, max_latency=0 request completed
2023-12-18 10:33:50.853 1357-1357/? I/sensors-hal: [hal]activate_physical_sensor:256, android.sensor.gyroscope/41 en=1
2023-12-18 10:33:50.854 1357-1357/? I/sensors-hal: [ssc_utils]get_qmi_debug_flag:243, support_qmi_debug : false
2023-12-18 10:33:50.855 10802-10877/? I/AiAiStatsd: (REDACTED) Successfully logged feature enablement for %s.
2023-12-18 10:33:50.856 1939-3983/? E/ActivityManager: Unbind of ApplicationInfo{5b5af8d com.tony.puzzle} but is not the current backup target
2023-12-18 10:33:50.857 1939-3983/? D/BackupManagerService: Restore complete, killing host process of com.tony.puzzle
2023-12-18 10:33:50.858 1357-1357/? D/Diag_Lib:  Diag_LSM_Init: Failed to open handle to diag driver, error = 13
2023-12-18 10:33:50.855 1357-1357/? W/sensors@2.0-ser: type=1400 audit(0.0:73480): avc: denied { read write } for name="diag" dev="tmpfs" ino=30747 scontext=u:r:hal_sensors_default:s0 tcontext=u:object_r:diag_device:s0 tclass=chr_file permissive=0
2023-12-18 10:33:50.859 1357-1357/? W/sensors@2.0-ser: type=1400 audit(0.0:73481): avc: denied { read write } for name="diag" dev="tmpfs" ino=30747 scontext=u:r:hal_sensors_default:s0 tcontext=u:object_r:diag_device:s0 tclass=chr_file permissive=0
2023-12-18 10:33:50.860 1939-3983/? W/ActivityManager: Process/uid not found attempting kill of com.tony.puzzle / 12309
2023-12-18 10:33:50.861 1357-1357/? D/Diag_Lib:  Diag_LSM_Init: Failed to open handle to diag driver, error = 13
2023-12-18 10:33:50.861 1357-1357/? I/sensors-hal: [ssc_sensor]update_handle:559, handle=331, type=33, wakeup=0, hwid=0, base=331
2023-12-18 10:33:50.861 1357-1357/? I/sensors-hal: [sensor]set_config:64, sample_period_ns is adjusted to 1000000000 based on min/max delay_ns
2023-12-18 10:33:50.861 1357-1357/? I/sensors-hal: [ssc_utils]get_qmi_debug_flag:243, support_qmi_debug : false
2023-12-18 10:33:50.862 1939-3983/? V/BackupManagerService: No more packages; finishing restore
2023-12-18 10:33:50.865 10802-10802/? W/ContentCaptureService: handleSendEvents() received empty list of events
2023-12-18 10:33:50.865 7621-7621/? I/GoogleInputMethodService: GoogleInputMethodService.onFinishInput():3220
2023-12-18 10:33:50.865 1357-1357/? I/sensors-hal: [ssc_utils]get_qmi_debug_flag:243, support_qmi_debug : false
2023-12-18 10:33:50.866 4027-4027/? D/RegisteredNfcFServicesCache: Service unchanged, not updating
2023-12-18 10:33:50.866 11146-15937/? I/Backup: [GmsBackupTransport] restore finished
2023-12-18 10:33:50.866 1357-16250/? I/sensors-hal: [ssc_sensor]ssc_conn_resp_cb:685, resp_value = 0
2023-12-18 10:33:50.867 7621-7621/? I/GoogleInputMethodService: GoogleInputMethodService.updateDeviceLockedStatus():2116 checkRepeatedly = false, unlocked = true
2023-12-18 10:33:50.867 7621-7621/? I/GoogleInputMethodService: GoogleInputMethodService.onStartInput():1923 onStartInput(EditorInfo{inputType=0x1(Normal) imeOptions=0x10000003 privateImeOptions=need_conversion actionName=SEARCH actionLabel=null actionId=0 initialSelStart=0 initialSelEnd=0 initialCapsMode=0x0 hintText=non-empty label=null packageName=com.google.android.apps.nexuslauncher fieldId=2131362183 fieldName=null extras=null}, false)
2023-12-18 10:33:50.868 669-669/? D/libnos_transport: Calling App 2 with params 0x0000
2023-12-18 10:33:50.868 669-669/? E/libnos_datagram: can't send spi message: Try again
2023-12-18 10:33:50.868 7621-7621/? I/GoogleInputMethodService: GoogleInputMethodService.updateDeviceLockedStatus():2116 checkRepeatedly = true, unlocked = true
2023-12-18 10:33:50.870 1939-3983/? I/BackupManagerService: Restore complete.
2023-12-18 10:33:50.871 1939-2153/? I/AppsFilter: interaction: PackageSetting{e7ae148 com.cg.fishing.test/11810} -> PackageSetting{5b704d7 com.tony.puzzle/12309} BLOCKED
2023-12-18 10:33:50.871 1939-2153/? I/AppsFilter: interaction: PackageSetting{d6ba2d9 com.fenghenda.gunshot/12141} -> PackageSetting{5b704d7 com.tony.puzzle/12309} BLOCKED
2023-12-18 10:33:50.871 1939-2153/? I/AppsFilter: interaction: PackageSetting{a9bad60 com.prison.gansters/12007} -> PackageSetting{5b704d7 com.tony.puzzle/12309} BLOCKED
2023-12-18 10:33:50.872 1939-2153/? D/PackageInstallerSession: Marking session 1271946912 as applied
2023-12-18 10:33:50.874 1939-3983/? V/BackupManagerService: [UserID:0] Released wakelock:*backup*-0-3983
2023-12-18 10:33:50.875 1357-1357/? I/sensors-hal: [hal]activate_physical_sensor:267, android.sensor.gyroscope/41 en=1 completed
2023-12-18 10:33:50.875 1584-14133/? E/installd: Couldn't opendir /data/app/vmdl1271946912.tmp: No such file or directory
2023-12-18 10:33:50.875 1584-14133/? E/installd: Failed to delete /data/app/vmdl1271946912.tmp: No such file or directory
2023-12-18 10:33:50.876 1357-16253/? I/sensors-hal: [ssc_sensor]ssc_conn_resp_cb:685, resp_value = 0
2023-12-18 10:33:50.878 669-669/? E/libnos_datagram: can't send spi message: Try again
2023-12-18 10:33:50.878 3020-3095/? D/SecureElementService: getReaders() for com.android.nfc
2023-12-18 10:33:50.883 669-669/? E/libnos_datagram: can't send spi message: Try again
2023-12-18 10:33:50.885 2909-2909/? D/Oslo.OsloMetrics: log flick echo client com.breel.wallpapers19.view.controller.OsloController gesture 2 register true
2023-12-18 10:33:50.886 2909-2909/? D/Oslo.OsloMetrics: Register 1400 timestamp 2040253163
2023-12-18 10:33:50.886 2909-2909/? D/Oslo.OsloMetrics: log reach echo client com.breel.wallpapers19.view.controller.OsloController gesture 5 register true
2023-12-18 10:33:50.886 2909-2909/? D/Oslo.OsloMetrics: Register 1400 timestamp 2040253164
2023-12-18 10:33:50.886 2909-2909/? D/Oslo.OsloMetrics: log flick client com.breel.wallpapers19.view.controller.OsloController gesture 1 register true
2023-12-18 10:33:50.886 2909-2909/? D/Oslo.OsloMetrics: Register 1400 timestamp 2040253164
2023-12-18 10:33:50.888 2909-2909/? D/Oslo.OsloMetrics: log reach client com.breel.wallpapers19.view.controller.OsloController gesture 4 register true
2023-12-18 10:33:50.888 2909-2909/? D/Oslo.OsloMetrics: Register 1400 timestamp 2040253165
2023-12-18 10:33:50.889 669-669/? E/libnos_datagram: can't send spi message: Try again
2023-12-18 10:33:50.895 669-669/? E/libnos_datagram: can't send spi message: Try again
2023-12-18 10:33:50.902 669-669/? D/libnos_transport: App 2 inspection status=0x00000000 reply_len=0 protocol=1 flags=0x0000
2023-12-18 10:33:50.902 669-669/? D/libnos_transport: Send app 2 command data (66 bytes)
2023-12-18 10:33:50.903 669-669/? D/libnos_transport: Send app 2 go command 0x00020000
2023-12-18 10:33:50.903 2892-2892/? V/MediaPlayerList: mPackageChangedBroadcastReceiver: action: android.intent.action.PACKAGE_ADDED
2023-12-18 10:33:50.903 2892-2892/? D/MediaPlayerList: Name of package changed: com.tony.puzzle
2023-12-18 10:33:50.904 3028-3082/? D/TelephonyProvider: Using old permission behavior for telephony provider compat
2023-12-18 10:33:50.905 669-669/? D/libnos_transport: Polling app 2
2023-12-18 10:33:50.905 1939-2645/? I/SdkSandboxManager: No SDKs used. Skipping SDK data reconcilation for CallingInfo{mUid=12309, mPackageName='com.tony.puzzle, mAppProcessToken='null'}
2023-12-18 10:33:50.905 3994-3994/? I/GsaVoiceInteractionSrv: (REDACTED) O received %s
2023-12-18 10:33:50.906 1173-1173/? I/Finsky: [2] xdj.g(1): xdj - Received: android.intent.action.PACKAGE_ADDED, [ecMEZDL3QgHm1FL_QsQt6t5MCvb4lECVgBMjXTZFHes]
2023-12-18 10:33:50.906 26459-28437/? I/ServiceLiveData: Detected PrintServices: [com.android.bips]
2023-12-18 10:33:50.906 26459-28439/? I/ServiceLiveData: Not exempting com.google.android.marvin.talkback - not an active AccessibilityService for u0
2023-12-18 10:33:50.907 26459-28435/? I/ServiceLiveData: Detected VoiceInteractionServices: [com.google.android.googlequicksearchbox]
2023-12-18 10:33:50.907 26459-28436/? I/ServiceLiveData: Not exempting com.google.android.gms - not an active NotificationListenerService for u0
2023-12-18 10:33:50.907 26459-28436/? I/ServiceLiveData: Detected NotificationListenerServices: [com.google.android.apps.dreamliner, com.google.android.apps.nexuslauncher, com.google.android.as, com.google.android.projection.gearhead]
2023-12-18 10:33:50.908 26459-28439/? I/ServiceLiveData: Not exempting com.google.android.marvin.talkback - not an active AccessibilityService for u0
2023-12-18 10:33:50.908 26459-28439/? I/ServiceLiveData: Not exempting com.google.android.marvin.talkback - not an active AccessibilityService for u0
2023-12-18 10:33:50.909 26459-28439/? I/ServiceLiveData: Not exempting com.google.android.marvin.talkback - not an active AccessibilityService for u0
2023-12-18 10:33:50.909 26459-28439/? I/ServiceLiveData: Not exempting com.qihoo.appstore - not an active AccessibilityService for u0
2023-12-18 10:33:50.909 26459-28439/? I/ServiceLiveData: Detected AccessibilityServices: []
2023-12-18 10:33:50.912 26459-28435/? I/ServiceLiveData: Not exempting com.google.android.apps.work.clouddpc - not an active DEVICE_ADMIN_SERVICE for u0
2023-12-18 10:33:50.912 26459-28435/? I/ServiceLiveData: Not exempting com.google.android.gms - not an active DEVICE_ADMIN_SERVICE for u0
2023-12-18 10:33:50.912 26459-28435/? I/ServiceLiveData: Detected DEVICE_ADMIN_SERVICEs: []
2023-12-18 10:33:50.913 26459-28437/? I/ServiceLiveData: Detected AutofillServices: [com.google.android.gms]
2023-12-18 10:33:50.915 26459-28441/? I/ServiceLiveData: Not exempting com.android.dreams.basic - not an active DreamService for u0
2023-12-18 10:33:50.915 26459-28441/? I/ServiceLiveData: Not exempting com.google.android.apps.photos - not an active DreamService for u0
2023-12-18 10:33:50.915 26459-28441/? I/ServiceLiveData: Not exempting com.google.android.deskclock - not an active DreamService for u0
2023-12-18 10:33:50.916 26459-28441/? I/ServiceLiveData: Detected DreamServices: []
2023-12-18 10:33:50.919 1939-1939/? V/GameManagerService_GamePackageConfiguration: No android.game_mode_config meta-data found for package com.tony.puzzle
2023-12-18 10:33:50.919 1939-1939/? W/GameManagerService: Invalid package config for com.tony.puzzle:[Name:com.tony.puzzle Modes: {}]
2023-12-18 10:33:50.919 1939-1939/? I/GameManagerService: Disabling downscale for com.tony.puzzle
2023-12-18 10:33:50.920 1173-16261/? I/Finsky: [179] oto.run(95): Wrote row to frosting DB: 120612
2023-12-18 10:33:50.920 26459-28436/? I/BroadcastReceiverLiveData: Not exempting com.google.android.apps.work.clouddpc - not an active DEVICE_ADMIN_ENABLED for u0
2023-12-18 10:33:50.920 26459-28436/? I/BroadcastReceiverLiveData: Not exempting com.google.android.gms - not an active DEVICE_ADMIN_ENABLED for u0
2023-12-18 10:33:50.920 26459-28436/? I/BroadcastReceiverLiveData: Not exempting com.qihoo.appstore - not an active DEVICE_ADMIN_ENABLED for u0
2023-12-18 10:33:50.920 26459-28436/? I/BroadcastReceiverLiveData: Detected DEVICE_ADMIN_ENABLEDs: []
2023-12-18 10:33:50.921 26459-28438/? I/ServiceLiveData: Detected InputMethods: [com.google.android.inputmethod.latin, com.google.android.tts, com.qihoo.appstore]
2023-12-18 10:33:50.924 1939-2537/? I/InputReader: Reconfiguring input devices, changes=KEYBOARD_LAYOUTS |
2023-12-18 10:33:50.928 1939-1939/? I/Telecom: DefaultDialerCache: Refreshing default dialer for user 0: now com.google.android.dialer: DDC.oR@pRI
2023-12-18 10:33:50.932 26459-28412/? I/ServiceLiveData: Not exempting com.kiwifruitmobile.sudoku - not an active WallpaperService for u0
2023-12-18 10:33:50.933 26459-28412/? I/ServiceLiveData: Not exempting com.google.pixel.livewallpaper - not an active WallpaperService for u0
2023-12-18 10:33:50.933 26459-28412/? I/ServiceLiveData: Not exempting com.google.pixel.livewallpaper - not an active WallpaperService for u0
2023-12-18 10:33:50.933 26459-28412/? I/ServiceLiveData: Not exempting com.google.pixel.livewallpaper - not an active WallpaperService for u0
2023-12-18 10:33:50.933 26459-28412/? I/ServiceLiveData: Not exempting com.qihoo.appstore - not an active WallpaperService for u0
2023-12-18 10:33:50.933 26459-28412/? I/ServiceLiveData: Not exempting com.tencent.mobileqq - not an active WallpaperService for u0
2023-12-18 10:33:50.934 26459-28412/? I/ServiceLiveData: Detected WallpaperServices: [com.breel.wallpapers19]
2023-12-18 10:33:50.936 1173-1173/? I/Finsky: [2] aciq.f(9): Clearing split related stale data.
2023-12-18 10:33:50.937 26459-25088/? I/PermissionControllerServiceImpl: Updating user sensitive for uid 12309
2023-12-18 10:33:50.938 669-669/? D/libnos_transport: App 2 polled=14 status=0x80000000 reply_len=0 flags=0x0000
2023-12-18 10:33:50.938 669-669/? D/libnos_transport: App 2 returning 0x0
2023-12-18 10:33:50.943 1173-1173/? I/Finsky: [2] rwr.aje(13): DTU: Received onPackageAdded, replacing: false
2023-12-18 10:33:50.954 1939-1939/? V/BackupManagerConstants: getFullBackupIntervalMilliseconds(...) returns 86400000
2023-12-18 10:33:50.954 1939-1939/? V/BackupManagerConstants: getFullBackupRequiredNetworkType(...) returns 2
2023-12-18 10:33:50.954 1939-1939/? V/BackupManagerConstants: getFullBackupRequireCharging(...) returns true
2023-12-18 10:33:50.957 1173-15057/? I/Finsky: [169] jpu.a(180): Asset module storage cleared for package com.tony.puzzle.
2023-12-18 10:33:50.960 1173-1173/? I/Finsky: [2] ajia.c(44): Do not start WearSupportService due to Wear service optimization
2023-12-18 10:33:50.962 1173-1294/? I/Finsky: [63] kjk.a(55): AIM: AppInfoManager-Perf > OnDeviceAppInfo > cacheHitCount=1, cacheMissCount=0. Missed  in cache (limit 10) : []
2023-12-18 10:33:50.962 1939-2153/? D/CompatibilityChangeReporter: Compat change id reported: 168419799; UID 12309; state: DISABLED
2023-12-18 10:33:50.963 1173-1294/? I/Finsky: [63] khg.apply(890): AIM: Got app ownership map. App counts: . Unique apps: 0
2023-12-18 10:33:50.981 1321-1321/? I/Zygote: Process 16052 exited due to signal 9 (Killed)
2023-12-18 10:33:50.982 1939-4175/? V/ActivityManager: Got obituary of 16052:com.tony.puzzle:filedownloader
2023-12-18 10:33:50.984 1173-1265/? I/Finsky: [48] kjg.a(206): AIM: AppInfoManager-Perf > ItemModel > CacheSize=219, cacheHitCount=0, cacheMissCount=0, total appsWithNoServerDataCount=1. Missed  in cache (limit 10) : []
2023-12-18 10:33:50.995 1173-1173/? I/Finsky: [2] khq.f(9): AIM: AppInfoCacheUpdater -> invalidating apps: [com.tony.puzzle]
2023-12-18 10:33:50.995 1173-1173/? I/Finsky: [2] kig.g(21): AIM: AppInfoManager-Perf > getApps > called for 1 apps
2023-12-18 10:33:50.996 1173-1289/? I/Finsky: [61] kjk.a(55): AIM: AppInfoManager-Perf > OnDeviceAppInfo > cacheHitCount=0, cacheMissCount=1. Missed  in cache (limit 10) : [com.tony.puzzle]
2023-12-18 10:33:50.998 1173-1294/? I/Finsky: [63] khg.apply(890): AIM: Got app ownership map. App counts: . Unique apps: 0
2023-12-18 10:33:51.001 8481-16292/? I/Fitness: (REDACTED) FitCleanupIntentOperation received Intent %s
2023-12-18 10:33:51.005 1173-16261/? I/Finsky: [179] oto.run(95): Wrote row to frosting DB: 120613
2023-12-18 10:33:51.017 1939-1939/? I/AppsFilter: interaction: PackageSetting{e7ae148 com.cg.fishing.test/11810} -> PackageSetting{cd0d270 com.tony.puzzle/12309} BLOCKED
2023-12-18 10:33:51.017 1939-1939/? I/AppsFilter: interaction: PackageSetting{d6ba2d9 com.fenghenda.gunshot/12141} -> PackageSetting{cd0d270 com.tony.puzzle/12309} BLOCKED
2023-12-18 10:33:51.017 1939-1939/? I/AppsFilter: interaction: PackageSetting{a9bad60 com.prison.gansters/12007} -> PackageSetting{cd0d270 com.tony.puzzle/12309} BLOCKED
2023-12-18 10:33:51.020 1939-1939/? I/Telecom: DefaultDialerCache: Refreshing default dialer for user 0: now com.google.android.dialer: DDC.oR@pRM
2023-12-18 10:33:51.021 1939-2537/? I/InputReader: Reconfiguring input devices, changes=KEYBOARD_LAYOUTS |
2023-12-18 10:33:51.023 2892-2892/? V/MediaPlayerList: mPackageChangedBroadcastReceiver: action: android.intent.action.PACKAGE_CHANGED
2023-12-18 10:33:51.023 2892-2892/? D/MediaPlayerList: Name of package changed: com.tony.puzzle
2023-12-18 10:33:51.030 1939-3983/? W/BackupTransportManager: Package com.tony.puzzle enabled setting: 0
2023-12-18 10:33:51.030 11146-12318/? I/Icing: doRemovePackageData com.tony.puzzle
2023-12-18 10:33:51.037 3028-3028/? D/CarrierSvcBindHelper: onPackageAdded: com.tony.puzzle
2023-12-18 10:33:51.037 3028-3028/? D/CarrierSvcBindHelper: No carrier app for: 0
2023-12-18 10:33:51.040 11146-16290/? I/Auth: [SupervisedAccountIntentOperation] onHandleIntent(): android.intent.action.PACKAGE_ADDED
2023-12-18 10:33:51.053 11146-16288/? I/Dck: (REDACTED) updateHasCarKeyDownloadCondition: %s, disableDckSupport: %s
2023-12-18 10:33:51.053 11146-16288/? I/Dck: (REDACTED) doesDeviceHaveSupportedWirelessCapabilities: wccSysProp:%d, wccMendel:%d, deviceWccOverride:%s
2023-12-18 10:33:51.053 11146-16288/? I/Dck: (REDACTED) isDckModuleEligible: isAtLeastR:%s, hasWccSupport:%s, downloadAllowed:%s
2023-12-18 10:33:51.053 11146-16288/? W/Dck: Dck module not eligible for asynchronous downloading [CONTEXT service_id=289 ]
2023-12-18 10:33:51.056 1939-2148/? E/VerityUtils: Failed to measure fs-verity, errno 1: /data/app/~~T_1Eo8LWAAkv3gbWCu8DCw==/com.tony.puzzle-5tjmYKTgA7hINxb4JE1UyQ==/base.apk
2023-12-18 10:33:51.058 3028-3028/? E/VvmPkgInstalledRcvr: cannot create TelephonyManager from ComponentInfo{com.android.phone/com.android.services.telephony.TelephonyConnectionService}, E, UserHandle{0}
2023-12-18 10:33:51.068 1939-5597/? D/CompatibilityChangeReporter: Compat change id reported: 161252188; UID 12309; state: ENABLED
2023-12-18 10:33:51.078 1939-2046/? W/Looper: Slow dispatch took 105ms android.fg h=android.os.Handler c=<recycled PooledLambda@32e2f32> m=0
2023-12-18 10:33:51.079 1357-1468/? D/VSC: @ 2040256.445: [WO] Proposed rotation: 4, flat angle threshold: 65
2023-12-18 10:33:51.079 1357-1468/? D/VSC: @ 2040256.445: [WO] orientation angle 359, orientation 4
2023-12-18 10:33:51.079 1357-1468/? D/VSC: @ 2040256.445: [WO] Gyro angle integrated: 22.802663
2023-12-18 10:33:51.088 16205-16310/? I/AdrenoGLES-0: QUALCOMM build                   : 85da404, I46ff5fc46f
    Build Date                       : 11/30/20
    OpenGL ES Shader Compiler Version: EV031.31.04.01
    Local Branch                     : promo490_3_Google
    Remote Branch                    :
    Remote Branch                    :
    Reconstruct Branch               :
2023-12-18 10:33:51.089 16205-16310/? I/AdrenoGLES-0: Build Config                     : S P 10.0.4 AArch64
2023-12-18 10:33:51.089 16205-16310/? I/AdrenoGLES-0: Driver Path                      : /vendor/lib64/egl/libGLESv2_adreno.so
2023-12-18 10:33:51.091 11146-16159/? I/Icing: IndexChimeraService.getServiceInterface callingPackage=com.google.android.gms componentName=AppsCorpus serviceId=36
2023-12-18 10:33:51.095 8481-16278/? I/ProximityAuth: [RecentAppsMediator] Package added: (user=UserHandle{0}) com.tony.puzzle
2023-12-18 10:33:51.095 8481-16284/? W/GCM: Unexpected forwarded intent: Intent { act=android.intent.action.PACKAGE_ADDED dat=package: flg=0x4000010 pkg=com.google.android.gms cmp=com.google.android.gms/.chimera.PersistentIntentOperationService (has extras) }
2023-12-18 10:33:51.097 8481-16292/? W/GCM: Unexpected forwarded intent: Intent { act=android.intent.action.PACKAGE_ADDED dat=package: flg=0x4000010 pkg=com.google.android.gms cmp=com.google.android.gms/.chimera.PersistentIntentOperationService (has extras) }
2023-12-18 10:33:51.108 1939-4890/? E/ActivityManager: Backup agent created for com.google.android.apps.maps but not requested!
2023-12-18 10:33:51.113 1939-5007/? D/CompatibilityChangeReporter: Compat change id reported: 161145287; UID 10203; state: DISABLED
2023-12-18 10:33:51.120 16205-16310/? I/AdrenoGLES-0: PFP: 0x016ee190, ME: 0x00000000
2023-12-18 10:33:51.121 8481-16317/? I/Fitness: (REDACTED) OnPackageChangedOperation got intent: %s
2023-12-18 10:33:51.124 16205-16310/? W/AdrenoUtils: <ReadGpuID_from_sysfs:197>: Failed to open /sys/class/kgsl/kgsl-3d0/gpu_model
2023-12-18 10:33:51.124 16205-16310/? W/AdrenoUtils: <ReadGpuID:221>: Failed to read chip ID from gpu_model. Fallback to use the GSL path
2023-12-18 10:33:51.146 3028-3028/? D/CarrierSvcBindHelper: onPackageModified: com.tony.puzzle
2023-12-18 10:33:51.147 3028-3028/? D/CarrierSvcBindHelper: No carrier app for: 0
2023-12-18 10:33:51.147 3028-3028/? D/ImsResolver: maybeAddedImsService, packageName: com.tony.puzzle
2023-12-18 10:33:51.148 8481-16284/? I/Fitness: (REDACTED) FitCleanupIntentOperation received Intent %s
2023-12-18 10:33:51.158 3028-3028/? D/ImsResolver: maybeAddedImsService, packageName: com.tony.puzzle
2023-12-18 10:33:51.160 4027-4027/? D/RegisteredNfcFServicesCache: Service unchanged, not updating
2023-12-18 10:33:51.165 16205-16307/? W/Settings: Setting device_provisioned has moved from android.provider.Settings.System to android.provider.Settings.Global, returning read-only value.
2023-12-18 10:33:51.173 8481-8481/? D/BoundBrokerSvc: onRebind: Intent { act=com.google.android.gms.clearcut.bootcount.service.START pkg=com.google.android.gms }
2023-12-18 10:33:51.185 1939-2008/? D/ConnectivityService: requestNetwork for uid/pid:10203/16205 activeRequest: null callbackRequest: 21721 [NetworkRequest [ REQUEST id=21722, [ Capabilities: INTERNET&NOT_RESTRICTED&TRUSTED&NOT_VCN_MANAGED Uid: 10203 RequestorUid: 10203 RequestorPkg: com.google.android.apps.maps UnderlyingNetworks: Null] ]] callback flags: 0 order: 2147483647
2023-12-18 10:33:51.187 16205-16309/? D/CompatibilityChangeReporter: Compat change id reported: 183155436; UID 10203; state: DISABLED
2023-12-18 10:33:51.188 1939-2597/? D/CompatibilityChangeReporter: Compat change id reported: 218533173; UID 12309; state: ENABLED
2023-12-18 10:33:51.191 1939-2599/? D/WifiNetworkFactory: got request NetworkRequest [ REQUEST id=21722, [ Capabilities: INTERNET&NOT_RESTRICTED&TRUSTED&NOT_VCN_MANAGED Uid: 10203 RequestorUid: 10203 RequestorPkg: com.google.android.apps.maps UnderlyingNetworks: Null] ]
2023-12-18 10:33:51.192 1939-2599/? D/UntrustedWifiNetworkFactory: got request NetworkRequest [ REQUEST id=21722, [ Capabilities: INTERNET&NOT_RESTRICTED&TRUSTED&NOT_VCN_MANAGED Uid: 10203 RequestorUid: 10203 RequestorPkg: com.google.android.apps.maps UnderlyingNetworks: Null] ]
2023-12-18 10:33:51.192 1939-2599/? D/OemPaidWifiNetworkFactory: got request NetworkRequest [ REQUEST id=21722, [ Capabilities: INTERNET&NOT_RESTRICTED&TRUSTED&NOT_VCN_MANAGED Uid: 10203 RequestorUid: 10203 RequestorPkg: com.google.android.apps.maps UnderlyingNetworks: Null] ]
2023-12-18 10:33:51.192 1939-2599/? D/MultiInternetWifiNetworkFactory: got request NetworkRequest [ REQUEST id=21722, [ Capabilities: INTERNET&NOT_RESTRICTED&TRUSTED&NOT_VCN_MANAGED Uid: 10203 RequestorUid: 10203 RequestorPkg: com.google.android.apps.maps UnderlyingNetworks: Null] ]
2023-12-18 10:33:51.204 1939-2607/? D/ConnectivityService: NetReassign [21722 : null  183] [c 0] [a 0] [i 11]
2023-12-18 10:33:51.211 4027-4027/? D/RegisteredNfcFServicesCache: Service unchanged, not updating
2023-12-18 10:33:51.213 3020-3095/? D/SecureElementService: getReaders() for com.android.nfc
2023-12-18 10:33:51.222 3020-3095/? D/SecureElementService: getReaders() for com.android.nfc
2023-12-18 10:33:51.229 1939-2046/? W/Looper: Slow delivery took 235ms android.fg h=android.os.Handler c=<recycled PooledLambda@31399ff> m=0
2023-12-18 10:33:51.236 1939-4175/? D/IntervalStats: Unable to parse usage stats packages: [1698, 1811, 2199, 2257, 2453, 2465, 2594, 2611, 2628, 2647, 2674, 2720, 2793, 2806, 2847, 2860, 2877, 2896, 2911, 2931, 2959, 2963, 2964, 2969, 2970, 2972, 2974, 2976, 2981, 2983, 2984, 2992, 2995, 2996, 2998, 3000, 3001, 3002, 3004, 3007, 3009, 3012, 3014, 3016, 3017, 3018, 3027, 3028, 3029, 3033, 3036, 3038, 3039, 3042, 3043, 3044, 3045, 3046, 3047, 3048, 3049, 3052, 3053, 3054, 3055, 3056, 3059, 3061, 3062, 3064, 3067, 3070, 3071, 3072, 3073, 3075, 3079, 3080, 3082, 3083, 3084, 3085, 3088, 3091, 3093, 3095, 3099, 3100, 3101, 3102, 3103, 3104, 3105, 3107, 3109, 3110, 3111, 3112, 3113, 3114, 3115, 3116, 3117, 3118, 3119, 3126, 3128, 3129, 3130, 3131, 3132, 3133, 3134, 3135, 3136, 3137, 3138, 3139, 3142, 3145, 3147, 3149, 3150, 3151, 3154, 3155, 3157, 3158, 3159, 3161, 3162, 3164, 3165, 3168, 3169, 3170, 3171, 3175, 3176, 3177, 3178, 3181, 3182, 3187, 3188, 3189, 3190, 3191, 3192, 3194, 3195, 3196, 3198, 3199, 3200, 3201, 3205, 3207, 3208, 3209, 3211, 3212, 3213, 3214, 3215, 3216, 3217, 3218, 3220, 3221, 3222, 3223, 3225, 3226, 3228, 3229, 3230, 3231, 3234, 3237, 3238, 3239, 3240, 3243, 3244, 3247, 3248, 3250, 3251, 3252, 3253, 3254, 3260, 3262, 3263, 3264, 3265, 3266, 3267, 3269, 3270, 3271, 3272, 3274, 3278, 3280, 3281, 3282, 3284]
2023-12-18 10:33:51.244 11146-12318/? I/Icing: Usage reports ok 0, Failed Usage reports 0, indexed 0, rejected 0
2023-12-18 10:33:51.258 1173-1289/? I/Finsky: [61] opv.accept(64): SCH: Scheduling phonesky job Id: 12-1, CT: 1702866830941, Constraints: [{ L: 15000, D: 86400000, C: 1, I: 1, N: 1 }]
2023-12-18 10:33:51.266 16205-16324/? D/CompatibilityChangeReporter: Compat change id reported: 160794467; UID 10203; state: ENABLED
2023-12-18 10:33:51.275 8481-14719/? W/ChimeraUtils: Module com.google.android.gms.nearby_en missing resource null(0)
2023-12-18 10:33:51.281 11146-12318/? I/Icing: Indexing com.google.android.gms-apps from com.google.android.gms
2023-12-18 10:33:51.287 1173-1289/? I/Finsky: [61] kjg.a(206): AIM: AppInfoManager-Perf > ItemModel > CacheSize=219, cacheHitCount=0, cacheMissCount=0, total appsWithNoServerDataCount=1. Missed  in cache (limit 10) : []
2023-12-18 10:33:51.287 1173-1289/? I/Finsky: [61] kma.apply(296): SCH: Scheduling 1 system job(s)
2023-12-18 10:33:51.288 1173-1289/? I/Finsky: [61] aazd.d(263): SCH: Scheduling system job Id: 9049, L: 14654, D: 66222027, C: false, I: false, N: 1
2023-12-18 10:33:51.307 1173-1289/? I/Finsky: [61] jlv.accept(156): AIM: AppInfoManager-Perf > getApps > data collection finished
2023-12-18 10:33:51.314 8481-14719/? W/ChimeraUtils: Module com.google.android.gms.nearby_en missing resource null(0)
2023-12-18 10:33:51.315 11146-12318/? I/Icing: Indexing done com.google.android.gms-apps
2023-12-18 10:33:51.307 1173-1289/? I/Finsky: [61] jfp.run(40): AIM: AppInfoManager-Perf > maybeDestroyAppInfoManager is called. actives = 0
2023-12-18 10:33:51.318 1173-1254/? I/Finsky: [46] lvm.aie(129): [ContentSync] finished, scheduled=true
2023-12-18 10:33:51.319 8481-8481/? D/BoundBrokerSvc: onBind: Intent { act=com.google.android.gms.herrevad.services.LightweightNetworkQualityAndroidService.START pkg=com.google.android.gms }
2023-12-18 10:33:51.319 8481-8481/? D/BoundBrokerSvc: Loading bound service for intent: Intent { act=com.google.android.gms.herrevad.services.LightweightNetworkQualityAndroidService.START pkg=com.google.android.gms }
2023-12-18 10:33:51.337 8481-8481/? I/Herrevad: [2] azac.a: updateListenState
2023-12-18 10:33:51.348 16205-16309/? W/System: ClassLoader referenced unknown path:
2023-12-18 10:33:51.349 16205-16309/? D/nativeloader: Configuring clns-6 for other apk . target_sdk_version=34, uses_libraries=, library_path=/data/app/~~Qc9Bf8ppKRZge4svHWkHJg==/com.google.android.gms-l9zSl5PTyBMaDGkl6JuGOQ==/lib/arm64:/data/app/~~Qc9Bf8ppKRZge4svHWkHJg==/com.google.android.gms-l9zSl5PTyBMaDGkl6JuGOQ==/base.apk!/lib/arm64-v8a, permitted_path=/data:/mnt/expand:/data/user/0/com.google.android.gms
2023-12-18 10:33:51.351 26459-25088/? I/PermissionControllerServiceImpl: Updating user sensitive for uid 12309
2023-12-18 10:33:51.386 1939-2058/? W/WindowMagnificationMgr: requestConnection duplicated request: connect=false, mConnectionState=DISCONNECTED
